[2025-02-27T06:26:57.223+0700][gc,init] CardTable entry size: 512
[2025-02-27T06:26:57.223+0700][gc     ] Using G1
[2025-02-27T06:26:57.224+0700][gc,init] Version: 21.0.6+7-LTS (release)
[2025-02-27T06:26:57.224+0700][gc,init] CPUs: 8 total, 8 available
[2025-02-27T06:26:57.224+0700][gc,init] Memory: 8192M
[2025-02-27T06:26:57.224+0700][gc,init] Large Page Support: Disabled
[2025-02-27T06:26:57.224+0700][gc,init] NUMA Support: Disabled
[2025-02-27T06:26:57.224+0700][gc,init] Compressed Oops: Enabled (Zero based)
[2025-02-27T06:26:57.224+0700][gc,init] Heap Region Size: 1M
[2025-02-27T06:26:57.224+0700][gc,init] Heap Min Capacity: 1G
[2025-02-27T06:26:57.224+0700][gc,init] Heap Initial Capacity: 1G
[2025-02-27T06:26:57.224+0700][gc,init] Heap Max Capacity: 1G
[2025-02-27T06:26:57.224+0700][gc,init] Pre-touch: Disabled
[2025-02-27T06:26:57.224+0700][gc,init] Parallel Workers: 8
[2025-02-27T06:26:57.224+0700][gc,init] Concurrent Workers: 2
[2025-02-27T06:26:57.224+0700][gc,init] Concurrent Refinement Workers: 8
[2025-02-27T06:26:57.224+0700][gc,init] Periodic GC: Disabled
[2025-02-27T06:26:57.228+0700][gc,metaspace] CDS archive(s) mapped at: [0x000000c800000000-0x000000c800cf0000-0x000000c800cf0000), size 13565952, SharedBaseAddress: 0x000000c800000000, ArchiveRelocationMode: 1.
[2025-02-27T06:26:57.228+0700][gc,metaspace] Compressed class space mapped at: 0x000000c801000000-0x000000c841000000, reserved size: 1073741824
[2025-02-27T06:26:57.228+0700][gc,metaspace] Narrow klass base: 0x000000c800000000, Narrow klass shift: 0, Narrow klass range: 0x100000000
[2025-02-27T06:26:57.762+0700][gc,start    ] GC(0) Pause Young (Normal) (G1 Evacuation Pause)
[2025-02-27T06:26:57.762+0700][gc,task     ] GC(0) Using 8 workers of 8 for evacuation
[2025-02-27T06:26:57.765+0700][gc,phases   ] GC(0)   Pre Evacuate Collection Set: 0.2ms
[2025-02-27T06:26:57.765+0700][gc,phases   ] GC(0)   Merge Heap Roots: 0.0ms
[2025-02-27T06:26:57.765+0700][gc,phases   ] GC(0)   Evacuate Collection Set: 2.3ms
[2025-02-27T06:26:57.765+0700][gc,phases   ] GC(0)   Post Evacuate Collection Set: 0.3ms
[2025-02-27T06:26:57.765+0700][gc,phases   ] GC(0)   Other: 0.2ms
[2025-02-27T06:26:57.765+0700][gc,heap     ] GC(0) Eden regions: 51->0(44)
[2025-02-27T06:26:57.765+0700][gc,heap     ] GC(0) Survivor regions: 0->7(7)
[2025-02-27T06:26:57.765+0700][gc,heap     ] GC(0) Old regions: 2->4
[2025-02-27T06:26:57.765+0700][gc,heap     ] GC(0) Humongous regions: 0->0
[2025-02-27T06:26:57.765+0700][gc,metaspace] GC(0) Metaspace: 16972K(17216K)->16972K(17216K) NonClass: 15024K(15168K)->15024K(15168K) Class: 1947K(2048K)->1947K(2048K)
[2025-02-27T06:26:57.765+0700][gc          ] GC(0) Pause Young (Normal) (G1 Evacuation Pause) 52M->9M(1024M) 3.356ms
[2025-02-27T06:26:57.765+0700][gc,cpu      ] GC(0) User=0.01s Sys=0.00s Real=0.00s
[2025-02-27T06:26:57.879+0700][gc,start    ] GC(1) Pause Young (Concurrent Start) (Metadata GC Threshold)
[2025-02-27T06:26:57.879+0700][gc,task     ] GC(1) Using 8 workers of 8 for evacuation
[2025-02-27T06:26:57.881+0700][gc,phases   ] GC(1)   Pre Evacuate Collection Set: 0.1ms
[2025-02-27T06:26:57.881+0700][gc,phases   ] GC(1)   Merge Heap Roots: 0.0ms
[2025-02-27T06:26:57.881+0700][gc,phases   ] GC(1)   Evacuate Collection Set: 1.6ms
[2025-02-27T06:26:57.881+0700][gc,phases   ] GC(1)   Post Evacuate Collection Set: 0.2ms
[2025-02-27T06:26:57.881+0700][gc,phases   ] GC(1)   Other: 0.0ms
[2025-02-27T06:26:57.881+0700][gc,heap     ] GC(1) Eden regions: 14->0(49)
[2025-02-27T06:26:57.881+0700][gc,heap     ] GC(1) Survivor regions: 7->2(7)
[2025-02-27T06:26:57.881+0700][gc,heap     ] GC(1) Old regions: 4->11
[2025-02-27T06:26:57.881+0700][gc,heap     ] GC(1) Humongous regions: 0->0
[2025-02-27T06:26:57.881+0700][gc,metaspace] GC(1) Metaspace: 21258K(21504K)->21258K(21504K) NonClass: 18846K(18944K)->18846K(18944K) Class: 2411K(2560K)->2411K(2560K)
[2025-02-27T06:26:57.881+0700][gc          ] GC(1) Pause Young (Concurrent Start) (Metadata GC Threshold) 23M->10M(1024M) 2.046ms
[2025-02-27T06:26:57.881+0700][gc          ] GC(2) Concurrent Mark Cycle
[2025-02-27T06:26:57.881+0700][gc,cpu      ] GC(1) User=0.01s Sys=0.00s Real=0.01s
[2025-02-27T06:26:57.881+0700][gc,marking  ] GC(2) Concurrent Scan Root Regions
[2025-02-27T06:26:57.882+0700][gc,marking  ] GC(2) Concurrent Scan Root Regions 1.088ms
[2025-02-27T06:26:57.882+0700][gc,marking  ] GC(2) Concurrent Mark
[2025-02-27T06:26:57.882+0700][gc,marking  ] GC(2) Concurrent Mark From Roots
[2025-02-27T06:26:57.882+0700][gc,task     ] GC(2) Using 2 workers of 2 for marking
[2025-02-27T06:26:57.883+0700][gc,marking  ] GC(2) Concurrent Mark From Roots 1.000ms
[2025-02-27T06:26:57.883+0700][gc,marking  ] GC(2) Concurrent Preclean
[2025-02-27T06:26:57.883+0700][gc,marking  ] GC(2) Concurrent Preclean 0.006ms
[2025-02-27T06:26:57.883+0700][gc,start    ] GC(2) Pause Remark
[2025-02-27T06:26:57.884+0700][gc          ] GC(2) Pause Remark 11M->11M(1024M) 0.950ms
[2025-02-27T06:26:57.884+0700][gc,cpu      ] GC(2) User=0.00s Sys=0.00s Real=0.00s
[2025-02-27T06:26:57.884+0700][gc,marking  ] GC(2) Concurrent Mark 2.012ms
[2025-02-27T06:26:57.884+0700][gc,marking  ] GC(2) Concurrent Rebuild Remembered Sets and Scrub Regions
[2025-02-27T06:26:57.885+0700][gc,marking  ] GC(2) Concurrent Rebuild Remembered Sets and Scrub Regions 1.157ms
[2025-02-27T06:26:57.885+0700][gc,start    ] GC(2) Pause Cleanup
[2025-02-27T06:26:57.885+0700][gc          ] GC(2) Pause Cleanup 11M->11M(1024M) 0.057ms
[2025-02-27T06:26:57.885+0700][gc,cpu      ] GC(2) User=0.00s Sys=0.01s Real=0.00s
[2025-02-27T06:26:57.885+0700][gc,marking  ] GC(2) Concurrent Clear Claimed Marks
[2025-02-27T06:26:57.885+0700][gc,marking  ] GC(2) Concurrent Clear Claimed Marks 0.008ms
[2025-02-27T06:26:57.885+0700][gc,marking  ] GC(2) Concurrent Cleanup for Next Mark
[2025-02-27T06:26:57.886+0700][gc,marking  ] GC(2) Concurrent Cleanup for Next Mark 0.970ms
[2025-02-27T06:26:57.886+0700][gc          ] GC(2) Concurrent Mark Cycle 5.391ms
[2025-02-27T06:26:58.211+0700][gc,start    ] GC(3) Pause Young (Prepare Mixed) (G1 Evacuation Pause)
[2025-02-27T06:26:58.211+0700][gc,task     ] GC(3) Using 8 workers of 8 for evacuation
[2025-02-27T06:26:58.213+0700][gc,phases   ] GC(3)   Pre Evacuate Collection Set: 0.1ms
[2025-02-27T06:26:58.213+0700][gc,phases   ] GC(3)   Merge Heap Roots: 0.0ms
[2025-02-27T06:26:58.213+0700][gc,phases   ] GC(3)   Evacuate Collection Set: 1.3ms
[2025-02-27T06:26:58.213+0700][gc,phases   ] GC(3)   Post Evacuate Collection Set: 0.2ms
[2025-02-27T06:26:58.213+0700][gc,phases   ] GC(3)   Other: 0.0ms
[2025-02-27T06:26:58.213+0700][gc,heap     ] GC(3) Eden regions: 49->0(46)
[2025-02-27T06:26:58.213+0700][gc,heap     ] GC(3) Survivor regions: 2->5(7)
[2025-02-27T06:26:58.213+0700][gc,heap     ] GC(3) Old regions: 11->11
[2025-02-27T06:26:58.213+0700][gc,heap     ] GC(3) Humongous regions: 1->1
[2025-02-27T06:26:58.213+0700][gc,metaspace] GC(3) Metaspace: 33120K(33472K)->33120K(33472K) NonClass: 29526K(29696K)->29526K(29696K) Class: 3593K(3776K)->3593K(3776K)
[2025-02-27T06:26:58.213+0700][gc          ] GC(3) Pause Young (Prepare Mixed) (G1 Evacuation Pause) 60M->14M(1024M) 1.809ms
[2025-02-27T06:26:58.213+0700][gc,cpu      ] GC(3) User=0.01s Sys=0.00s Real=0.00s
[2025-02-27T06:26:58.286+0700][gc,start    ] GC(4) Pause Young (Mixed) (GCLocker Initiated GC)
[2025-02-27T06:26:58.286+0700][gc,task     ] GC(4) Using 8 workers of 8 for evacuation
[2025-02-27T06:26:58.288+0700][gc,phases   ] GC(4)   Pre Evacuate Collection Set: 0.1ms
[2025-02-27T06:26:58.288+0700][gc,phases   ] GC(4)   Merge Heap Roots: 0.0ms
[2025-02-27T06:26:58.288+0700][gc,phases   ] GC(4)   Evacuate Collection Set: 1.4ms
[2025-02-27T06:26:58.288+0700][gc,phases   ] GC(4)   Post Evacuate Collection Set: 0.2ms
[2025-02-27T06:26:58.288+0700][gc,phases   ] GC(4)   Other: 0.0ms
[2025-02-27T06:26:58.288+0700][gc,heap     ] GC(4) Eden regions: 11->0(46)
[2025-02-27T06:26:58.288+0700][gc,heap     ] GC(4) Survivor regions: 5->5(7)
[2025-02-27T06:26:58.288+0700][gc,heap     ] GC(4) Old regions: 11->11
[2025-02-27T06:26:58.288+0700][gc,heap     ] GC(4) Humongous regions: 11->11
[2025-02-27T06:26:58.288+0700][gc,metaspace] GC(4) Metaspace: 35797K(36160K)->35797K(36160K) NonClass: 31878K(32064K)->31878K(32064K) Class: 3918K(4096K)->3918K(4096K)
[2025-02-27T06:26:58.288+0700][gc          ] GC(4) Pause Young (Mixed) (GCLocker Initiated GC) 35M->25M(1024M) 1.962ms
[2025-02-27T06:26:58.288+0700][gc,cpu      ] GC(4) User=0.01s Sys=0.00s Real=0.00s
[2025-02-27T06:26:58.295+0700][gc,start    ] GC(5) Pause Young (Concurrent Start) (Metadata GC Threshold)
[2025-02-27T06:26:58.295+0700][gc,task     ] GC(5) Using 8 workers of 8 for evacuation
[2025-02-27T06:26:58.296+0700][gc,phases   ] GC(5)   Pre Evacuate Collection Set: 0.1ms
[2025-02-27T06:26:58.296+0700][gc,phases   ] GC(5)   Merge Heap Roots: 0.0ms
[2025-02-27T06:26:58.296+0700][gc,phases   ] GC(5)   Evacuate Collection Set: 1.3ms
[2025-02-27T06:26:58.296+0700][gc,phases   ] GC(5)   Post Evacuate Collection Set: 0.1ms
[2025-02-27T06:26:58.296+0700][gc,phases   ] GC(5)   Other: 0.0ms
[2025-02-27T06:26:58.296+0700][gc,heap     ] GC(5) Eden regions: 2->0(50)
[2025-02-27T06:26:58.296+0700][gc,heap     ] GC(5) Survivor regions: 5->1(7)
[2025-02-27T06:26:58.296+0700][gc,heap     ] GC(5) Old regions: 11->14
[2025-02-27T06:26:58.296+0700][gc,heap     ] GC(5) Humongous regions: 12->12
[2025-02-27T06:26:58.296+0700][gc,metaspace] GC(5) Metaspace: 36136K(36416K)->36136K(36416K) NonClass: 32183K(32320K)->32183K(32320K) Class: 3952K(4096K)->3952K(4096K)
[2025-02-27T06:26:58.296+0700][gc          ] GC(5) Pause Young (Concurrent Start) (Metadata GC Threshold) 28M->26M(1024M) 1.692ms
[2025-02-27T06:26:58.296+0700][gc          ] GC(6) Concurrent Mark Cycle
[2025-02-27T06:26:58.296+0700][gc,cpu      ] GC(5) User=0.01s Sys=0.00s Real=0.00s
[2025-02-27T06:26:58.296+0700][gc,marking  ] GC(6) Concurrent Scan Root Regions
[2025-02-27T06:26:58.297+0700][gc,marking  ] GC(6) Concurrent Scan Root Regions 1.079ms
[2025-02-27T06:26:58.297+0700][gc,marking  ] GC(6) Concurrent Mark
[2025-02-27T06:26:58.297+0700][gc,marking  ] GC(6) Concurrent Mark From Roots
[2025-02-27T06:26:58.297+0700][gc,task     ] GC(6) Using 2 workers of 2 for marking
[2025-02-27T06:26:58.302+0700][gc,marking  ] GC(6) Concurrent Mark From Roots 4.838ms
[2025-02-27T06:26:58.302+0700][gc,marking  ] GC(6) Concurrent Preclean
[2025-02-27T06:26:58.302+0700][gc,marking  ] GC(6) Concurrent Preclean 0.034ms
[2025-02-27T06:26:58.302+0700][gc,start    ] GC(6) Pause Remark
[2025-02-27T06:26:58.303+0700][gc          ] GC(6) Pause Remark 29M->29M(1024M) 1.062ms
[2025-02-27T06:26:58.303+0700][gc,cpu      ] GC(6) User=0.01s Sys=0.00s Real=0.00s
[2025-02-27T06:26:58.304+0700][gc,marking  ] GC(6) Concurrent Mark 6.060ms
[2025-02-27T06:26:58.304+0700][gc,marking  ] GC(6) Concurrent Rebuild Remembered Sets and Scrub Regions
[2025-02-27T06:26:58.307+0700][gc,marking  ] GC(6) Concurrent Rebuild Remembered Sets and Scrub Regions 3.968ms
[2025-02-27T06:26:58.308+0700][gc,start    ] GC(6) Pause Cleanup
[2025-02-27T06:26:58.308+0700][gc          ] GC(6) Pause Cleanup 30M->30M(1024M) 0.080ms
[2025-02-27T06:26:58.308+0700][gc,cpu      ] GC(6) User=0.00s Sys=0.00s Real=0.00s
[2025-02-27T06:26:58.308+0700][gc,marking  ] GC(6) Concurrent Clear Claimed Marks
[2025-02-27T06:26:58.308+0700][gc,marking  ] GC(6) Concurrent Clear Claimed Marks 0.046ms
[2025-02-27T06:26:58.308+0700][gc,marking  ] GC(6) Concurrent Cleanup for Next Mark
[2025-02-27T06:26:58.309+0700][gc,marking  ] GC(6) Concurrent Cleanup for Next Mark 1.379ms
[2025-02-27T06:26:58.309+0700][gc          ] GC(6) Concurrent Mark Cycle 12.979ms
[2025-02-27T06:26:58.455+0700][gc,start    ] GC(7) Pause Young (Prepare Mixed) (G1 Evacuation Pause)
[2025-02-27T06:26:58.455+0700][gc,task     ] GC(7) Using 8 workers of 8 for evacuation
[2025-02-27T06:26:58.457+0700][gc,phases   ] GC(7)   Pre Evacuate Collection Set: 0.2ms
[2025-02-27T06:26:58.457+0700][gc,phases   ] GC(7)   Merge Heap Roots: 0.0ms
[2025-02-27T06:26:58.457+0700][gc,phases   ] GC(7)   Evacuate Collection Set: 1.6ms
[2025-02-27T06:26:58.457+0700][gc,phases   ] GC(7)   Post Evacuate Collection Set: 0.2ms
[2025-02-27T06:26:58.457+0700][gc,phases   ] GC(7)   Other: 0.0ms
[2025-02-27T06:26:58.457+0700][gc,heap     ] GC(7) Eden regions: 50->0(46)
[2025-02-27T06:26:58.457+0700][gc,heap     ] GC(7) Survivor regions: 1->5(7)
[2025-02-27T06:26:58.457+0700][gc,heap     ] GC(7) Old regions: 14->14
[2025-02-27T06:26:58.457+0700][gc,heap     ] GC(7) Humongous regions: 12->10
[2025-02-27T06:26:58.457+0700][gc,metaspace] GC(7) Metaspace: 42953K(43392K)->42953K(43392K) NonClass: 38310K(38592K)->38310K(38592K) Class: 4643K(4800K)->4643K(4800K)
[2025-02-27T06:26:58.457+0700][gc          ] GC(7) Pause Young (Prepare Mixed) (G1 Evacuation Pause) 76M->28M(1024M) 2.162ms
[2025-02-27T06:26:58.457+0700][gc,cpu      ] GC(7) User=0.01s Sys=0.00s Real=0.00s
[2025-02-27T06:27:50.167+0700][gc,heap,exit] Heap
[2025-02-27T06:27:50.167+0700][gc,heap,exit]  garbage-first heap   total 1048576K, used 225275K [0x00000007c0000000, 0x0000000800000000)
[2025-02-27T06:27:50.167+0700][gc,heap,exit]   region size 1024K, 50 young (51200K), 5 survivors (5120K)
[2025-02-27T06:27:50.167+0700][gc,heap,exit]  Metaspace       used 47003K, committed 47552K, reserved 1114112K
[2025-02-27T06:27:50.167+0700][gc,heap,exit]   class space    used 5291K, committed 5504K, reserved 1048576K
