[2025-02-27T07:14:16.653+0700][gc,init] CardTable entry size: 512
[2025-02-27T07:14:16.653+0700][gc     ] Using G1
[2025-02-27T07:14:16.654+0700][gc,init] Version: 21.0.6+7-LTS (release)
[2025-02-27T07:14:16.654+0700][gc,init] CPUs: 8 total, 8 available
[2025-02-27T07:14:16.654+0700][gc,init] Memory: 8192M
[2025-02-27T07:14:16.654+0700][gc,init] Large Page Support: Disabled
[2025-02-27T07:14:16.654+0700][gc,init] NUMA Support: Disabled
[2025-02-27T07:14:16.654+0700][gc,init] Compressed Oops: Enabled (Zero based)
[2025-02-27T07:14:16.654+0700][gc,init] Heap Region Size: 1M
[2025-02-27T07:14:16.654+0700][gc,init] Heap Min Capacity: 1G
[2025-02-27T07:14:16.654+0700][gc,init] Heap Initial Capacity: 1G
[2025-02-27T07:14:16.654+0700][gc,init] Heap Max Capacity: 1G
[2025-02-27T07:14:16.654+0700][gc,init] Pre-touch: Disabled
[2025-02-27T07:14:16.654+0700][gc,init] Parallel Workers: 8
[2025-02-27T07:14:16.654+0700][gc,init] Concurrent Workers: 2
[2025-02-27T07:14:16.654+0700][gc,init] Concurrent Refinement Workers: 8
[2025-02-27T07:14:16.654+0700][gc,init] Periodic GC: Disabled
[2025-02-27T07:14:16.658+0700][gc,metaspace] CDS archive(s) mapped at: [0x0000009800000000-0x0000009800cf0000-0x0000009800cf0000), size 13565952, SharedBaseAddress: 0x0000009800000000, ArchiveRelocationMode: 1.
[2025-02-27T07:14:16.658+0700][gc,metaspace] Compressed class space mapped at: 0x0000009801000000-0x0000009841000000, reserved size: 1073741824
[2025-02-27T07:14:16.658+0700][gc,metaspace] Narrow klass base: 0x0000009800000000, Narrow klass shift: 0, Narrow klass range: 0x100000000
[2025-02-27T07:14:17.115+0700][gc,start    ] GC(0) Pause Young (Normal) (G1 Evacuation Pause)
[2025-02-27T07:14:17.116+0700][gc,task     ] GC(0) Using 8 workers of 8 for evacuation
[2025-02-27T07:14:17.118+0700][gc,phases   ] GC(0)   Pre Evacuate Collection Set: 0.1ms
[2025-02-27T07:14:17.118+0700][gc,phases   ] GC(0)   Merge Heap Roots: 0.0ms
[2025-02-27T07:14:17.118+0700][gc,phases   ] GC(0)   Evacuate Collection Set: 2.2ms
[2025-02-27T07:14:17.118+0700][gc,phases   ] GC(0)   Post Evacuate Collection Set: 0.2ms
[2025-02-27T07:14:17.118+0700][gc,phases   ] GC(0)   Other: 0.2ms
[2025-02-27T07:14:17.118+0700][gc,heap     ] GC(0) Eden regions: 51->0(44)
[2025-02-27T07:14:17.118+0700][gc,heap     ] GC(0) Survivor regions: 0->7(7)
[2025-02-27T07:14:17.118+0700][gc,heap     ] GC(0) Old regions: 2->4
[2025-02-27T07:14:17.118+0700][gc,heap     ] GC(0) Humongous regions: 0->0
[2025-02-27T07:14:17.118+0700][gc,metaspace] GC(0) Metaspace: 17052K(17344K)->17052K(17344K) NonClass: 15082K(15232K)->15082K(15232K) Class: 1970K(2112K)->1970K(2112K)
[2025-02-27T07:14:17.118+0700][gc          ] GC(0) Pause Young (Normal) (G1 Evacuation Pause) 52M->9M(1024M) 2.893ms
[2025-02-27T07:14:17.118+0700][gc,cpu      ] GC(0) User=0.01s Sys=0.00s Real=0.00s
[2025-02-27T07:14:17.212+0700][gc,start    ] GC(1) Pause Young (Concurrent Start) (Metadata GC Threshold)
[2025-02-27T07:14:17.213+0700][gc,task     ] GC(1) Using 8 workers of 8 for evacuation
[2025-02-27T07:14:17.215+0700][gc,phases   ] GC(1)   Pre Evacuate Collection Set: 0.1ms
[2025-02-27T07:14:17.215+0700][gc,phases   ] GC(1)   Merge Heap Roots: 0.0ms
[2025-02-27T07:14:17.215+0700][gc,phases   ] GC(1)   Evacuate Collection Set: 1.7ms
[2025-02-27T07:14:17.215+0700][gc,phases   ] GC(1)   Post Evacuate Collection Set: 0.2ms
[2025-02-27T07:14:17.215+0700][gc,phases   ] GC(1)   Other: 0.0ms
[2025-02-27T07:14:17.215+0700][gc,heap     ] GC(1) Eden regions: 14->0(49)
[2025-02-27T07:14:17.215+0700][gc,heap     ] GC(1) Survivor regions: 7->2(7)
[2025-02-27T07:14:17.215+0700][gc,heap     ] GC(1) Old regions: 4->11
[2025-02-27T07:14:17.215+0700][gc,heap     ] GC(1) Humongous regions: 0->0
[2025-02-27T07:14:17.215+0700][gc,metaspace] GC(1) Metaspace: 21314K(21504K)->21314K(21504K) NonClass: 18901K(19008K)->18901K(19008K) Class: 2412K(2496K)->2412K(2496K)
[2025-02-27T07:14:17.215+0700][gc          ] GC(1) Pause Young (Concurrent Start) (Metadata GC Threshold) 23M->10M(1024M) 2.170ms
[2025-02-27T07:14:17.215+0700][gc          ] GC(2) Concurrent Mark Cycle
[2025-02-27T07:14:17.215+0700][gc,cpu      ] GC(1) User=0.01s Sys=0.00s Real=0.00s
[2025-02-27T07:14:17.215+0700][gc,marking  ] GC(2) Concurrent Scan Root Regions
[2025-02-27T07:14:17.216+0700][gc,marking  ] GC(2) Concurrent Scan Root Regions 1.120ms
[2025-02-27T07:14:17.216+0700][gc,marking  ] GC(2) Concurrent Mark
[2025-02-27T07:14:17.216+0700][gc,marking  ] GC(2) Concurrent Mark From Roots
[2025-02-27T07:14:17.216+0700][gc,task     ] GC(2) Using 2 workers of 2 for marking
[2025-02-27T07:14:17.217+0700][gc,marking  ] GC(2) Concurrent Mark From Roots 1.006ms
[2025-02-27T07:14:17.217+0700][gc,marking  ] GC(2) Concurrent Preclean
[2025-02-27T07:14:17.217+0700][gc,marking  ] GC(2) Concurrent Preclean 0.005ms
[2025-02-27T07:14:17.217+0700][gc,start    ] GC(2) Pause Remark
[2025-02-27T07:14:17.218+0700][gc          ] GC(2) Pause Remark 11M->11M(1024M) 0.963ms
[2025-02-27T07:14:17.218+0700][gc,cpu      ] GC(2) User=0.00s Sys=0.00s Real=0.00s
[2025-02-27T07:14:17.218+0700][gc,marking  ] GC(2) Concurrent Mark 2.057ms
[2025-02-27T07:14:17.218+0700][gc,marking  ] GC(2) Concurrent Rebuild Remembered Sets and Scrub Regions
[2025-02-27T07:14:17.219+0700][gc,marking  ] GC(2) Concurrent Rebuild Remembered Sets and Scrub Regions 1.165ms
[2025-02-27T07:14:17.219+0700][gc,start    ] GC(2) Pause Cleanup
[2025-02-27T07:14:17.219+0700][gc          ] GC(2) Pause Cleanup 11M->11M(1024M) 0.069ms
[2025-02-27T07:14:17.219+0700][gc,cpu      ] GC(2) User=0.00s Sys=0.00s Real=0.00s
[2025-02-27T07:14:17.219+0700][gc,marking  ] GC(2) Concurrent Clear Claimed Marks
[2025-02-27T07:14:17.219+0700][gc,marking  ] GC(2) Concurrent Clear Claimed Marks 0.009ms
[2025-02-27T07:14:17.219+0700][gc,marking  ] GC(2) Concurrent Cleanup for Next Mark
[2025-02-27T07:14:17.220+0700][gc,marking  ] GC(2) Concurrent Cleanup for Next Mark 1.039ms
[2025-02-27T07:14:17.220+0700][gc          ] GC(2) Concurrent Mark Cycle 5.571ms
[2025-02-27T07:14:17.523+0700][gc,start    ] GC(3) Pause Young (Prepare Mixed) (G1 Evacuation Pause)
[2025-02-27T07:14:17.523+0700][gc,task     ] GC(3) Using 8 workers of 8 for evacuation
[2025-02-27T07:14:17.525+0700][gc,phases   ] GC(3)   Pre Evacuate Collection Set: 0.1ms
[2025-02-27T07:14:17.525+0700][gc,phases   ] GC(3)   Merge Heap Roots: 0.0ms
[2025-02-27T07:14:17.525+0700][gc,phases   ] GC(3)   Evacuate Collection Set: 1.4ms
[2025-02-27T07:14:17.525+0700][gc,phases   ] GC(3)   Post Evacuate Collection Set: 0.2ms
[2025-02-27T07:14:17.525+0700][gc,phases   ] GC(3)   Other: 0.0ms
[2025-02-27T07:14:17.525+0700][gc,heap     ] GC(3) Eden regions: 49->0(46)
[2025-02-27T07:14:17.525+0700][gc,heap     ] GC(3) Survivor regions: 2->5(7)
[2025-02-27T07:14:17.525+0700][gc,heap     ] GC(3) Old regions: 11->11
[2025-02-27T07:14:17.525+0700][gc,heap     ] GC(3) Humongous regions: 1->1
[2025-02-27T07:14:17.525+0700][gc,metaspace] GC(3) Metaspace: 32727K(33088K)->32727K(33088K) NonClass: 29179K(29376K)->29179K(29376K) Class: 3548K(3712K)->3548K(3712K)
[2025-02-27T07:14:17.525+0700][gc          ] GC(3) Pause Young (Prepare Mixed) (G1 Evacuation Pause) 60M->14M(1024M) 1.848ms
[2025-02-27T07:14:17.525+0700][gc,cpu      ] GC(3) User=0.01s Sys=0.00s Real=0.00s
[2025-02-27T07:14:17.599+0700][gc,start    ] GC(4) Pause Young (Mixed) (GCLocker Initiated GC)
[2025-02-27T07:14:17.599+0700][gc,task     ] GC(4) Using 8 workers of 8 for evacuation
[2025-02-27T07:14:17.601+0700][gc,phases   ] GC(4)   Pre Evacuate Collection Set: 0.1ms
[2025-02-27T07:14:17.601+0700][gc,phases   ] GC(4)   Merge Heap Roots: 0.0ms
[2025-02-27T07:14:17.601+0700][gc,phases   ] GC(4)   Evacuate Collection Set: 1.6ms
[2025-02-27T07:14:17.601+0700][gc,phases   ] GC(4)   Post Evacuate Collection Set: 0.2ms
[2025-02-27T07:14:17.601+0700][gc,phases   ] GC(4)   Other: 0.0ms
[2025-02-27T07:14:17.601+0700][gc,heap     ] GC(4) Eden regions: 13->0(46)
[2025-02-27T07:14:17.601+0700][gc,heap     ] GC(4) Survivor regions: 5->5(7)
[2025-02-27T07:14:17.601+0700][gc,heap     ] GC(4) Old regions: 11->11
[2025-02-27T07:14:17.601+0700][gc,heap     ] GC(4) Humongous regions: 11->11
[2025-02-27T07:14:17.601+0700][gc,metaspace] GC(4) Metaspace: 35828K(36224K)->35828K(36224K) NonClass: 31907K(32128K)->31907K(32128K) Class: 3920K(4096K)->3920K(4096K)
[2025-02-27T07:14:17.602+0700][gc          ] GC(4) Pause Young (Mixed) (GCLocker Initiated GC) 37M->25M(1024M) 2.065ms
[2025-02-27T07:14:17.602+0700][gc,cpu      ] GC(4) User=0.01s Sys=0.00s Real=0.01s
[2025-02-27T07:14:17.609+0700][gc,start    ] GC(5) Pause Young (Concurrent Start) (Metadata GC Threshold)
[2025-02-27T07:14:17.609+0700][gc,task     ] GC(5) Using 8 workers of 8 for evacuation
[2025-02-27T07:14:17.610+0700][gc,phases   ] GC(5)   Pre Evacuate Collection Set: 0.1ms
[2025-02-27T07:14:17.610+0700][gc,phases   ] GC(5)   Merge Heap Roots: 0.0ms
[2025-02-27T07:14:17.610+0700][gc,phases   ] GC(5)   Evacuate Collection Set: 1.4ms
[2025-02-27T07:14:17.610+0700][gc,phases   ] GC(5)   Post Evacuate Collection Set: 0.1ms
[2025-02-27T07:14:17.610+0700][gc,phases   ] GC(5)   Other: 0.0ms
[2025-02-27T07:14:17.610+0700][gc,heap     ] GC(5) Eden regions: 3->0(50)
[2025-02-27T07:14:17.610+0700][gc,heap     ] GC(5) Survivor regions: 5->1(7)
[2025-02-27T07:14:17.610+0700][gc,heap     ] GC(5) Old regions: 11->14
[2025-02-27T07:14:17.610+0700][gc,heap     ] GC(5) Humongous regions: 12->12
[2025-02-27T07:14:17.610+0700][gc,metaspace] GC(5) Metaspace: 36205K(36480K)->36205K(36480K) NonClass: 32244K(32384K)->32244K(32384K) Class: 3961K(4096K)->3961K(4096K)
[2025-02-27T07:14:17.610+0700][gc          ] GC(5) Pause Young (Concurrent Start) (Metadata GC Threshold) 29M->26M(1024M) 1.869ms
[2025-02-27T07:14:17.610+0700][gc          ] GC(6) Concurrent Mark Cycle
[2025-02-27T07:14:17.610+0700][gc,cpu      ] GC(5) User=0.01s Sys=0.00s Real=0.01s
[2025-02-27T07:14:17.610+0700][gc,marking  ] GC(6) Concurrent Scan Root Regions
[2025-02-27T07:14:17.612+0700][gc,marking  ] GC(6) Concurrent Scan Root Regions 1.030ms
[2025-02-27T07:14:17.612+0700][gc,marking  ] GC(6) Concurrent Mark
[2025-02-27T07:14:17.612+0700][gc,marking  ] GC(6) Concurrent Mark From Roots
[2025-02-27T07:14:17.612+0700][gc,task     ] GC(6) Using 2 workers of 2 for marking
[2025-02-27T07:14:17.616+0700][gc,marking  ] GC(6) Concurrent Mark From Roots 4.627ms
[2025-02-27T07:14:17.616+0700][gc,marking  ] GC(6) Concurrent Preclean
[2025-02-27T07:14:17.616+0700][gc,marking  ] GC(6) Concurrent Preclean 0.028ms
[2025-02-27T07:14:17.617+0700][gc,start    ] GC(6) Pause Remark
[2025-02-27T07:14:17.618+0700][gc          ] GC(6) Pause Remark 29M->29M(1024M) 0.970ms
[2025-02-27T07:14:17.618+0700][gc,cpu      ] GC(6) User=0.00s Sys=0.00s Real=0.00s
[2025-02-27T07:14:17.618+0700][gc,marking  ] GC(6) Concurrent Mark 6.420ms
[2025-02-27T07:14:17.618+0700][gc,marking  ] GC(6) Concurrent Rebuild Remembered Sets and Scrub Regions
[2025-02-27T07:14:17.624+0700][gc,marking  ] GC(6) Concurrent Rebuild Remembered Sets and Scrub Regions 6.208ms
[2025-02-27T07:14:17.624+0700][gc,start    ] GC(6) Pause Cleanup
[2025-02-27T07:14:17.624+0700][gc          ] GC(6) Pause Cleanup 31M->31M(1024M) 0.082ms
[2025-02-27T07:14:17.624+0700][gc,cpu      ] GC(6) User=0.00s Sys=0.00s Real=0.00s
[2025-02-27T07:14:17.624+0700][gc,marking  ] GC(6) Concurrent Clear Claimed Marks
[2025-02-27T07:14:17.624+0700][gc,marking  ] GC(6) Concurrent Clear Claimed Marks 0.018ms
[2025-02-27T07:14:17.624+0700][gc,marking  ] GC(6) Concurrent Cleanup for Next Mark
[2025-02-27T07:14:17.626+0700][gc,marking  ] GC(6) Concurrent Cleanup for Next Mark 1.181ms
[2025-02-27T07:14:17.626+0700][gc          ] GC(6) Concurrent Mark Cycle 15.200ms
[2025-02-27T07:14:17.755+0700][gc,start    ] GC(7) Pause Young (Prepare Mixed) (G1 Evacuation Pause)
[2025-02-27T07:14:17.755+0700][gc,task     ] GC(7) Using 8 workers of 8 for evacuation
[2025-02-27T07:14:17.758+0700][gc,phases   ] GC(7)   Pre Evacuate Collection Set: 0.2ms
[2025-02-27T07:14:17.758+0700][gc,phases   ] GC(7)   Merge Heap Roots: 0.0ms
[2025-02-27T07:14:17.758+0700][gc,phases   ] GC(7)   Evacuate Collection Set: 1.8ms
[2025-02-27T07:14:17.758+0700][gc,phases   ] GC(7)   Post Evacuate Collection Set: 0.2ms
[2025-02-27T07:14:17.758+0700][gc,phases   ] GC(7)   Other: 0.0ms
[2025-02-27T07:14:17.758+0700][gc,heap     ] GC(7) Eden regions: 50->0(46)
[2025-02-27T07:14:17.758+0700][gc,heap     ] GC(7) Survivor regions: 1->5(7)
[2025-02-27T07:14:17.758+0700][gc,heap     ] GC(7) Old regions: 14->14
[2025-02-27T07:14:17.758+0700][gc,heap     ] GC(7) Humongous regions: 12->10
[2025-02-27T07:14:17.758+0700][gc,metaspace] GC(7) Metaspace: 42613K(43008K)->42613K(43008K) NonClass: 38026K(38208K)->38026K(38208K) Class: 4587K(4800K)->4587K(4800K)
[2025-02-27T07:14:17.758+0700][gc          ] GC(7) Pause Young (Prepare Mixed) (G1 Evacuation Pause) 76M->28M(1024M) 2.346ms
[2025-02-27T07:14:17.758+0700][gc,cpu      ] GC(7) User=0.01s Sys=0.00s Real=0.00s
[2025-02-27T07:14:20.361+0700][gc,heap,exit] Heap
[2025-02-27T07:14:20.361+0700][gc,heap,exit]  garbage-first heap   total 1048576K, used 221761K [0x00000007c0000000, 0x0000000800000000)
[2025-02-27T07:14:20.361+0700][gc,heap,exit]   region size 1024K, 46 young (47104K), 5 survivors (5120K)
[2025-02-27T07:14:20.361+0700][gc,heap,exit]  Metaspace       used 46471K, committed 46976K, reserved 1114112K
[2025-02-27T07:14:20.361+0700][gc,heap,exit]   class space    used 5256K, committed 5504K, reserved 1048576K
