[2025-02-27T06:48:10.407+0700][gc,init] CardTable entry size: 512
[2025-02-27T06:48:10.407+0700][gc     ] Using G1
[2025-02-27T06:48:10.408+0700][gc,init] Version: 21.0.6+7-LTS (release)
[2025-02-27T06:48:10.408+0700][gc,init] CPUs: 8 total, 8 available
[2025-02-27T06:48:10.408+0700][gc,init] Memory: 8192M
[2025-02-27T06:48:10.408+0700][gc,init] Large Page Support: Disabled
[2025-02-27T06:48:10.408+0700][gc,init] NUMA Support: Disabled
[2025-02-27T06:48:10.408+0700][gc,init] Compressed Oops: Enabled (Zero based)
[2025-02-27T06:48:10.408+0700][gc,init] Heap Region Size: 1M
[2025-02-27T06:48:10.408+0700][gc,init] Heap Min Capacity: 1G
[2025-02-27T06:48:10.408+0700][gc,init] Heap Initial Capacity: 1G
[2025-02-27T06:48:10.408+0700][gc,init] Heap Max Capacity: 1G
[2025-02-27T06:48:10.408+0700][gc,init] Pre-touch: Disabled
[2025-02-27T06:48:10.408+0700][gc,init] Parallel Workers: 8
[2025-02-27T06:48:10.408+0700][gc,init] Concurrent Workers: 2
[2025-02-27T06:48:10.408+0700][gc,init] Concurrent Refinement Workers: 8
[2025-02-27T06:48:10.409+0700][gc,init] Periodic GC: Disabled
[2025-02-27T06:48:10.412+0700][gc,metaspace] CDS archive(s) mapped at: [0x0000007000000000-0x0000007000cf0000-0x0000007000cf0000), size 13565952, SharedBaseAddress: 0x0000007000000000, ArchiveRelocationMode: 1.
[2025-02-27T06:48:10.412+0700][gc,metaspace] Compressed class space mapped at: 0x0000007001000000-0x0000007041000000, reserved size: 1073741824
[2025-02-27T06:48:10.412+0700][gc,metaspace] Narrow klass base: 0x0000007000000000, Narrow klass shift: 0, Narrow klass range: 0x100000000
[2025-02-27T06:48:10.977+0700][gc,start    ] GC(0) Pause Young (Normal) (G1 Evacuation Pause)
[2025-02-27T06:48:10.977+0700][gc,task     ] GC(0) Using 8 workers of 8 for evacuation
[2025-02-27T06:48:10.979+0700][gc,phases   ] GC(0)   Pre Evacuate Collection Set: 0.3ms
[2025-02-27T06:48:10.979+0700][gc,phases   ] GC(0)   Merge Heap Roots: 0.0ms
[2025-02-27T06:48:10.979+0700][gc,phases   ] GC(0)   Evacuate Collection Set: 2.0ms
[2025-02-27T06:48:10.979+0700][gc,phases   ] GC(0)   Post Evacuate Collection Set: 0.2ms
[2025-02-27T06:48:10.979+0700][gc,phases   ] GC(0)   Other: 0.2ms
[2025-02-27T06:48:10.979+0700][gc,heap     ] GC(0) Eden regions: 51->0(44)
[2025-02-27T06:48:10.979+0700][gc,heap     ] GC(0) Survivor regions: 0->7(7)
[2025-02-27T06:48:10.979+0700][gc,heap     ] GC(0) Old regions: 2->4
[2025-02-27T06:48:10.979+0700][gc,heap     ] GC(0) Humongous regions: 0->0
[2025-02-27T06:48:10.979+0700][gc,metaspace] GC(0) Metaspace: 17032K(17344K)->17032K(17344K) NonClass: 15073K(15232K)->15073K(15232K) Class: 1958K(2112K)->1958K(2112K)
[2025-02-27T06:48:10.980+0700][gc          ] GC(0) Pause Young (Normal) (G1 Evacuation Pause) 52M->9M(1024M) 3.047ms
[2025-02-27T06:48:10.980+0700][gc,cpu      ] GC(0) User=0.01s Sys=0.00s Real=0.01s
[2025-02-27T06:48:11.089+0700][gc,start    ] GC(1) Pause Young (Concurrent Start) (Metadata GC Threshold)
[2025-02-27T06:48:11.089+0700][gc,task     ] GC(1) Using 8 workers of 8 for evacuation
[2025-02-27T06:48:11.092+0700][gc,phases   ] GC(1)   Pre Evacuate Collection Set: 0.1ms
[2025-02-27T06:48:11.092+0700][gc,phases   ] GC(1)   Merge Heap Roots: 0.0ms
[2025-02-27T06:48:11.092+0700][gc,phases   ] GC(1)   Evacuate Collection Set: 2.0ms
[2025-02-27T06:48:11.092+0700][gc,phases   ] GC(1)   Post Evacuate Collection Set: 0.2ms
[2025-02-27T06:48:11.092+0700][gc,phases   ] GC(1)   Other: 0.0ms
[2025-02-27T06:48:11.092+0700][gc,heap     ] GC(1) Eden regions: 14->0(49)
[2025-02-27T06:48:11.092+0700][gc,heap     ] GC(1) Survivor regions: 7->2(7)
[2025-02-27T06:48:11.092+0700][gc,heap     ] GC(1) Old regions: 4->11
[2025-02-27T06:48:11.092+0700][gc,heap     ] GC(1) Humongous regions: 0->0
[2025-02-27T06:48:11.092+0700][gc,metaspace] GC(1) Metaspace: 21249K(21504K)->21249K(21504K) NonClass: 18837K(18944K)->18837K(18944K) Class: 2411K(2560K)->2411K(2560K)
[2025-02-27T06:48:11.092+0700][gc          ] GC(1) Pause Young (Concurrent Start) (Metadata GC Threshold) 22M->10M(1024M) 2.550ms
[2025-02-27T06:48:11.092+0700][gc,cpu      ] GC(1) User=0.01s Sys=0.00s Real=0.01s
[2025-02-27T06:48:11.092+0700][gc          ] GC(2) Concurrent Mark Cycle
[2025-02-27T06:48:11.092+0700][gc,marking  ] GC(2) Concurrent Scan Root Regions
[2025-02-27T06:48:11.093+0700][gc,marking  ] GC(2) Concurrent Scan Root Regions 1.685ms
[2025-02-27T06:48:11.093+0700][gc,marking  ] GC(2) Concurrent Mark
[2025-02-27T06:48:11.094+0700][gc,marking  ] GC(2) Concurrent Mark From Roots
[2025-02-27T06:48:11.094+0700][gc,task     ] GC(2) Using 2 workers of 2 for marking
[2025-02-27T06:48:11.094+0700][gc,marking  ] GC(2) Concurrent Mark From Roots 0.912ms
[2025-02-27T06:48:11.094+0700][gc,marking  ] GC(2) Concurrent Preclean
[2025-02-27T06:48:11.094+0700][gc,marking  ] GC(2) Concurrent Preclean 0.006ms
[2025-02-27T06:48:11.095+0700][gc,start    ] GC(2) Pause Remark
[2025-02-27T06:48:11.096+0700][gc          ] GC(2) Pause Remark 11M->11M(1024M) 1.291ms
[2025-02-27T06:48:11.096+0700][gc,cpu      ] GC(2) User=0.00s Sys=0.00s Real=0.00s
[2025-02-27T06:48:11.096+0700][gc,marking  ] GC(2) Concurrent Mark 2.389ms
[2025-02-27T06:48:11.096+0700][gc,marking  ] GC(2) Concurrent Rebuild Remembered Sets and Scrub Regions
[2025-02-27T06:48:11.097+0700][gc,marking  ] GC(2) Concurrent Rebuild Remembered Sets and Scrub Regions 1.592ms
[2025-02-27T06:48:11.098+0700][gc,start    ] GC(2) Pause Cleanup
[2025-02-27T06:48:11.098+0700][gc          ] GC(2) Pause Cleanup 11M->11M(1024M) 0.087ms
[2025-02-27T06:48:11.098+0700][gc,cpu      ] GC(2) User=0.00s Sys=0.00s Real=0.00s
[2025-02-27T06:48:11.098+0700][gc,marking  ] GC(2) Concurrent Clear Claimed Marks
[2025-02-27T06:48:11.098+0700][gc,marking  ] GC(2) Concurrent Clear Claimed Marks 0.015ms
[2025-02-27T06:48:11.098+0700][gc,marking  ] GC(2) Concurrent Cleanup for Next Mark
[2025-02-27T06:48:11.099+0700][gc,marking  ] GC(2) Concurrent Cleanup for Next Mark 1.145ms
[2025-02-27T06:48:11.099+0700][gc          ] GC(2) Concurrent Mark Cycle 7.120ms
[2025-02-27T06:48:11.432+0700][gc,start    ] GC(3) Pause Young (Prepare Mixed) (G1 Evacuation Pause)
[2025-02-27T06:48:11.432+0700][gc,task     ] GC(3) Using 8 workers of 8 for evacuation
[2025-02-27T06:48:11.434+0700][gc,phases   ] GC(3)   Pre Evacuate Collection Set: 0.1ms
[2025-02-27T06:48:11.434+0700][gc,phases   ] GC(3)   Merge Heap Roots: 0.0ms
[2025-02-27T06:48:11.434+0700][gc,phases   ] GC(3)   Evacuate Collection Set: 1.6ms
[2025-02-27T06:48:11.434+0700][gc,phases   ] GC(3)   Post Evacuate Collection Set: 0.2ms
[2025-02-27T06:48:11.434+0700][gc,phases   ] GC(3)   Other: 0.0ms
[2025-02-27T06:48:11.434+0700][gc,heap     ] GC(3) Eden regions: 49->0(46)
[2025-02-27T06:48:11.434+0700][gc,heap     ] GC(3) Survivor regions: 2->5(7)
[2025-02-27T06:48:11.434+0700][gc,heap     ] GC(3) Old regions: 11->11
[2025-02-27T06:48:11.434+0700][gc,heap     ] GC(3) Humongous regions: 1->1
[2025-02-27T06:48:11.434+0700][gc,metaspace] GC(3) Metaspace: 33058K(33408K)->33058K(33408K) NonClass: 29473K(29632K)->29473K(29632K) Class: 3584K(3776K)->3584K(3776K)
[2025-02-27T06:48:11.434+0700][gc          ] GC(3) Pause Young (Prepare Mixed) (G1 Evacuation Pause) 60M->14M(1024M) 2.086ms
[2025-02-27T06:48:11.434+0700][gc,cpu      ] GC(3) User=0.01s Sys=0.00s Real=0.00s
[2025-02-27T06:48:11.507+0700][gc,start    ] GC(4) Pause Young (Mixed) (Metadata GC Threshold)
[2025-02-27T06:48:11.507+0700][gc,task     ] GC(4) Using 8 workers of 8 for evacuation
[2025-02-27T06:48:11.509+0700][gc,phases   ] GC(4)   Pre Evacuate Collection Set: 0.1ms
[2025-02-27T06:48:11.509+0700][gc,phases   ] GC(4)   Merge Heap Roots: 0.0ms
[2025-02-27T06:48:11.509+0700][gc,phases   ] GC(4)   Evacuate Collection Set: 1.3ms
[2025-02-27T06:48:11.509+0700][gc,phases   ] GC(4)   Post Evacuate Collection Set: 0.1ms
[2025-02-27T06:48:11.509+0700][gc,phases   ] GC(4)   Other: 0.0ms
[2025-02-27T06:48:11.509+0700][gc,heap     ] GC(4) Eden regions: 11->0(46)
[2025-02-27T06:48:11.509+0700][gc,heap     ] GC(4) Survivor regions: 5->5(7)
[2025-02-27T06:48:11.509+0700][gc,heap     ] GC(4) Old regions: 11->11
[2025-02-27T06:48:11.509+0700][gc,heap     ] GC(4) Humongous regions: 11->11
[2025-02-27T06:48:11.509+0700][gc,metaspace] GC(4) Metaspace: 35724K(36096K)->35724K(36096K) NonClass: 31809K(32000K)->31809K(32000K) Class: 3915K(4096K)->3915K(4096K)
[2025-02-27T06:48:11.509+0700][gc          ] GC(4) Pause Young (Mixed) (Metadata GC Threshold) 35M->25M(1024M) 1.824ms
[2025-02-27T06:48:11.509+0700][gc,cpu      ] GC(4) User=0.01s Sys=0.01s Real=0.00s
[2025-02-27T06:48:11.516+0700][gc,start    ] GC(5) Pause Young (Concurrent Start) (GCLocker Initiated GC)
[2025-02-27T06:48:11.516+0700][gc,task     ] GC(5) Using 8 workers of 8 for evacuation
[2025-02-27T06:48:11.518+0700][gc,phases   ] GC(5)   Pre Evacuate Collection Set: 0.1ms
[2025-02-27T06:48:11.518+0700][gc,phases   ] GC(5)   Merge Heap Roots: 0.0ms
[2025-02-27T06:48:11.518+0700][gc,phases   ] GC(5)   Evacuate Collection Set: 1.3ms
[2025-02-27T06:48:11.518+0700][gc,phases   ] GC(5)   Post Evacuate Collection Set: 0.1ms
[2025-02-27T06:48:11.518+0700][gc,phases   ] GC(5)   Other: 0.0ms
[2025-02-27T06:48:11.518+0700][gc,heap     ] GC(5) Eden regions: 3->0(50)
[2025-02-27T06:48:11.518+0700][gc,heap     ] GC(5) Survivor regions: 5->1(7)
[2025-02-27T06:48:11.518+0700][gc,heap     ] GC(5) Old regions: 11->14
[2025-02-27T06:48:11.518+0700][gc,heap     ] GC(5) Humongous regions: 12->12
[2025-02-27T06:48:11.518+0700][gc,metaspace] GC(5) Metaspace: 36144K(36480K)->36144K(36480K) NonClass: 32190K(32384K)->32190K(32384K) Class: 3954K(4096K)->3954K(4096K)
[2025-02-27T06:48:11.518+0700][gc          ] GC(5) Pause Young (Concurrent Start) (GCLocker Initiated GC) 28M->26M(1024M) 1.731ms
[2025-02-27T06:48:11.518+0700][gc          ] GC(6) Concurrent Mark Cycle
[2025-02-27T06:48:11.518+0700][gc,cpu      ] GC(5) User=0.01s Sys=0.00s Real=0.00s
[2025-02-27T06:48:11.518+0700][gc,marking  ] GC(6) Concurrent Scan Root Regions
[2025-02-27T06:48:11.520+0700][gc,marking  ] GC(6) Concurrent Scan Root Regions 1.593ms
[2025-02-27T06:48:11.520+0700][gc,marking  ] GC(6) Concurrent Mark
[2025-02-27T06:48:11.520+0700][gc,marking  ] GC(6) Concurrent Mark From Roots
[2025-02-27T06:48:11.520+0700][gc,task     ] GC(6) Using 2 workers of 2 for marking
[2025-02-27T06:48:11.525+0700][gc,marking  ] GC(6) Concurrent Mark From Roots 5.145ms
[2025-02-27T06:48:11.525+0700][gc,marking  ] GC(6) Concurrent Preclean
[2025-02-27T06:48:11.525+0700][gc,marking  ] GC(6) Concurrent Preclean 0.052ms
[2025-02-27T06:48:11.526+0700][gc,start    ] GC(6) Pause Remark
[2025-02-27T06:48:11.527+0700][gc          ] GC(6) Pause Remark 29M->29M(1024M) 1.069ms
[2025-02-27T06:48:11.527+0700][gc,cpu      ] GC(6) User=0.00s Sys=0.00s Real=0.00s
[2025-02-27T06:48:11.527+0700][gc,marking  ] GC(6) Concurrent Mark 6.883ms
[2025-02-27T06:48:11.527+0700][gc,marking  ] GC(6) Concurrent Rebuild Remembered Sets and Scrub Regions
[2025-02-27T06:48:11.531+0700][gc,marking  ] GC(6) Concurrent Rebuild Remembered Sets and Scrub Regions 4.515ms
[2025-02-27T06:48:11.531+0700][gc,start    ] GC(6) Pause Cleanup
[2025-02-27T06:48:11.531+0700][gc          ] GC(6) Pause Cleanup 30M->30M(1024M) 0.063ms
[2025-02-27T06:48:11.531+0700][gc,cpu      ] GC(6) User=0.00s Sys=0.00s Real=0.00s
[2025-02-27T06:48:11.531+0700][gc,marking  ] GC(6) Concurrent Clear Claimed Marks
[2025-02-27T06:48:11.531+0700][gc,marking  ] GC(6) Concurrent Clear Claimed Marks 0.059ms
[2025-02-27T06:48:11.531+0700][gc,marking  ] GC(6) Concurrent Cleanup for Next Mark
[2025-02-27T06:48:11.533+0700][gc,marking  ] GC(6) Concurrent Cleanup for Next Mark 1.278ms
[2025-02-27T06:48:11.533+0700][gc          ] GC(6) Concurrent Mark Cycle 14.620ms
[2025-02-27T06:48:11.670+0700][gc,start    ] GC(7) Pause Young (Prepare Mixed) (G1 Evacuation Pause)
[2025-02-27T06:48:11.670+0700][gc,task     ] GC(7) Using 8 workers of 8 for evacuation
[2025-02-27T06:48:11.672+0700][gc,phases   ] GC(7)   Pre Evacuate Collection Set: 0.1ms
[2025-02-27T06:48:11.672+0700][gc,phases   ] GC(7)   Merge Heap Roots: 0.0ms
[2025-02-27T06:48:11.672+0700][gc,phases   ] GC(7)   Evacuate Collection Set: 2.0ms
[2025-02-27T06:48:11.672+0700][gc,phases   ] GC(7)   Post Evacuate Collection Set: 0.2ms
[2025-02-27T06:48:11.672+0700][gc,phases   ] GC(7)   Other: 0.0ms
[2025-02-27T06:48:11.672+0700][gc,heap     ] GC(7) Eden regions: 50->0(46)
[2025-02-27T06:48:11.672+0700][gc,heap     ] GC(7) Survivor regions: 1->5(7)
[2025-02-27T06:48:11.672+0700][gc,heap     ] GC(7) Old regions: 14->14
[2025-02-27T06:48:11.672+0700][gc,heap     ] GC(7) Humongous regions: 12->10
[2025-02-27T06:48:11.672+0700][gc,metaspace] GC(7) Metaspace: 42867K(43328K)->42867K(43328K) NonClass: 38247K(38528K)->38247K(38528K) Class: 4619K(4800K)->4619K(4800K)
[2025-02-27T06:48:11.672+0700][gc          ] GC(7) Pause Young (Prepare Mixed) (G1 Evacuation Pause) 76M->28M(1024M) 2.514ms
[2025-02-27T06:48:11.672+0700][gc,cpu      ] GC(7) User=0.02s Sys=0.00s Real=0.00s
[2025-02-27T06:51:43.044+0700][gc,start    ] GC(8) Pause Young (Mixed) (G1 Evacuation Pause)
[2025-02-27T06:51:43.046+0700][gc,task     ] GC(8) Using 8 workers of 8 for evacuation
[2025-02-27T06:51:43.059+0700][gc,phases   ] GC(8)   Pre Evacuate Collection Set: 0.4ms
[2025-02-27T06:51:43.059+0700][gc,phases   ] GC(8)   Merge Heap Roots: 0.2ms
[2025-02-27T06:51:43.059+0700][gc,phases   ] GC(8)   Evacuate Collection Set: 11.3ms
[2025-02-27T06:51:43.059+0700][gc,phases   ] GC(8)   Post Evacuate Collection Set: 0.8ms
[2025-02-27T06:51:43.059+0700][gc,phases   ] GC(8)   Other: 0.2ms
[2025-02-27T06:51:43.059+0700][gc,heap     ] GC(8) Eden regions: 46->0(48)
[2025-02-27T06:51:43.059+0700][gc,heap     ] GC(8) Survivor regions: 5->3(7)
[2025-02-27T06:51:43.059+0700][gc,heap     ] GC(8) Old regions: 14->19
[2025-02-27T06:51:43.059+0700][gc,heap     ] GC(8) Humongous regions: 157->139
[2025-02-27T06:51:43.059+0700][gc,metaspace] GC(8) Metaspace: 46717K(47232K)->46717K(47232K) NonClass: 41613K(41856K)->41613K(41856K) Class: 5103K(5376K)->5103K(5376K)
[2025-02-27T06:51:43.059+0700][gc          ] GC(8) Pause Young (Mixed) (G1 Evacuation Pause) 221M->159M(1024M) 14.359ms
[2025-02-27T06:51:43.059+0700][gc,cpu      ] GC(8) User=0.05s Sys=0.01s Real=0.01s
[2025-02-27T06:57:55.885+0700][gc,heap,exit] Heap
[2025-02-27T06:57:55.885+0700][gc,heap,exit]  garbage-first heap   total 1048576K, used 209837K [0x00000007c0000000, 0x0000000800000000)
[2025-02-27T06:57:55.885+0700][gc,heap,exit]   region size 1024K, 49 young (50176K), 3 survivors (3072K)
[2025-02-27T06:57:55.885+0700][gc,heap,exit]  Metaspace       used 47900K, committed 48448K, reserved 1114112K
[2025-02-27T06:57:55.885+0700][gc,heap,exit]   class space    used 5300K, committed 5568K, reserved 1048576K
