[2025-02-27T07:12:33.839+0700][gc,init] CardTable entry size: 512
[2025-02-27T07:12:33.840+0700][gc     ] Using G1
[2025-02-27T07:12:33.841+0700][gc,init] Version: 21.0.6+7-LTS (release)
[2025-02-27T07:12:33.841+0700][gc,init] CPUs: 8 total, 8 available
[2025-02-27T07:12:33.841+0700][gc,init] Memory: 8192M
[2025-02-27T07:12:33.841+0700][gc,init] Large Page Support: Disabled
[2025-02-27T07:12:33.841+0700][gc,init] NUMA Support: Disabled
[2025-02-27T07:12:33.841+0700][gc,init] Compressed Oops: Enabled (Zero based)
[2025-02-27T07:12:33.841+0700][gc,init] Heap Region Size: 1M
[2025-02-27T07:12:33.841+0700][gc,init] Heap Min Capacity: 1G
[2025-02-27T07:12:33.841+0700][gc,init] Heap Initial Capacity: 1G
[2025-02-27T07:12:33.841+0700][gc,init] Heap Max Capacity: 1G
[2025-02-27T07:12:33.841+0700][gc,init] Pre-touch: Disabled
[2025-02-27T07:12:33.841+0700][gc,init] Parallel Workers: 8
[2025-02-27T07:12:33.841+0700][gc,init] Concurrent Workers: 2
[2025-02-27T07:12:33.841+0700][gc,init] Concurrent Refinement Workers: 8
[2025-02-27T07:12:33.841+0700][gc,init] Periodic GC: Disabled
[2025-02-27T07:12:33.844+0700][gc,metaspace] CDS archive(s) mapped at: [0x0000007000000000-0x0000007000cf0000-0x0000007000cf0000), size 13565952, SharedBaseAddress: 0x0000007000000000, ArchiveRelocationMode: 1.
[2025-02-27T07:12:33.844+0700][gc,metaspace] Compressed class space mapped at: 0x0000007001000000-0x0000007041000000, reserved size: 1073741824
[2025-02-27T07:12:33.844+0700][gc,metaspace] Narrow klass base: 0x0000007000000000, Narrow klass shift: 0, Narrow klass range: 0x100000000
[2025-02-27T07:12:34.386+0700][gc,start    ] GC(0) Pause Young (Normal) (G1 Evacuation Pause)
[2025-02-27T07:12:34.386+0700][gc,task     ] GC(0) Using 8 workers of 8 for evacuation
[2025-02-27T07:12:34.389+0700][gc,phases   ] GC(0)   Pre Evacuate Collection Set: 0.1ms
[2025-02-27T07:12:34.389+0700][gc,phases   ] GC(0)   Merge Heap Roots: 0.0ms
[2025-02-27T07:12:34.389+0700][gc,phases   ] GC(0)   Evacuate Collection Set: 2.2ms
[2025-02-27T07:12:34.389+0700][gc,phases   ] GC(0)   Post Evacuate Collection Set: 0.2ms
[2025-02-27T07:12:34.389+0700][gc,phases   ] GC(0)   Other: 0.2ms
[2025-02-27T07:12:34.389+0700][gc,heap     ] GC(0) Eden regions: 51->0(44)
[2025-02-27T07:12:34.389+0700][gc,heap     ] GC(0) Survivor regions: 0->7(7)
[2025-02-27T07:12:34.389+0700][gc,heap     ] GC(0) Old regions: 2->4
[2025-02-27T07:12:34.389+0700][gc,heap     ] GC(0) Humongous regions: 0->0
[2025-02-27T07:12:34.389+0700][gc,metaspace] GC(0) Metaspace: 17017K(17280K)->17017K(17280K) NonClass: 15053K(15168K)->15053K(15168K) Class: 1963K(2112K)->1963K(2112K)
[2025-02-27T07:12:34.389+0700][gc          ] GC(0) Pause Young (Normal) (G1 Evacuation Pause) 52M->9M(1024M) 3.163ms
[2025-02-27T07:12:34.389+0700][gc,cpu      ] GC(0) User=0.02s Sys=0.00s Real=0.00s
[2025-02-27T07:12:34.497+0700][gc,start    ] GC(1) Pause Young (Concurrent Start) (Metadata GC Threshold)
[2025-02-27T07:12:34.497+0700][gc,task     ] GC(1) Using 8 workers of 8 for evacuation
[2025-02-27T07:12:34.499+0700][gc,phases   ] GC(1)   Pre Evacuate Collection Set: 0.1ms
[2025-02-27T07:12:34.499+0700][gc,phases   ] GC(1)   Merge Heap Roots: 0.0ms
[2025-02-27T07:12:34.499+0700][gc,phases   ] GC(1)   Evacuate Collection Set: 1.6ms
[2025-02-27T07:12:34.499+0700][gc,phases   ] GC(1)   Post Evacuate Collection Set: 0.2ms
[2025-02-27T07:12:34.499+0700][gc,phases   ] GC(1)   Other: 0.0ms
[2025-02-27T07:12:34.499+0700][gc,heap     ] GC(1) Eden regions: 14->0(49)
[2025-02-27T07:12:34.499+0700][gc,heap     ] GC(1) Survivor regions: 7->2(7)
[2025-02-27T07:12:34.499+0700][gc,heap     ] GC(1) Old regions: 4->11
[2025-02-27T07:12:34.499+0700][gc,heap     ] GC(1) Humongous regions: 0->0
[2025-02-27T07:12:34.499+0700][gc,metaspace] GC(1) Metaspace: 21328K(21504K)->21328K(21504K) NonClass: 18915K(19008K)->18915K(19008K) Class: 2412K(2496K)->2412K(2496K)
[2025-02-27T07:12:34.499+0700][gc          ] GC(1) Pause Young (Concurrent Start) (Metadata GC Threshold) 23M->10M(1024M) 2.066ms
[2025-02-27T07:12:34.499+0700][gc          ] GC(2) Concurrent Mark Cycle
[2025-02-27T07:12:34.499+0700][gc,cpu      ] GC(1) User=0.01s Sys=0.00s Real=0.00s
[2025-02-27T07:12:34.499+0700][gc,marking  ] GC(2) Concurrent Scan Root Regions
[2025-02-27T07:12:34.500+0700][gc,marking  ] GC(2) Concurrent Scan Root Regions 1.172ms
[2025-02-27T07:12:34.500+0700][gc,marking  ] GC(2) Concurrent Mark
[2025-02-27T07:12:34.500+0700][gc,marking  ] GC(2) Concurrent Mark From Roots
[2025-02-27T07:12:34.500+0700][gc,task     ] GC(2) Using 2 workers of 2 for marking
[2025-02-27T07:12:34.501+0700][gc,marking  ] GC(2) Concurrent Mark From Roots 1.017ms
[2025-02-27T07:12:34.501+0700][gc,marking  ] GC(2) Concurrent Preclean
[2025-02-27T07:12:34.501+0700][gc,marking  ] GC(2) Concurrent Preclean 0.006ms
[2025-02-27T07:12:34.502+0700][gc,start    ] GC(2) Pause Remark
[2025-02-27T07:12:34.502+0700][gc          ] GC(2) Pause Remark 11M->11M(1024M) 0.916ms
[2025-02-27T07:12:34.502+0700][gc,cpu      ] GC(2) User=0.00s Sys=0.00s Real=0.00s
[2025-02-27T07:12:34.502+0700][gc,marking  ] GC(2) Concurrent Mark 2.053ms
[2025-02-27T07:12:34.503+0700][gc,marking  ] GC(2) Concurrent Rebuild Remembered Sets and Scrub Regions
[2025-02-27T07:12:34.504+0700][gc,marking  ] GC(2) Concurrent Rebuild Remembered Sets and Scrub Regions 1.175ms
[2025-02-27T07:12:34.504+0700][gc,start    ] GC(2) Pause Cleanup
[2025-02-27T07:12:34.504+0700][gc          ] GC(2) Pause Cleanup 11M->11M(1024M) 0.066ms
[2025-02-27T07:12:34.504+0700][gc,cpu      ] GC(2) User=0.01s Sys=0.00s Real=0.00s
[2025-02-27T07:12:34.504+0700][gc,marking  ] GC(2) Concurrent Clear Claimed Marks
[2025-02-27T07:12:34.504+0700][gc,marking  ] GC(2) Concurrent Clear Claimed Marks 0.008ms
[2025-02-27T07:12:34.504+0700][gc,marking  ] GC(2) Concurrent Cleanup for Next Mark
[2025-02-27T07:12:34.505+0700][gc,marking  ] GC(2) Concurrent Cleanup for Next Mark 1.138ms
[2025-02-27T07:12:34.505+0700][gc          ] GC(2) Concurrent Mark Cycle 5.780ms
[2025-02-27T07:12:34.825+0700][gc,start    ] GC(3) Pause Young (Prepare Mixed) (G1 Evacuation Pause)
[2025-02-27T07:12:34.825+0700][gc,task     ] GC(3) Using 8 workers of 8 for evacuation
[2025-02-27T07:12:34.826+0700][gc,phases   ] GC(3)   Pre Evacuate Collection Set: 0.1ms
[2025-02-27T07:12:34.826+0700][gc,phases   ] GC(3)   Merge Heap Roots: 0.0ms
[2025-02-27T07:12:34.826+0700][gc,phases   ] GC(3)   Evacuate Collection Set: 1.4ms
[2025-02-27T07:12:34.826+0700][gc,phases   ] GC(3)   Post Evacuate Collection Set: 0.2ms
[2025-02-27T07:12:34.826+0700][gc,phases   ] GC(3)   Other: 0.0ms
[2025-02-27T07:12:34.826+0700][gc,heap     ] GC(3) Eden regions: 49->0(46)
[2025-02-27T07:12:34.826+0700][gc,heap     ] GC(3) Survivor regions: 2->5(7)
[2025-02-27T07:12:34.826+0700][gc,heap     ] GC(3) Old regions: 11->11
[2025-02-27T07:12:34.826+0700][gc,heap     ] GC(3) Humongous regions: 1->1
[2025-02-27T07:12:34.826+0700][gc,metaspace] GC(3) Metaspace: 32799K(33152K)->32799K(33152K) NonClass: 29242K(29440K)->29242K(29440K) Class: 3557K(3712K)->3557K(3712K)
[2025-02-27T07:12:34.826+0700][gc          ] GC(3) Pause Young (Prepare Mixed) (G1 Evacuation Pause) 60M->14M(1024M) 1.797ms
[2025-02-27T07:12:34.826+0700][gc,cpu      ] GC(3) User=0.01s Sys=0.00s Real=0.00s
[2025-02-27T07:12:34.904+0700][gc,start    ] GC(4) Pause Young (Mixed) (Metadata GC Threshold)
[2025-02-27T07:12:34.904+0700][gc,task     ] GC(4) Using 8 workers of 8 for evacuation
[2025-02-27T07:12:34.906+0700][gc,phases   ] GC(4)   Pre Evacuate Collection Set: 0.2ms
[2025-02-27T07:12:34.906+0700][gc,phases   ] GC(4)   Merge Heap Roots: 0.0ms
[2025-02-27T07:12:34.906+0700][gc,phases   ] GC(4)   Evacuate Collection Set: 1.3ms
[2025-02-27T07:12:34.906+0700][gc,phases   ] GC(4)   Post Evacuate Collection Set: 0.2ms
[2025-02-27T07:12:34.906+0700][gc,phases   ] GC(4)   Other: 0.0ms
[2025-02-27T07:12:34.906+0700][gc,heap     ] GC(4) Eden regions: 12->0(47)
[2025-02-27T07:12:34.906+0700][gc,heap     ] GC(4) Survivor regions: 5->4(7)
[2025-02-27T07:12:34.906+0700][gc,heap     ] GC(4) Old regions: 11->11
[2025-02-27T07:12:34.906+0700][gc,heap     ] GC(4) Humongous regions: 11->11
[2025-02-27T07:12:34.906+0700][gc,metaspace] GC(4) Metaspace: 35836K(36160K)->35836K(36160K) NonClass: 31913K(32064K)->31913K(32064K) Class: 3922K(4096K)->3922K(4096K)
[2025-02-27T07:12:34.906+0700][gc          ] GC(4) Pause Young (Mixed) (Metadata GC Threshold) 36M->25M(1024M) 1.856ms
[2025-02-27T07:12:34.906+0700][gc,cpu      ] GC(4) User=0.02s Sys=0.00s Real=0.00s
[2025-02-27T07:12:34.912+0700][gc,start    ] GC(5) Pause Young (Concurrent Start) (GCLocker Initiated GC)
[2025-02-27T07:12:34.912+0700][gc,task     ] GC(5) Using 8 workers of 8 for evacuation
[2025-02-27T07:12:34.914+0700][gc,phases   ] GC(5)   Pre Evacuate Collection Set: 0.1ms
[2025-02-27T07:12:34.914+0700][gc,phases   ] GC(5)   Merge Heap Roots: 0.0ms
[2025-02-27T07:12:34.914+0700][gc,phases   ] GC(5)   Evacuate Collection Set: 1.4ms
[2025-02-27T07:12:34.914+0700][gc,phases   ] GC(5)   Post Evacuate Collection Set: 0.1ms
[2025-02-27T07:12:34.914+0700][gc,phases   ] GC(5)   Other: 0.0ms
[2025-02-27T07:12:34.914+0700][gc,heap     ] GC(5) Eden regions: 3->0(49)
[2025-02-27T07:12:34.914+0700][gc,heap     ] GC(5) Survivor regions: 4->2(7)
[2025-02-27T07:12:34.914+0700][gc,heap     ] GC(5) Old regions: 11->14
[2025-02-27T07:12:34.914+0700][gc,heap     ] GC(5) Humongous regions: 12->12
[2025-02-27T07:12:34.914+0700][gc,metaspace] GC(5) Metaspace: 36149K(36544K)->36149K(36544K) NonClass: 32193K(32448K)->32193K(32448K) Class: 3956K(4096K)->3956K(4096K)
[2025-02-27T07:12:34.914+0700][gc          ] GC(5) Pause Young (Concurrent Start) (GCLocker Initiated GC) 29M->26M(1024M) 1.797ms
[2025-02-27T07:12:34.914+0700][gc          ] GC(6) Concurrent Mark Cycle
[2025-02-27T07:12:34.914+0700][gc,cpu      ] GC(5) User=0.01s Sys=0.00s Real=0.00s
[2025-02-27T07:12:34.914+0700][gc,marking  ] GC(6) Concurrent Scan Root Regions
[2025-02-27T07:12:34.915+0700][gc,marking  ] GC(6) Concurrent Scan Root Regions 1.078ms
[2025-02-27T07:12:34.915+0700][gc,marking  ] GC(6) Concurrent Mark
[2025-02-27T07:12:34.915+0700][gc,marking  ] GC(6) Concurrent Mark From Roots
[2025-02-27T07:12:34.915+0700][gc,task     ] GC(6) Using 2 workers of 2 for marking
[2025-02-27T07:12:34.919+0700][gc,marking  ] GC(6) Concurrent Mark From Roots 3.688ms
[2025-02-27T07:12:34.919+0700][gc,marking  ] GC(6) Concurrent Preclean
[2025-02-27T07:12:34.919+0700][gc,marking  ] GC(6) Concurrent Preclean 0.021ms
[2025-02-27T07:12:34.919+0700][gc,start    ] GC(6) Pause Remark
[2025-02-27T07:12:34.920+0700][gc          ] GC(6) Pause Remark 28M->28M(1024M) 1.118ms
[2025-02-27T07:12:34.920+0700][gc,cpu      ] GC(6) User=0.01s Sys=0.01s Real=0.01s
[2025-02-27T07:12:34.920+0700][gc,marking  ] GC(6) Concurrent Mark 4.973ms
[2025-02-27T07:12:34.920+0700][gc,marking  ] GC(6) Concurrent Rebuild Remembered Sets and Scrub Regions
[2025-02-27T07:12:34.923+0700][gc,marking  ] GC(6) Concurrent Rebuild Remembered Sets and Scrub Regions 3.541ms
[2025-02-27T07:12:34.924+0700][gc,start    ] GC(6) Pause Cleanup
[2025-02-27T07:12:34.924+0700][gc          ] GC(6) Pause Cleanup 29M->29M(1024M) 0.086ms
[2025-02-27T07:12:34.924+0700][gc,cpu      ] GC(6) User=0.00s Sys=0.00s Real=0.00s
[2025-02-27T07:12:34.924+0700][gc,marking  ] GC(6) Concurrent Clear Claimed Marks
[2025-02-27T07:12:34.924+0700][gc,marking  ] GC(6) Concurrent Clear Claimed Marks 0.017ms
[2025-02-27T07:12:34.924+0700][gc,marking  ] GC(6) Concurrent Cleanup for Next Mark
[2025-02-27T07:12:34.925+0700][gc,marking  ] GC(6) Concurrent Cleanup for Next Mark 1.025ms
[2025-02-27T07:12:34.925+0700][gc          ] GC(6) Concurrent Mark Cycle 11.466ms
[2025-02-27T07:12:35.064+0700][gc,start    ] GC(7) Pause Young (Prepare Mixed) (G1 Evacuation Pause)
[2025-02-27T07:12:35.064+0700][gc,task     ] GC(7) Using 8 workers of 8 for evacuation
[2025-02-27T07:12:35.066+0700][gc,phases   ] GC(7)   Pre Evacuate Collection Set: 0.2ms
[2025-02-27T07:12:35.066+0700][gc,phases   ] GC(7)   Merge Heap Roots: 0.0ms
[2025-02-27T07:12:35.066+0700][gc,phases   ] GC(7)   Evacuate Collection Set: 1.7ms
[2025-02-27T07:12:35.066+0700][gc,phases   ] GC(7)   Post Evacuate Collection Set: 0.2ms
[2025-02-27T07:12:35.066+0700][gc,phases   ] GC(7)   Other: 0.0ms
[2025-02-27T07:12:35.066+0700][gc,heap     ] GC(7) Eden regions: 49->0(46)
[2025-02-27T07:12:35.066+0700][gc,heap     ] GC(7) Survivor regions: 2->5(7)
[2025-02-27T07:12:35.066+0700][gc,heap     ] GC(7) Old regions: 14->14
[2025-02-27T07:12:35.066+0700][gc,heap     ] GC(7) Humongous regions: 12->10
[2025-02-27T07:12:35.066+0700][gc,metaspace] GC(7) Metaspace: 42550K(43008K)->42550K(43008K) NonClass: 37963K(38208K)->37963K(38208K) Class: 4586K(4800K)->4586K(4800K)
[2025-02-27T07:12:35.066+0700][gc          ] GC(7) Pause Young (Prepare Mixed) (G1 Evacuation Pause) 75M->28M(1024M) 2.391ms
[2025-02-27T07:12:35.066+0700][gc,cpu      ] GC(7) User=0.02s Sys=0.00s Real=0.00s
[2025-02-27T07:14:14.060+0700][gc,start    ] GC(8) Pause Young (Mixed) (G1 Evacuation Pause)
[2025-02-27T07:14:14.060+0700][gc,task     ] GC(8) Using 8 workers of 8 for evacuation
[2025-02-27T07:14:14.065+0700][gc,phases   ] GC(8)   Pre Evacuate Collection Set: 0.2ms
[2025-02-27T07:14:14.065+0700][gc,phases   ] GC(8)   Merge Heap Roots: 0.1ms
[2025-02-27T07:14:14.065+0700][gc,phases   ] GC(8)   Evacuate Collection Set: 4.1ms
[2025-02-27T07:14:14.065+0700][gc,phases   ] GC(8)   Post Evacuate Collection Set: 0.3ms
[2025-02-27T07:14:14.065+0700][gc,phases   ] GC(8)   Other: 0.1ms
[2025-02-27T07:14:14.065+0700][gc,heap     ] GC(8) Eden regions: 46->0(48)
[2025-02-27T07:14:14.065+0700][gc,heap     ] GC(8) Survivor regions: 5->3(7)
[2025-02-27T07:14:14.065+0700][gc,heap     ] GC(8) Old regions: 14->17
[2025-02-27T07:14:14.065+0700][gc,heap     ] GC(8) Humongous regions: 157->10
[2025-02-27T07:14:14.065+0700][gc,metaspace] GC(8) Metaspace: 47032K(47552K)->47032K(47552K) NonClass: 41782K(42048K)->41782K(42048K) Class: 5249K(5504K)->5249K(5504K)
[2025-02-27T07:14:14.065+0700][gc          ] GC(8) Pause Young (Mixed) (G1 Evacuation Pause) 221M->29M(1024M) 5.103ms
[2025-02-27T07:14:14.065+0700][gc,cpu      ] GC(8) User=0.03s Sys=0.01s Real=0.00s
[2025-02-27T07:14:14.277+0700][gc,heap,exit] Heap
[2025-02-27T07:14:14.277+0700][gc,heap,exit]  garbage-first heap   total 1048576K, used 35618K [0x00000007c0000000, 0x0000000800000000)
[2025-02-27T07:14:14.277+0700][gc,heap,exit]   region size 1024K, 9 young (9216K), 3 survivors (3072K)
[2025-02-27T07:14:14.277+0700][gc,heap,exit]  Metaspace       used 47211K, committed 47680K, reserved 1114112K
[2025-02-27T07:14:14.277+0700][gc,heap,exit]   class space    used 5298K, committed 5504K, reserved 1048576K
