[2025-02-27T06:42:33.486+0700][gc,init] CardTable entry size: 512
[2025-02-27T06:42:33.486+0700][gc     ] Using G1
[2025-02-27T06:42:33.487+0700][gc,init] Version: 21.0.6+7-LTS (release)
[2025-02-27T06:42:33.487+0700][gc,init] CPUs: 8 total, 8 available
[2025-02-27T06:42:33.487+0700][gc,init] Memory: 8192M
[2025-02-27T06:42:33.487+0700][gc,init] Large Page Support: Disabled
[2025-02-27T06:42:33.487+0700][gc,init] NUMA Support: Disabled
[2025-02-27T06:42:33.487+0700][gc,init] Compressed Oops: Enabled (Zero based)
[2025-02-27T06:42:33.487+0700][gc,init] Heap Region Size: 1M
[2025-02-27T06:42:33.487+0700][gc,init] Heap Min Capacity: 1G
[2025-02-27T06:42:33.487+0700][gc,init] Heap Initial Capacity: 1G
[2025-02-27T06:42:33.487+0700][gc,init] Heap Max Capacity: 1G
[2025-02-27T06:42:33.487+0700][gc,init] Pre-touch: Disabled
[2025-02-27T06:42:33.487+0700][gc,init] Parallel Workers: 8
[2025-02-27T06:42:33.487+0700][gc,init] Concurrent Workers: 2
[2025-02-27T06:42:33.487+0700][gc,init] Concurrent Refinement Workers: 8
[2025-02-27T06:42:33.487+0700][gc,init] Periodic GC: Disabled
[2025-02-27T06:42:33.491+0700][gc,metaspace] CDS archive(s) mapped at: [0x000000d800000000-0x000000d800cf0000-0x000000d800cf0000), size 13565952, SharedBaseAddress: 0x000000d800000000, ArchiveRelocationMode: 1.
[2025-02-27T06:42:33.491+0700][gc,metaspace] Compressed class space mapped at: 0x000000d801000000-0x000000d841000000, reserved size: 1073741824
[2025-02-27T06:42:33.491+0700][gc,metaspace] Narrow klass base: 0x000000d800000000, Narrow klass shift: 0, Narrow klass range: 0x100000000
[2025-02-27T06:42:34.032+0700][gc,start    ] GC(0) Pause Young (Normal) (G1 Evacuation Pause)
[2025-02-27T06:42:34.033+0700][gc,task     ] GC(0) Using 8 workers of 8 for evacuation
[2025-02-27T06:42:34.035+0700][gc,phases   ] GC(0)   Pre Evacuate Collection Set: 0.1ms
[2025-02-27T06:42:34.035+0700][gc,phases   ] GC(0)   Merge Heap Roots: 0.0ms
[2025-02-27T06:42:34.035+0700][gc,phases   ] GC(0)   Evacuate Collection Set: 2.3ms
[2025-02-27T06:42:34.035+0700][gc,phases   ] GC(0)   Post Evacuate Collection Set: 0.2ms
[2025-02-27T06:42:34.035+0700][gc,phases   ] GC(0)   Other: 0.2ms
[2025-02-27T06:42:34.035+0700][gc,heap     ] GC(0) Eden regions: 51->0(44)
[2025-02-27T06:42:34.035+0700][gc,heap     ] GC(0) Survivor regions: 0->7(7)
[2025-02-27T06:42:34.035+0700][gc,heap     ] GC(0) Old regions: 2->4
[2025-02-27T06:42:34.035+0700][gc,heap     ] GC(0) Humongous regions: 0->0
[2025-02-27T06:42:34.035+0700][gc,metaspace] GC(0) Metaspace: 17031K(17344K)->17031K(17344K) NonClass: 15072K(15232K)->15072K(15232K) Class: 1958K(2112K)->1958K(2112K)
[2025-02-27T06:42:34.036+0700][gc          ] GC(0) Pause Young (Normal) (G1 Evacuation Pause) 52M->9M(1024M) 3.242ms
[2025-02-27T06:42:34.036+0700][gc,cpu      ] GC(0) User=0.02s Sys=0.00s Real=0.00s
[2025-02-27T06:42:34.145+0700][gc,start    ] GC(1) Pause Young (Concurrent Start) (Metadata GC Threshold)
[2025-02-27T06:42:34.145+0700][gc,task     ] GC(1) Using 8 workers of 8 for evacuation
[2025-02-27T06:42:34.147+0700][gc,phases   ] GC(1)   Pre Evacuate Collection Set: 0.1ms
[2025-02-27T06:42:34.147+0700][gc,phases   ] GC(1)   Merge Heap Roots: 0.0ms
[2025-02-27T06:42:34.147+0700][gc,phases   ] GC(1)   Evacuate Collection Set: 1.5ms
[2025-02-27T06:42:34.147+0700][gc,phases   ] GC(1)   Post Evacuate Collection Set: 0.2ms
[2025-02-27T06:42:34.147+0700][gc,phases   ] GC(1)   Other: 0.0ms
[2025-02-27T06:42:34.147+0700][gc,heap     ] GC(1) Eden regions: 14->0(49)
[2025-02-27T06:42:34.147+0700][gc,heap     ] GC(1) Survivor regions: 7->2(7)
[2025-02-27T06:42:34.147+0700][gc,heap     ] GC(1) Old regions: 4->11
[2025-02-27T06:42:34.147+0700][gc,heap     ] GC(1) Humongous regions: 0->0
[2025-02-27T06:42:34.147+0700][gc,metaspace] GC(1) Metaspace: 21244K(21504K)->21244K(21504K) NonClass: 18833K(18944K)->18833K(18944K) Class: 2411K(2560K)->2411K(2560K)
[2025-02-27T06:42:34.147+0700][gc          ] GC(1) Pause Young (Concurrent Start) (Metadata GC Threshold) 22M->10M(1024M) 2.007ms
[2025-02-27T06:42:34.147+0700][gc,cpu      ] GC(1) User=0.01s Sys=0.00s Real=0.00s
[2025-02-27T06:42:34.147+0700][gc          ] GC(2) Concurrent Mark Cycle
[2025-02-27T06:42:34.147+0700][gc,marking  ] GC(2) Concurrent Scan Root Regions
[2025-02-27T06:42:34.148+0700][gc,marking  ] GC(2) Concurrent Scan Root Regions 1.105ms
[2025-02-27T06:42:34.148+0700][gc,marking  ] GC(2) Concurrent Mark
[2025-02-27T06:42:34.148+0700][gc,marking  ] GC(2) Concurrent Mark From Roots
[2025-02-27T06:42:34.148+0700][gc,task     ] GC(2) Using 2 workers of 2 for marking
[2025-02-27T06:42:34.149+0700][gc,marking  ] GC(2) Concurrent Mark From Roots 0.885ms
[2025-02-27T06:42:34.149+0700][gc,marking  ] GC(2) Concurrent Preclean
[2025-02-27T06:42:34.149+0700][gc,marking  ] GC(2) Concurrent Preclean 0.006ms
[2025-02-27T06:42:34.149+0700][gc,start    ] GC(2) Pause Remark
[2025-02-27T06:42:34.150+0700][gc          ] GC(2) Pause Remark 11M->11M(1024M) 0.996ms
[2025-02-27T06:42:34.150+0700][gc,cpu      ] GC(2) User=0.01s Sys=0.00s Real=0.01s
[2025-02-27T06:42:34.150+0700][gc,marking  ] GC(2) Concurrent Mark 1.950ms
[2025-02-27T06:42:34.150+0700][gc,marking  ] GC(2) Concurrent Rebuild Remembered Sets and Scrub Regions
[2025-02-27T06:42:34.151+0700][gc,marking  ] GC(2) Concurrent Rebuild Remembered Sets and Scrub Regions 1.159ms
[2025-02-27T06:42:34.151+0700][gc,start    ] GC(2) Pause Cleanup
[2025-02-27T06:42:34.151+0700][gc          ] GC(2) Pause Cleanup 11M->11M(1024M) 0.076ms
[2025-02-27T06:42:34.151+0700][gc,cpu      ] GC(2) User=0.00s Sys=0.00s Real=0.00s
[2025-02-27T06:42:34.151+0700][gc,marking  ] GC(2) Concurrent Clear Claimed Marks
[2025-02-27T06:42:34.151+0700][gc,marking  ] GC(2) Concurrent Clear Claimed Marks 0.008ms
[2025-02-27T06:42:34.151+0700][gc,marking  ] GC(2) Concurrent Cleanup for Next Mark
[2025-02-27T06:42:34.152+0700][gc,marking  ] GC(2) Concurrent Cleanup for Next Mark 1.100ms
[2025-02-27T06:42:34.152+0700][gc          ] GC(2) Concurrent Mark Cycle 5.510ms
[2025-02-27T06:42:34.474+0700][gc,start    ] GC(3) Pause Young (Prepare Mixed) (G1 Evacuation Pause)
[2025-02-27T06:42:34.474+0700][gc,task     ] GC(3) Using 8 workers of 8 for evacuation
[2025-02-27T06:42:34.476+0700][gc,phases   ] GC(3)   Pre Evacuate Collection Set: 0.1ms
[2025-02-27T06:42:34.476+0700][gc,phases   ] GC(3)   Merge Heap Roots: 0.0ms
[2025-02-27T06:42:34.476+0700][gc,phases   ] GC(3)   Evacuate Collection Set: 1.6ms
[2025-02-27T06:42:34.476+0700][gc,phases   ] GC(3)   Post Evacuate Collection Set: 0.2ms
[2025-02-27T06:42:34.476+0700][gc,phases   ] GC(3)   Other: 0.0ms
[2025-02-27T06:42:34.476+0700][gc,heap     ] GC(3) Eden regions: 49->0(46)
[2025-02-27T06:42:34.476+0700][gc,heap     ] GC(3) Survivor regions: 2->5(7)
[2025-02-27T06:42:34.476+0700][gc,heap     ] GC(3) Old regions: 11->11
[2025-02-27T06:42:34.476+0700][gc,heap     ] GC(3) Humongous regions: 1->1
[2025-02-27T06:42:34.476+0700][gc,metaspace] GC(3) Metaspace: 33076K(33472K)->33076K(33472K) NonClass: 29485K(29696K)->29485K(29696K) Class: 3591K(3776K)->3591K(3776K)
[2025-02-27T06:42:34.476+0700][gc          ] GC(3) Pause Young (Prepare Mixed) (G1 Evacuation Pause) 60M->14M(1024M) 2.156ms
[2025-02-27T06:42:34.476+0700][gc,cpu      ] GC(3) User=0.01s Sys=0.00s Real=0.00s
[2025-02-27T06:42:34.549+0700][gc,start    ] GC(4) Pause Young (Mixed) (Metadata GC Threshold)
[2025-02-27T06:42:34.549+0700][gc,task     ] GC(4) Using 8 workers of 8 for evacuation
[2025-02-27T06:42:34.551+0700][gc,phases   ] GC(4)   Pre Evacuate Collection Set: 0.1ms
[2025-02-27T06:42:34.551+0700][gc,phases   ] GC(4)   Merge Heap Roots: 0.0ms
[2025-02-27T06:42:34.551+0700][gc,phases   ] GC(4)   Evacuate Collection Set: 1.5ms
[2025-02-27T06:42:34.551+0700][gc,phases   ] GC(4)   Post Evacuate Collection Set: 0.2ms
[2025-02-27T06:42:34.551+0700][gc,phases   ] GC(4)   Other: 0.0ms
[2025-02-27T06:42:34.551+0700][gc,heap     ] GC(4) Eden regions: 11->0(46)
[2025-02-27T06:42:34.551+0700][gc,heap     ] GC(4) Survivor regions: 5->5(7)
[2025-02-27T06:42:34.551+0700][gc,heap     ] GC(4) Old regions: 11->11
[2025-02-27T06:42:34.551+0700][gc,heap     ] GC(4) Humongous regions: 11->11
[2025-02-27T06:42:34.551+0700][gc,metaspace] GC(4) Metaspace: 35746K(36096K)->35746K(36096K) NonClass: 31824K(32000K)->31824K(32000K) Class: 3922K(4096K)->3922K(4096K)
[2025-02-27T06:42:34.551+0700][gc          ] GC(4) Pause Young (Mixed) (Metadata GC Threshold) 35M->25M(1024M) 1.967ms
[2025-02-27T06:42:34.551+0700][gc,cpu      ] GC(4) User=0.02s Sys=0.00s Real=0.01s
[2025-02-27T06:42:34.557+0700][gc,start    ] GC(5) Pause Young (Concurrent Start) (Metadata GC Threshold)
[2025-02-27T06:42:34.557+0700][gc,task     ] GC(5) Using 8 workers of 8 for evacuation
[2025-02-27T06:42:34.559+0700][gc,phases   ] GC(5)   Pre Evacuate Collection Set: 0.1ms
[2025-02-27T06:42:34.559+0700][gc,phases   ] GC(5)   Merge Heap Roots: 0.0ms
[2025-02-27T06:42:34.559+0700][gc,phases   ] GC(5)   Evacuate Collection Set: 1.4ms
[2025-02-27T06:42:34.559+0700][gc,phases   ] GC(5)   Post Evacuate Collection Set: 0.2ms
[2025-02-27T06:42:34.559+0700][gc,phases   ] GC(5)   Other: 0.0ms
[2025-02-27T06:42:34.559+0700][gc,heap     ] GC(5) Eden regions: 3->0(50)
[2025-02-27T06:42:34.559+0700][gc,heap     ] GC(5) Survivor regions: 5->1(7)
[2025-02-27T06:42:34.559+0700][gc,heap     ] GC(5) Old regions: 11->14
[2025-02-27T06:42:34.559+0700][gc,heap     ] GC(5) Humongous regions: 12->12
[2025-02-27T06:42:34.559+0700][gc,metaspace] GC(5) Metaspace: 36123K(36416K)->36123K(36416K) NonClass: 32174K(32320K)->32174K(32320K) Class: 3949K(4096K)->3949K(4096K)
[2025-02-27T06:42:34.559+0700][gc          ] GC(5) Pause Young (Concurrent Start) (Metadata GC Threshold) 28M->26M(1024M) 1.825ms
[2025-02-27T06:42:34.559+0700][gc          ] GC(6) Concurrent Mark Cycle
[2025-02-27T06:42:34.559+0700][gc,cpu      ] GC(5) User=0.01s Sys=0.00s Real=0.00s
[2025-02-27T06:42:34.559+0700][gc,marking  ] GC(6) Concurrent Scan Root Regions
[2025-02-27T06:42:34.560+0700][gc,marking  ] GC(6) Concurrent Scan Root Regions 1.115ms
[2025-02-27T06:42:34.560+0700][gc,marking  ] GC(6) Concurrent Mark
[2025-02-27T06:42:34.560+0700][gc,marking  ] GC(6) Concurrent Mark From Roots
[2025-02-27T06:42:34.560+0700][gc,task     ] GC(6) Using 2 workers of 2 for marking
[2025-02-27T06:42:34.565+0700][gc,marking  ] GC(6) Concurrent Mark From Roots 4.401ms
[2025-02-27T06:42:34.565+0700][gc,marking  ] GC(6) Concurrent Preclean
[2025-02-27T06:42:34.565+0700][gc,marking  ] GC(6) Concurrent Preclean 0.064ms
[2025-02-27T06:42:34.565+0700][gc,start    ] GC(6) Pause Remark
[2025-02-27T06:42:34.566+0700][gc          ] GC(6) Pause Remark 28M->28M(1024M) 1.097ms
[2025-02-27T06:42:34.566+0700][gc,cpu      ] GC(6) User=0.01s Sys=0.00s Real=0.00s
[2025-02-27T06:42:34.566+0700][gc,marking  ] GC(6) Concurrent Mark 5.762ms
[2025-02-27T06:42:34.566+0700][gc,marking  ] GC(6) Concurrent Rebuild Remembered Sets and Scrub Regions
[2025-02-27T06:42:34.570+0700][gc,marking  ] GC(6) Concurrent Rebuild Remembered Sets and Scrub Regions 3.502ms
[2025-02-27T06:42:34.570+0700][gc,start    ] GC(6) Pause Cleanup
[2025-02-27T06:42:34.570+0700][gc          ] GC(6) Pause Cleanup 29M->29M(1024M) 0.091ms
[2025-02-27T06:42:34.570+0700][gc,cpu      ] GC(6) User=0.00s Sys=0.00s Real=0.00s
[2025-02-27T06:42:34.570+0700][gc,marking  ] GC(6) Concurrent Clear Claimed Marks
[2025-02-27T06:42:34.570+0700][gc,marking  ] GC(6) Concurrent Clear Claimed Marks 0.043ms
[2025-02-27T06:42:34.570+0700][gc,marking  ] GC(6) Concurrent Cleanup for Next Mark
[2025-02-27T06:42:34.571+0700][gc,marking  ] GC(6) Concurrent Cleanup for Next Mark 1.182ms
[2025-02-27T06:42:34.571+0700][gc          ] GC(6) Concurrent Mark Cycle 11.979ms
[2025-02-27T06:42:34.722+0700][gc,start    ] GC(7) Pause Young (Prepare Mixed) (G1 Evacuation Pause)
[2025-02-27T06:42:34.722+0700][gc,task     ] GC(7) Using 8 workers of 8 for evacuation
[2025-02-27T06:42:34.724+0700][gc,phases   ] GC(7)   Pre Evacuate Collection Set: 0.1ms
[2025-02-27T06:42:34.724+0700][gc,phases   ] GC(7)   Merge Heap Roots: 0.0ms
[2025-02-27T06:42:34.724+0700][gc,phases   ] GC(7)   Evacuate Collection Set: 1.7ms
[2025-02-27T06:42:34.724+0700][gc,phases   ] GC(7)   Post Evacuate Collection Set: 0.2ms
[2025-02-27T06:42:34.724+0700][gc,phases   ] GC(7)   Other: 0.0ms
[2025-02-27T06:42:34.724+0700][gc,heap     ] GC(7) Eden regions: 50->0(46)
[2025-02-27T06:42:34.724+0700][gc,heap     ] GC(7) Survivor regions: 1->5(7)
[2025-02-27T06:42:34.724+0700][gc,heap     ] GC(7) Old regions: 14->14
[2025-02-27T06:42:34.724+0700][gc,heap     ] GC(7) Humongous regions: 12->10
[2025-02-27T06:42:34.724+0700][gc,metaspace] GC(7) Metaspace: 42989K(43392K)->42989K(43392K) NonClass: 38340K(38592K)->38340K(38592K) Class: 4649K(4800K)->4649K(4800K)
[2025-02-27T06:42:34.724+0700][gc          ] GC(7) Pause Young (Prepare Mixed) (G1 Evacuation Pause) 76M->28M(1024M) 2.149ms
[2025-02-27T06:42:34.724+0700][gc,cpu      ] GC(7) User=0.01s Sys=0.01s Real=0.00s
[2025-02-27T06:42:53.630+0700][gc,heap,exit] Heap
[2025-02-27T06:42:53.630+0700][gc,heap,exit]  garbage-first heap   total 1048576K, used 220695K [0x00000007c0000000, 0x0000000800000000)
[2025-02-27T06:42:53.630+0700][gc,heap,exit]   region size 1024K, 45 young (46080K), 5 survivors (5120K)
[2025-02-27T06:42:53.630+0700][gc,heap,exit]  Metaspace       used 46719K, committed 47232K, reserved 1114112K
[2025-02-27T06:42:53.630+0700][gc,heap,exit]   class space    used 5273K, committed 5504K, reserved 1048576K
