[2025-02-27T06:11:48.431+0700][gc,init] CardTable entry size: 512
[2025-02-27T06:11:48.431+0700][gc     ] Using G1
[2025-02-27T06:11:48.432+0700][gc,init] Version: 21.0.6+7-LTS (release)
[2025-02-27T06:11:48.432+0700][gc,init] CPUs: 8 total, 8 available
[2025-02-27T06:11:48.432+0700][gc,init] Memory: 8192M
[2025-02-27T06:11:48.432+0700][gc,init] Large Page Support: Disabled
[2025-02-27T06:11:48.432+0700][gc,init] NUMA Support: Disabled
[2025-02-27T06:11:48.432+0700][gc,init] Compressed Oops: Enabled (Zero based)
[2025-02-27T06:11:48.432+0700][gc,init] Heap Region Size: 1M
[2025-02-27T06:11:48.432+0700][gc,init] Heap Min Capacity: 1G
[2025-02-27T06:11:48.432+0700][gc,init] Heap Initial Capacity: 1G
[2025-02-27T06:11:48.432+0700][gc,init] Heap Max Capacity: 1G
[2025-02-27T06:11:48.432+0700][gc,init] Pre-touch: Disabled
[2025-02-27T06:11:48.432+0700][gc,init] Parallel Workers: 8
[2025-02-27T06:11:48.432+0700][gc,init] Concurrent Workers: 2
[2025-02-27T06:11:48.432+0700][gc,init] Concurrent Refinement Workers: 8
[2025-02-27T06:11:48.432+0700][gc,init] Periodic GC: Disabled
[2025-02-27T06:11:48.435+0700][gc,metaspace] CDS archive(s) mapped at: [0x0000000400000000-0x0000000400cf0000-0x0000000400cf0000), size 13565952, SharedBaseAddress: 0x0000000400000000, ArchiveRelocationMode: 1.
[2025-02-27T06:11:48.435+0700][gc,metaspace] Compressed class space mapped at: 0x0000000401000000-0x0000000441000000, reserved size: 1073741824
[2025-02-27T06:11:48.435+0700][gc,metaspace] Narrow klass base: 0x0000000400000000, Narrow klass shift: 0, Narrow klass range: 0x100000000
[2025-02-27T06:11:49.011+0700][gc,start    ] GC(0) Pause Young (Normal) (G1 Evacuation Pause)
[2025-02-27T06:11:49.011+0700][gc,task     ] GC(0) Using 8 workers of 8 for evacuation
[2025-02-27T06:11:49.014+0700][gc,phases   ] GC(0)   Pre Evacuate Collection Set: 0.1ms
[2025-02-27T06:11:49.014+0700][gc,phases   ] GC(0)   Merge Heap Roots: 0.0ms
[2025-02-27T06:11:49.014+0700][gc,phases   ] GC(0)   Evacuate Collection Set: 2.2ms
[2025-02-27T06:11:49.014+0700][gc,phases   ] GC(0)   Post Evacuate Collection Set: 0.2ms
[2025-02-27T06:11:49.014+0700][gc,phases   ] GC(0)   Other: 0.2ms
[2025-02-27T06:11:49.014+0700][gc,heap     ] GC(0) Eden regions: 51->0(44)
[2025-02-27T06:11:49.014+0700][gc,heap     ] GC(0) Survivor regions: 0->7(7)
[2025-02-27T06:11:49.014+0700][gc,heap     ] GC(0) Old regions: 2->4
[2025-02-27T06:11:49.014+0700][gc,heap     ] GC(0) Humongous regions: 0->0
[2025-02-27T06:11:49.014+0700][gc,metaspace] GC(0) Metaspace: 17117K(17408K)->17117K(17408K) NonClass: 15126K(15296K)->15126K(15296K) Class: 1990K(2112K)->1990K(2112K)
[2025-02-27T06:11:49.014+0700][gc          ] GC(0) Pause Young (Normal) (G1 Evacuation Pause) 52M->9M(1024M) 3.014ms
[2025-02-27T06:11:49.014+0700][gc,cpu      ] GC(0) User=0.01s Sys=0.01s Real=0.00s
[2025-02-27T06:11:49.087+0700][gc,start    ] GC(1) Pause Young (Concurrent Start) (Metadata GC Threshold)
[2025-02-27T06:11:49.087+0700][gc,task     ] GC(1) Using 8 workers of 8 for evacuation
[2025-02-27T06:11:49.089+0700][gc,phases   ] GC(1)   Pre Evacuate Collection Set: 0.1ms
[2025-02-27T06:11:49.089+0700][gc,phases   ] GC(1)   Merge Heap Roots: 0.0ms
[2025-02-27T06:11:49.089+0700][gc,phases   ] GC(1)   Evacuate Collection Set: 1.7ms
[2025-02-27T06:11:49.089+0700][gc,phases   ] GC(1)   Post Evacuate Collection Set: 0.1ms
[2025-02-27T06:11:49.089+0700][gc,phases   ] GC(1)   Other: 0.0ms
[2025-02-27T06:11:49.089+0700][gc,heap     ] GC(1) Eden regions: 14->0(49)
[2025-02-27T06:11:49.089+0700][gc,heap     ] GC(1) Survivor regions: 7->2(7)
[2025-02-27T06:11:49.089+0700][gc,heap     ] GC(1) Old regions: 4->11
[2025-02-27T06:11:49.089+0700][gc,heap     ] GC(1) Humongous regions: 0->0
[2025-02-27T06:11:49.089+0700][gc,metaspace] GC(1) Metaspace: 21326K(21504K)->21326K(21504K) NonClass: 19088K(19200K)->19088K(19200K) Class: 2237K(2304K)->2237K(2304K)
[2025-02-27T06:11:49.089+0700][gc          ] GC(1) Pause Young (Concurrent Start) (Metadata GC Threshold) 23M->10M(1024M) 2.149ms
[2025-02-27T06:11:49.089+0700][gc,cpu      ] GC(1) User=0.01s Sys=0.00s Real=0.00s
[2025-02-27T06:11:49.089+0700][gc          ] GC(2) Concurrent Mark Cycle
[2025-02-27T06:11:49.089+0700][gc,marking  ] GC(2) Concurrent Scan Root Regions
[2025-02-27T06:11:49.090+0700][gc,marking  ] GC(2) Concurrent Scan Root Regions 1.209ms
[2025-02-27T06:11:49.090+0700][gc,marking  ] GC(2) Concurrent Mark
[2025-02-27T06:11:49.090+0700][gc,marking  ] GC(2) Concurrent Mark From Roots
[2025-02-27T06:11:49.090+0700][gc,task     ] GC(2) Using 2 workers of 2 for marking
[2025-02-27T06:11:49.091+0700][gc,marking  ] GC(2) Concurrent Mark From Roots 1.041ms
[2025-02-27T06:11:49.091+0700][gc,marking  ] GC(2) Concurrent Preclean
[2025-02-27T06:11:49.091+0700][gc,marking  ] GC(2) Concurrent Preclean 0.006ms
[2025-02-27T06:11:49.091+0700][gc,start    ] GC(2) Pause Remark
[2025-02-27T06:11:49.092+0700][gc          ] GC(2) Pause Remark 11M->11M(1024M) 0.883ms
[2025-02-27T06:11:49.092+0700][gc,cpu      ] GC(2) User=0.00s Sys=0.00s Real=0.00s
[2025-02-27T06:11:49.092+0700][gc,marking  ] GC(2) Concurrent Mark 1.983ms
[2025-02-27T06:11:49.092+0700][gc,marking  ] GC(2) Concurrent Rebuild Remembered Sets and Scrub Regions
[2025-02-27T06:11:49.093+0700][gc,marking  ] GC(2) Concurrent Rebuild Remembered Sets and Scrub Regions 1.297ms
[2025-02-27T06:11:49.093+0700][gc,start    ] GC(2) Pause Cleanup
[2025-02-27T06:11:49.094+0700][gc          ] GC(2) Pause Cleanup 11M->11M(1024M) 0.066ms
[2025-02-27T06:11:49.094+0700][gc,cpu      ] GC(2) User=0.00s Sys=0.01s Real=0.00s
[2025-02-27T06:11:49.094+0700][gc,marking  ] GC(2) Concurrent Clear Claimed Marks
[2025-02-27T06:11:49.094+0700][gc,marking  ] GC(2) Concurrent Clear Claimed Marks 0.011ms
[2025-02-27T06:11:49.094+0700][gc,marking  ] GC(2) Concurrent Cleanup for Next Mark
[2025-02-27T06:11:49.095+0700][gc,marking  ] GC(2) Concurrent Cleanup for Next Mark 1.204ms
[2025-02-27T06:11:49.095+0700][gc          ] GC(2) Concurrent Mark Cycle 5.915ms
[2025-02-27T06:11:49.438+0700][gc,start    ] GC(3) Pause Young (Prepare Mixed) (G1 Evacuation Pause)
[2025-02-27T06:11:49.438+0700][gc,task     ] GC(3) Using 8 workers of 8 for evacuation
[2025-02-27T06:11:49.440+0700][gc,phases   ] GC(3)   Pre Evacuate Collection Set: 0.1ms
[2025-02-27T06:11:49.440+0700][gc,phases   ] GC(3)   Merge Heap Roots: 0.0ms
[2025-02-27T06:11:49.440+0700][gc,phases   ] GC(3)   Evacuate Collection Set: 1.5ms
[2025-02-27T06:11:49.440+0700][gc,phases   ] GC(3)   Post Evacuate Collection Set: 0.2ms
[2025-02-27T06:11:49.440+0700][gc,phases   ] GC(3)   Other: 0.0ms
[2025-02-27T06:11:49.440+0700][gc,heap     ] GC(3) Eden regions: 49->0(46)
[2025-02-27T06:11:49.440+0700][gc,heap     ] GC(3) Survivor regions: 2->5(7)
[2025-02-27T06:11:49.440+0700][gc,heap     ] GC(3) Old regions: 11->11
[2025-02-27T06:11:49.440+0700][gc,heap     ] GC(3) Humongous regions: 9->9
[2025-02-27T06:11:49.440+0700][gc,metaspace] GC(3) Metaspace: 32747K(33024K)->32747K(33024K) NonClass: 29209K(29376K)->29209K(29376K) Class: 3537K(3648K)->3537K(3648K)
[2025-02-27T06:11:49.440+0700][gc          ] GC(3) Pause Young (Prepare Mixed) (G1 Evacuation Pause) 68M->22M(1024M) 1.973ms
[2025-02-27T06:11:49.440+0700][gc,cpu      ] GC(3) User=0.01s Sys=0.00s Real=0.01s
[2025-02-27T06:11:49.508+0700][gc,start    ] GC(4) Pause Young (Mixed) (Metadata GC Threshold)
[2025-02-27T06:11:49.508+0700][gc,task     ] GC(4) Using 8 workers of 8 for evacuation
[2025-02-27T06:11:49.510+0700][gc,phases   ] GC(4)   Pre Evacuate Collection Set: 0.1ms
[2025-02-27T06:11:49.510+0700][gc,phases   ] GC(4)   Merge Heap Roots: 0.0ms
[2025-02-27T06:11:49.510+0700][gc,phases   ] GC(4)   Evacuate Collection Set: 1.6ms
[2025-02-27T06:11:49.510+0700][gc,phases   ] GC(4)   Post Evacuate Collection Set: 0.2ms
[2025-02-27T06:11:49.510+0700][gc,phases   ] GC(4)   Other: 0.0ms
[2025-02-27T06:11:49.510+0700][gc,heap     ] GC(4) Eden regions: 26->0(46)
[2025-02-27T06:11:49.510+0700][gc,heap     ] GC(4) Survivor regions: 5->5(7)
[2025-02-27T06:11:49.510+0700][gc,heap     ] GC(4) Old regions: 11->11
[2025-02-27T06:11:49.510+0700][gc,heap     ] GC(4) Humongous regions: 9->9
[2025-02-27T06:11:49.510+0700][gc,metaspace] GC(4) Metaspace: 35859K(36160K)->35859K(36160K) NonClass: 31993K(32128K)->31993K(32128K) Class: 3865K(4032K)->3865K(4032K)
[2025-02-27T06:11:49.510+0700][gc          ] GC(4) Pause Young (Mixed) (Metadata GC Threshold) 48M->24M(1024M) 2.074ms
[2025-02-27T06:11:49.510+0700][gc,cpu      ] GC(4) User=0.01s Sys=0.00s Real=0.01s
[2025-02-27T06:11:49.513+0700][gc,start    ] GC(5) Pause Young (Concurrent Start) (Metadata GC Threshold)
[2025-02-27T06:11:49.513+0700][gc,task     ] GC(5) Using 8 workers of 8 for evacuation
[2025-02-27T06:11:49.515+0700][gc,phases   ] GC(5)   Pre Evacuate Collection Set: 0.1ms
[2025-02-27T06:11:49.515+0700][gc,phases   ] GC(5)   Merge Heap Roots: 0.0ms
[2025-02-27T06:11:49.515+0700][gc,phases   ] GC(5)   Evacuate Collection Set: 1.5ms
[2025-02-27T06:11:49.515+0700][gc,phases   ] GC(5)   Post Evacuate Collection Set: 0.2ms
[2025-02-27T06:11:49.515+0700][gc,phases   ] GC(5)   Other: 0.0ms
[2025-02-27T06:11:49.515+0700][gc,heap     ] GC(5) Eden regions: 2->0(49)
[2025-02-27T06:11:49.515+0700][gc,heap     ] GC(5) Survivor regions: 5->2(7)
[2025-02-27T06:11:49.515+0700][gc,heap     ] GC(5) Old regions: 11->14
[2025-02-27T06:11:49.515+0700][gc,heap     ] GC(5) Humongous regions: 9->9
[2025-02-27T06:11:49.515+0700][gc,metaspace] GC(5) Metaspace: 36108K(36480K)->36108K(36480K) NonClass: 32210K(32448K)->32210K(32448K) Class: 3898K(4032K)->3898K(4032K)
[2025-02-27T06:11:49.515+0700][gc          ] GC(5) Pause Young (Concurrent Start) (Metadata GC Threshold) 25M->24M(1024M) 1.907ms
[2025-02-27T06:11:49.515+0700][gc          ] GC(6) Concurrent Mark Cycle
[2025-02-27T06:11:49.515+0700][gc,cpu      ] GC(5) User=0.01s Sys=0.00s Real=0.00s
[2025-02-27T06:11:49.515+0700][gc,marking  ] GC(6) Concurrent Scan Root Regions
[2025-02-27T06:11:49.516+0700][gc,marking  ] GC(6) Concurrent Scan Root Regions 1.100ms
[2025-02-27T06:11:49.516+0700][gc,marking  ] GC(6) Concurrent Mark
[2025-02-27T06:11:49.516+0700][gc,marking  ] GC(6) Concurrent Mark From Roots
[2025-02-27T06:11:49.516+0700][gc,task     ] GC(6) Using 2 workers of 2 for marking
[2025-02-27T06:11:49.521+0700][gc,marking  ] GC(6) Concurrent Mark From Roots 4.391ms
[2025-02-27T06:11:49.521+0700][gc,marking  ] GC(6) Concurrent Preclean
[2025-02-27T06:11:49.521+0700][gc,marking  ] GC(6) Concurrent Preclean 0.035ms
[2025-02-27T06:11:49.521+0700][gc,start    ] GC(6) Pause Remark
[2025-02-27T06:11:49.522+0700][gc          ] GC(6) Pause Remark 26M->26M(1024M) 1.106ms
[2025-02-27T06:11:49.522+0700][gc,cpu      ] GC(6) User=0.01s Sys=0.00s Real=0.00s
[2025-02-27T06:11:49.522+0700][gc,marking  ] GC(6) Concurrent Mark 5.687ms
[2025-02-27T06:11:49.522+0700][gc,marking  ] GC(6) Concurrent Rebuild Remembered Sets and Scrub Regions
[2025-02-27T06:11:49.525+0700][gc,marking  ] GC(6) Concurrent Rebuild Remembered Sets and Scrub Regions 3.170ms
[2025-02-27T06:11:49.525+0700][gc,start    ] GC(6) Pause Cleanup
[2025-02-27T06:11:49.526+0700][gc          ] GC(6) Pause Cleanup 27M->27M(1024M) 0.072ms
[2025-02-27T06:11:49.526+0700][gc,cpu      ] GC(6) User=0.00s Sys=0.00s Real=0.00s
[2025-02-27T06:11:49.526+0700][gc,marking  ] GC(6) Concurrent Clear Claimed Marks
[2025-02-27T06:11:49.526+0700][gc,marking  ] GC(6) Concurrent Clear Claimed Marks 0.022ms
[2025-02-27T06:11:49.526+0700][gc,marking  ] GC(6) Concurrent Cleanup for Next Mark
[2025-02-27T06:11:49.527+0700][gc,marking  ] GC(6) Concurrent Cleanup for Next Mark 0.905ms
[2025-02-27T06:11:49.527+0700][gc          ] GC(6) Concurrent Mark Cycle 11.403ms
[2025-02-27T06:11:50.231+0700][gc,start    ] GC(7) Pause Young (Prepare Mixed) (G1 Evacuation Pause)
[2025-02-27T06:11:50.231+0700][gc,task     ] GC(7) Using 8 workers of 8 for evacuation
[2025-02-27T06:11:50.236+0700][gc,phases   ] GC(7)   Pre Evacuate Collection Set: 0.3ms
[2025-02-27T06:11:50.236+0700][gc,phases   ] GC(7)   Merge Heap Roots: 0.1ms
[2025-02-27T06:11:50.236+0700][gc,phases   ] GC(7)   Evacuate Collection Set: 4.0ms
[2025-02-27T06:11:50.236+0700][gc,phases   ] GC(7)   Post Evacuate Collection Set: 0.4ms
[2025-02-27T06:11:50.236+0700][gc,phases   ] GC(7)   Other: 0.1ms
[2025-02-27T06:11:50.236+0700][gc,heap     ] GC(7) Eden regions: 49->0(44)
[2025-02-27T06:11:50.236+0700][gc,heap     ] GC(7) Survivor regions: 2->7(7)
[2025-02-27T06:11:50.236+0700][gc,heap     ] GC(7) Old regions: 14->14
[2025-02-27T06:11:50.236+0700][gc,heap     ] GC(7) Humongous regions: 144->144
[2025-02-27T06:11:50.236+0700][gc,metaspace] GC(7) Metaspace: 42928K(43456K)->42928K(43456K) NonClass: 38204K(38528K)->38204K(38528K) Class: 4723K(4928K)->4723K(4928K)
[2025-02-27T06:11:50.236+0700][gc          ] GC(7) Pause Young (Prepare Mixed) (G1 Evacuation Pause) 208M->164M(1024M) 5.109ms
[2025-02-27T06:11:50.236+0700][gc,cpu      ] GC(7) User=0.02s Sys=0.01s Real=0.00s
[2025-02-27T06:12:14.253+0700][gc,heap,exit] Heap
[2025-02-27T06:12:14.253+0700][gc,heap,exit]  garbage-first heap   total 1048576K, used 200282K [0x00000007c0000000, 0x0000000800000000)
[2025-02-27T06:12:14.253+0700][gc,heap,exit]   region size 1024K, 26 young (26624K), 7 survivors (7168K)
[2025-02-27T06:12:14.253+0700][gc,heap,exit]  Metaspace       used 44497K, committed 44928K, reserved 1114112K
[2025-02-27T06:12:14.253+0700][gc,heap,exit]   class space    used 4993K, committed 5184K, reserved 1048576K
