[2025-02-27T06:18:35.217+0700][gc,init] CardTable entry size: 512
[2025-02-27T06:18:35.217+0700][gc     ] Using G1
[2025-02-27T06:18:35.218+0700][gc,init] Version: 21.0.6+7-LTS (release)
[2025-02-27T06:18:35.218+0700][gc,init] CPUs: 8 total, 8 available
[2025-02-27T06:18:35.218+0700][gc,init] Memory: 8192M
[2025-02-27T06:18:35.218+0700][gc,init] Large Page Support: Disabled
[2025-02-27T06:18:35.218+0700][gc,init] NUMA Support: Disabled
[2025-02-27T06:18:35.218+0700][gc,init] Compressed Oops: Enabled (Zero based)
[2025-02-27T06:18:35.218+0700][gc,init] Heap Region Size: 1M
[2025-02-27T06:18:35.218+0700][gc,init] Heap Min Capacity: 1G
[2025-02-27T06:18:35.218+0700][gc,init] Heap Initial Capacity: 1G
[2025-02-27T06:18:35.218+0700][gc,init] Heap Max Capacity: 1G
[2025-02-27T06:18:35.218+0700][gc,init] Pre-touch: Disabled
[2025-02-27T06:18:35.218+0700][gc,init] Parallel Workers: 8
[2025-02-27T06:18:35.218+0700][gc,init] Concurrent Workers: 2
[2025-02-27T06:18:35.218+0700][gc,init] Concurrent Refinement Workers: 8
[2025-02-27T06:18:35.218+0700][gc,init] Periodic GC: Disabled
[2025-02-27T06:18:35.222+0700][gc,metaspace] CDS archive(s) mapped at: [0x0000000300000000-0x0000000300cf0000-0x0000000300cf0000), size 13565952, SharedBaseAddress: 0x0000000300000000, ArchiveRelocationMode: 1.
[2025-02-27T06:18:35.222+0700][gc,metaspace] Compressed class space mapped at: 0x0000000301000000-0x0000000341000000, reserved size: 1073741824
[2025-02-27T06:18:35.222+0700][gc,metaspace] Narrow klass base: 0x0000000300000000, Narrow klass shift: 0, Narrow klass range: 0x100000000
[2025-02-27T06:18:35.690+0700][gc,start    ] GC(0) Pause Young (Normal) (G1 Evacuation Pause)
[2025-02-27T06:18:35.690+0700][gc,task     ] GC(0) Using 8 workers of 8 for evacuation
[2025-02-27T06:18:35.693+0700][gc,phases   ] GC(0)   Pre Evacuate Collection Set: 0.1ms
[2025-02-27T06:18:35.693+0700][gc,phases   ] GC(0)   Merge Heap Roots: 0.0ms
[2025-02-27T06:18:35.693+0700][gc,phases   ] GC(0)   Evacuate Collection Set: 1.9ms
[2025-02-27T06:18:35.693+0700][gc,phases   ] GC(0)   Post Evacuate Collection Set: 0.2ms
[2025-02-27T06:18:35.693+0700][gc,phases   ] GC(0)   Other: 0.2ms
[2025-02-27T06:18:35.693+0700][gc,heap     ] GC(0) Eden regions: 51->0(44)
[2025-02-27T06:18:35.693+0700][gc,heap     ] GC(0) Survivor regions: 0->7(7)
[2025-02-27T06:18:35.693+0700][gc,heap     ] GC(0) Old regions: 2->4
[2025-02-27T06:18:35.693+0700][gc,heap     ] GC(0) Humongous regions: 0->0
[2025-02-27T06:18:35.693+0700][gc,metaspace] GC(0) Metaspace: 17230K(17472K)->17230K(17472K) NonClass: 15233K(15360K)->15233K(15360K) Class: 1997K(2112K)->1997K(2112K)
[2025-02-27T06:18:35.693+0700][gc          ] GC(0) Pause Young (Normal) (G1 Evacuation Pause) 52M->9M(1024M) 2.587ms
[2025-02-27T06:18:35.693+0700][gc,cpu      ] GC(0) User=0.01s Sys=0.00s Real=0.00s
[2025-02-27T06:18:35.754+0700][gc,start    ] GC(1) Pause Young (Concurrent Start) (Metadata GC Threshold)
[2025-02-27T06:18:35.754+0700][gc,task     ] GC(1) Using 8 workers of 8 for evacuation
[2025-02-27T06:18:35.756+0700][gc,phases   ] GC(1)   Pre Evacuate Collection Set: 0.1ms
[2025-02-27T06:18:35.756+0700][gc,phases   ] GC(1)   Merge Heap Roots: 0.0ms
[2025-02-27T06:18:35.756+0700][gc,phases   ] GC(1)   Evacuate Collection Set: 1.5ms
[2025-02-27T06:18:35.756+0700][gc,phases   ] GC(1)   Post Evacuate Collection Set: 0.1ms
[2025-02-27T06:18:35.756+0700][gc,phases   ] GC(1)   Other: 0.0ms
[2025-02-27T06:18:35.756+0700][gc,heap     ] GC(1) Eden regions: 13->0(49)
[2025-02-27T06:18:35.756+0700][gc,heap     ] GC(1) Survivor regions: 7->2(7)
[2025-02-27T06:18:35.756+0700][gc,heap     ] GC(1) Old regions: 4->11
[2025-02-27T06:18:35.756+0700][gc,heap     ] GC(1) Humongous regions: 0->0
[2025-02-27T06:18:35.756+0700][gc,metaspace] GC(1) Metaspace: 21334K(21504K)->21334K(21504K) NonClass: 19096K(19200K)->19096K(19200K) Class: 2237K(2304K)->2237K(2304K)
[2025-02-27T06:18:35.756+0700][gc          ] GC(1) Pause Young (Concurrent Start) (Metadata GC Threshold) 22M->10M(1024M) 2.021ms
[2025-02-27T06:18:35.756+0700][gc          ] GC(2) Concurrent Mark Cycle
[2025-02-27T06:18:35.756+0700][gc,cpu      ] GC(1) User=0.01s Sys=0.00s Real=0.00s
[2025-02-27T06:18:35.756+0700][gc,marking  ] GC(2) Concurrent Scan Root Regions
[2025-02-27T06:18:35.757+0700][gc,marking  ] GC(2) Concurrent Scan Root Regions 1.128ms
[2025-02-27T06:18:35.757+0700][gc,marking  ] GC(2) Concurrent Mark
[2025-02-27T06:18:35.757+0700][gc,marking  ] GC(2) Concurrent Mark From Roots
[2025-02-27T06:18:35.757+0700][gc,task     ] GC(2) Using 2 workers of 2 for marking
[2025-02-27T06:18:35.758+0700][gc,marking  ] GC(2) Concurrent Mark From Roots 0.952ms
[2025-02-27T06:18:35.758+0700][gc,marking  ] GC(2) Concurrent Preclean
[2025-02-27T06:18:35.758+0700][gc,marking  ] GC(2) Concurrent Preclean 0.005ms
[2025-02-27T06:18:35.758+0700][gc,start    ] GC(2) Pause Remark
[2025-02-27T06:18:35.759+0700][gc          ] GC(2) Pause Remark 11M->11M(1024M) 0.864ms
[2025-02-27T06:18:35.759+0700][gc,cpu      ] GC(2) User=0.00s Sys=0.00s Real=0.00s
[2025-02-27T06:18:35.759+0700][gc,marking  ] GC(2) Concurrent Mark 1.898ms
[2025-02-27T06:18:35.759+0700][gc,marking  ] GC(2) Concurrent Rebuild Remembered Sets and Scrub Regions
[2025-02-27T06:18:35.761+0700][gc,marking  ] GC(2) Concurrent Rebuild Remembered Sets and Scrub Regions 1.229ms
[2025-02-27T06:18:35.761+0700][gc,start    ] GC(2) Pause Cleanup
[2025-02-27T06:18:35.761+0700][gc          ] GC(2) Pause Cleanup 11M->11M(1024M) 0.062ms
[2025-02-27T06:18:35.761+0700][gc,cpu      ] GC(2) User=0.00s Sys=0.00s Real=0.00s
[2025-02-27T06:18:35.761+0700][gc,marking  ] GC(2) Concurrent Clear Claimed Marks
[2025-02-27T06:18:35.761+0700][gc,marking  ] GC(2) Concurrent Clear Claimed Marks 0.009ms
[2025-02-27T06:18:35.761+0700][gc,marking  ] GC(2) Concurrent Cleanup for Next Mark
[2025-02-27T06:18:35.762+0700][gc,marking  ] GC(2) Concurrent Cleanup for Next Mark 1.098ms
[2025-02-27T06:18:35.762+0700][gc          ] GC(2) Concurrent Mark Cycle 5.582ms
[2025-02-27T06:18:36.101+0700][gc,start    ] GC(3) Pause Young (Prepare Mixed) (G1 Evacuation Pause)
[2025-02-27T06:18:36.101+0700][gc,task     ] GC(3) Using 8 workers of 8 for evacuation
[2025-02-27T06:18:36.103+0700][gc,phases   ] GC(3)   Pre Evacuate Collection Set: 0.1ms
[2025-02-27T06:18:36.103+0700][gc,phases   ] GC(3)   Merge Heap Roots: 0.0ms
[2025-02-27T06:18:36.103+0700][gc,phases   ] GC(3)   Evacuate Collection Set: 1.5ms
[2025-02-27T06:18:36.103+0700][gc,phases   ] GC(3)   Post Evacuate Collection Set: 0.2ms
[2025-02-27T06:18:36.103+0700][gc,phases   ] GC(3)   Other: 0.0ms
[2025-02-27T06:18:36.103+0700][gc,heap     ] GC(3) Eden regions: 49->0(46)
[2025-02-27T06:18:36.103+0700][gc,heap     ] GC(3) Survivor regions: 2->5(7)
[2025-02-27T06:18:36.103+0700][gc,heap     ] GC(3) Old regions: 11->11
[2025-02-27T06:18:36.103+0700][gc,heap     ] GC(3) Humongous regions: 9->9
[2025-02-27T06:18:36.103+0700][gc,metaspace] GC(3) Metaspace: 32757K(33024K)->32757K(33024K) NonClass: 29218K(29376K)->29218K(29376K) Class: 3538K(3648K)->3538K(3648K)
[2025-02-27T06:18:36.103+0700][gc          ] GC(3) Pause Young (Prepare Mixed) (G1 Evacuation Pause) 68M->23M(1024M) 1.955ms
[2025-02-27T06:18:36.103+0700][gc,cpu      ] GC(3) User=0.01s Sys=0.01s Real=0.00s
[2025-02-27T06:18:36.175+0700][gc,start    ] GC(4) Pause Young (Mixed) (Metadata GC Threshold)
[2025-02-27T06:18:36.175+0700][gc,task     ] GC(4) Using 8 workers of 8 for evacuation
[2025-02-27T06:18:36.177+0700][gc,phases   ] GC(4)   Pre Evacuate Collection Set: 0.1ms
[2025-02-27T06:18:36.177+0700][gc,phases   ] GC(4)   Merge Heap Roots: 0.0ms
[2025-02-27T06:18:36.177+0700][gc,phases   ] GC(4)   Evacuate Collection Set: 1.9ms
[2025-02-27T06:18:36.177+0700][gc,phases   ] GC(4)   Post Evacuate Collection Set: 0.2ms
[2025-02-27T06:18:36.177+0700][gc,phases   ] GC(4)   Other: 0.0ms
[2025-02-27T06:18:36.177+0700][gc,heap     ] GC(4) Eden regions: 27->0(46)
[2025-02-27T06:18:36.177+0700][gc,heap     ] GC(4) Survivor regions: 5->5(7)
[2025-02-27T06:18:36.177+0700][gc,heap     ] GC(4) Old regions: 11->11
[2025-02-27T06:18:36.177+0700][gc,heap     ] GC(4) Humongous regions: 9->9
[2025-02-27T06:18:36.177+0700][gc,metaspace] GC(4) Metaspace: 35803K(36160K)->35803K(36160K) NonClass: 31948K(32128K)->31948K(32128K) Class: 3855K(4032K)->3855K(4032K)
[2025-02-27T06:18:36.177+0700][gc          ] GC(4) Pause Young (Mixed) (Metadata GC Threshold) 49M->24M(1024M) 2.335ms
[2025-02-27T06:18:36.177+0700][gc,cpu      ] GC(4) User=0.02s Sys=0.00s Real=0.00s
[2025-02-27T06:18:36.181+0700][gc,start    ] GC(5) Pause Young (Concurrent Start) (Metadata GC Threshold)
[2025-02-27T06:18:36.181+0700][gc,task     ] GC(5) Using 8 workers of 8 for evacuation
[2025-02-27T06:18:36.183+0700][gc,phases   ] GC(5)   Pre Evacuate Collection Set: 0.1ms
[2025-02-27T06:18:36.183+0700][gc,phases   ] GC(5)   Merge Heap Roots: 0.0ms
[2025-02-27T06:18:36.183+0700][gc,phases   ] GC(5)   Evacuate Collection Set: 1.5ms
[2025-02-27T06:18:36.183+0700][gc,phases   ] GC(5)   Post Evacuate Collection Set: 0.1ms
[2025-02-27T06:18:36.183+0700][gc,phases   ] GC(5)   Other: 0.0ms
[2025-02-27T06:18:36.183+0700][gc,heap     ] GC(5) Eden regions: 2->0(49)
[2025-02-27T06:18:36.183+0700][gc,heap     ] GC(5) Survivor regions: 5->2(7)
[2025-02-27T06:18:36.183+0700][gc,heap     ] GC(5) Old regions: 11->15
[2025-02-27T06:18:36.183+0700][gc,heap     ] GC(5) Humongous regions: 9->9
[2025-02-27T06:18:36.183+0700][gc,metaspace] GC(5) Metaspace: 36103K(36480K)->36103K(36480K) NonClass: 32208K(32384K)->32208K(32384K) Class: 3895K(4096K)->3895K(4096K)
[2025-02-27T06:18:36.183+0700][gc          ] GC(5) Pause Young (Concurrent Start) (Metadata GC Threshold) 25M->24M(1024M) 1.967ms
[2025-02-27T06:18:36.183+0700][gc          ] GC(6) Concurrent Mark Cycle
[2025-02-27T06:18:36.183+0700][gc,cpu      ] GC(5) User=0.01s Sys=0.00s Real=0.00s
[2025-02-27T06:18:36.183+0700][gc,marking  ] GC(6) Concurrent Scan Root Regions
[2025-02-27T06:18:36.185+0700][gc,marking  ] GC(6) Concurrent Scan Root Regions 1.099ms
[2025-02-27T06:18:36.185+0700][gc,marking  ] GC(6) Concurrent Mark
[2025-02-27T06:18:36.185+0700][gc,marking  ] GC(6) Concurrent Mark From Roots
[2025-02-27T06:18:36.185+0700][gc,task     ] GC(6) Using 2 workers of 2 for marking
[2025-02-27T06:18:36.188+0700][gc,marking  ] GC(6) Concurrent Mark From Roots 3.340ms
[2025-02-27T06:18:36.188+0700][gc,marking  ] GC(6) Concurrent Preclean
[2025-02-27T06:18:36.188+0700][gc,marking  ] GC(6) Concurrent Preclean 0.021ms
[2025-02-27T06:18:36.188+0700][gc,start    ] GC(6) Pause Remark
[2025-02-27T06:18:36.189+0700][gc          ] GC(6) Pause Remark 25M->25M(1024M) 1.138ms
[2025-02-27T06:18:36.189+0700][gc,cpu      ] GC(6) User=0.01s Sys=0.01s Real=0.00s
[2025-02-27T06:18:36.189+0700][gc,marking  ] GC(6) Concurrent Mark 4.625ms
[2025-02-27T06:18:36.189+0700][gc,marking  ] GC(6) Concurrent Rebuild Remembered Sets and Scrub Regions
[2025-02-27T06:18:36.192+0700][gc,marking  ] GC(6) Concurrent Rebuild Remembered Sets and Scrub Regions 2.918ms
[2025-02-27T06:18:36.192+0700][gc,start    ] GC(6) Pause Cleanup
[2025-02-27T06:18:36.192+0700][gc          ] GC(6) Pause Cleanup 26M->26M(1024M) 0.086ms
[2025-02-27T06:18:36.192+0700][gc,cpu      ] GC(6) User=0.00s Sys=0.00s Real=0.00s
[2025-02-27T06:18:36.192+0700][gc,marking  ] GC(6) Concurrent Clear Claimed Marks
[2025-02-27T06:18:36.192+0700][gc,marking  ] GC(6) Concurrent Clear Claimed Marks 0.035ms
[2025-02-27T06:18:36.192+0700][gc,marking  ] GC(6) Concurrent Cleanup for Next Mark
[2025-02-27T06:18:36.193+0700][gc,marking  ] GC(6) Concurrent Cleanup for Next Mark 0.894ms
[2025-02-27T06:18:36.193+0700][gc          ] GC(6) Concurrent Mark Cycle 9.837ms
[2025-02-27T06:18:36.870+0700][gc,start    ] GC(7) Pause Young (Prepare Mixed) (G1 Evacuation Pause)
[2025-02-27T06:18:36.870+0700][gc,task     ] GC(7) Using 8 workers of 8 for evacuation
[2025-02-27T06:18:36.874+0700][gc,phases   ] GC(7)   Pre Evacuate Collection Set: 0.2ms
[2025-02-27T06:18:36.874+0700][gc,phases   ] GC(7)   Merge Heap Roots: 0.1ms
[2025-02-27T06:18:36.874+0700][gc,phases   ] GC(7)   Evacuate Collection Set: 3.7ms
[2025-02-27T06:18:36.874+0700][gc,phases   ] GC(7)   Post Evacuate Collection Set: 0.5ms
[2025-02-27T06:18:36.874+0700][gc,phases   ] GC(7)   Other: 0.1ms
[2025-02-27T06:18:36.874+0700][gc,heap     ] GC(7) Eden regions: 49->0(44)
[2025-02-27T06:18:36.874+0700][gc,heap     ] GC(7) Survivor regions: 2->7(7)
[2025-02-27T06:18:36.874+0700][gc,heap     ] GC(7) Old regions: 15->15
[2025-02-27T06:18:36.874+0700][gc,heap     ] GC(7) Humongous regions: 138->138
[2025-02-27T06:18:36.875+0700][gc,metaspace] GC(7) Metaspace: 42882K(43328K)->42882K(43328K) NonClass: 38186K(38464K)->38186K(38464K) Class: 4696K(4864K)->4696K(4864K)
[2025-02-27T06:18:36.875+0700][gc          ] GC(7) Pause Young (Prepare Mixed) (G1 Evacuation Pause) 202M->158M(1024M) 4.792ms
[2025-02-27T06:18:36.875+0700][gc,cpu      ] GC(7) User=0.02s Sys=0.00s Real=0.00s
[2025-02-27T06:18:51.921+0700][gc,heap,exit] Heap
[2025-02-27T06:18:51.921+0700][gc,heap,exit]  garbage-first heap   total 1048576K, used 200260K [0x00000007c0000000, 0x0000000800000000)
[2025-02-27T06:18:51.921+0700][gc,heap,exit]   region size 1024K, 26 young (26624K), 7 survivors (7168K)
[2025-02-27T06:18:51.921+0700][gc,heap,exit]  Metaspace       used 44488K, committed 44928K, reserved 1114112K
[2025-02-27T06:18:51.921+0700][gc,heap,exit]   class space    used 4993K, committed 5184K, reserved 1048576K
