[2025-02-27T06:43:12.186+0700][gc,init] CardTable entry size: 512
[2025-02-27T06:43:12.186+0700][gc     ] Using G1
[2025-02-27T06:43:12.187+0700][gc,init] Version: 21.0.6+7-LTS (release)
[2025-02-27T06:43:12.187+0700][gc,init] CPUs: 8 total, 8 available
[2025-02-27T06:43:12.187+0700][gc,init] Memory: 8192M
[2025-02-27T06:43:12.187+0700][gc,init] Large Page Support: Disabled
[2025-02-27T06:43:12.187+0700][gc,init] NUMA Support: Disabled
[2025-02-27T06:43:12.187+0700][gc,init] Compressed Oops: Enabled (Zero based)
[2025-02-27T06:43:12.187+0700][gc,init] Heap Region Size: 1M
[2025-02-27T06:43:12.187+0700][gc,init] Heap Min Capacity: 1G
[2025-02-27T06:43:12.187+0700][gc,init] Heap Initial Capacity: 1G
[2025-02-27T06:43:12.187+0700][gc,init] Heap Max Capacity: 1G
[2025-02-27T06:43:12.187+0700][gc,init] Pre-touch: Disabled
[2025-02-27T06:43:12.187+0700][gc,init] Parallel Workers: 8
[2025-02-27T06:43:12.187+0700][gc,init] Concurrent Workers: 2
[2025-02-27T06:43:12.187+0700][gc,init] Concurrent Refinement Workers: 8
[2025-02-27T06:43:12.187+0700][gc,init] Periodic GC: Disabled
[2025-02-27T06:43:12.191+0700][gc,metaspace] CDS archive(s) mapped at: [0x0000007000000000-0x0000007000cf0000-0x0000007000cf0000), size 13565952, SharedBaseAddress: 0x0000007000000000, ArchiveRelocationMode: 1.
[2025-02-27T06:43:12.191+0700][gc,metaspace] Compressed class space mapped at: 0x0000007001000000-0x0000007041000000, reserved size: 1073741824
[2025-02-27T06:43:12.191+0700][gc,metaspace] Narrow klass base: 0x0000007000000000, Narrow klass shift: 0, Narrow klass range: 0x100000000
[2025-02-27T06:43:12.649+0700][gc,start    ] GC(0) Pause Young (Normal) (G1 Evacuation Pause)
[2025-02-27T06:43:12.649+0700][gc,task     ] GC(0) Using 8 workers of 8 for evacuation
[2025-02-27T06:43:12.652+0700][gc,phases   ] GC(0)   Pre Evacuate Collection Set: 0.1ms
[2025-02-27T06:43:12.652+0700][gc,phases   ] GC(0)   Merge Heap Roots: 0.0ms
[2025-02-27T06:43:12.652+0700][gc,phases   ] GC(0)   Evacuate Collection Set: 2.2ms
[2025-02-27T06:43:12.652+0700][gc,phases   ] GC(0)   Post Evacuate Collection Set: 0.2ms
[2025-02-27T06:43:12.652+0700][gc,phases   ] GC(0)   Other: 0.2ms
[2025-02-27T06:43:12.652+0700][gc,heap     ] GC(0) Eden regions: 51->0(44)
[2025-02-27T06:43:12.652+0700][gc,heap     ] GC(0) Survivor regions: 0->7(7)
[2025-02-27T06:43:12.652+0700][gc,heap     ] GC(0) Old regions: 2->4
[2025-02-27T06:43:12.652+0700][gc,heap     ] GC(0) Humongous regions: 0->0
[2025-02-27T06:43:12.652+0700][gc,metaspace] GC(0) Metaspace: 17070K(17344K)->17070K(17344K) NonClass: 15105K(15232K)->15105K(15232K) Class: 1964K(2112K)->1964K(2112K)
[2025-02-27T06:43:12.652+0700][gc          ] GC(0) Pause Young (Normal) (G1 Evacuation Pause) 52M->9M(1024M) 2.945ms
[2025-02-27T06:43:12.652+0700][gc,cpu      ] GC(0) User=0.01s Sys=0.01s Real=0.01s
[2025-02-27T06:43:12.743+0700][gc,start    ] GC(1) Pause Young (Concurrent Start) (Metadata GC Threshold)
[2025-02-27T06:43:12.743+0700][gc,task     ] GC(1) Using 8 workers of 8 for evacuation
[2025-02-27T06:43:12.745+0700][gc,phases   ] GC(1)   Pre Evacuate Collection Set: 0.1ms
[2025-02-27T06:43:12.745+0700][gc,phases   ] GC(1)   Merge Heap Roots: 0.0ms
[2025-02-27T06:43:12.745+0700][gc,phases   ] GC(1)   Evacuate Collection Set: 1.6ms
[2025-02-27T06:43:12.745+0700][gc,phases   ] GC(1)   Post Evacuate Collection Set: 0.2ms
[2025-02-27T06:43:12.745+0700][gc,phases   ] GC(1)   Other: 0.0ms
[2025-02-27T06:43:12.745+0700][gc,heap     ] GC(1) Eden regions: 14->0(49)
[2025-02-27T06:43:12.745+0700][gc,heap     ] GC(1) Survivor regions: 7->2(7)
[2025-02-27T06:43:12.745+0700][gc,heap     ] GC(1) Old regions: 4->11
[2025-02-27T06:43:12.745+0700][gc,heap     ] GC(1) Humongous regions: 0->0
[2025-02-27T06:43:12.745+0700][gc,metaspace] GC(1) Metaspace: 21236K(21504K)->21236K(21504K) NonClass: 18825K(18944K)->18825K(18944K) Class: 2411K(2560K)->2411K(2560K)
[2025-02-27T06:43:12.745+0700][gc          ] GC(1) Pause Young (Concurrent Start) (Metadata GC Threshold) 22M->11M(1024M) 2.124ms
[2025-02-27T06:43:12.745+0700][gc          ] GC(2) Concurrent Mark Cycle
[2025-02-27T06:43:12.745+0700][gc,cpu      ] GC(1) User=0.02s Sys=0.00s Real=0.00s
[2025-02-27T06:43:12.745+0700][gc,marking  ] GC(2) Concurrent Scan Root Regions
[2025-02-27T06:43:12.747+0700][gc,marking  ] GC(2) Concurrent Scan Root Regions 1.165ms
[2025-02-27T06:43:12.747+0700][gc,marking  ] GC(2) Concurrent Mark
[2025-02-27T06:43:12.747+0700][gc,marking  ] GC(2) Concurrent Mark From Roots
[2025-02-27T06:43:12.747+0700][gc,task     ] GC(2) Using 2 workers of 2 for marking
[2025-02-27T06:43:12.748+0700][gc,marking  ] GC(2) Concurrent Mark From Roots 0.898ms
[2025-02-27T06:43:12.748+0700][gc,marking  ] GC(2) Concurrent Preclean
[2025-02-27T06:43:12.748+0700][gc,marking  ] GC(2) Concurrent Preclean 0.005ms
[2025-02-27T06:43:12.748+0700][gc,start    ] GC(2) Pause Remark
[2025-02-27T06:43:12.749+0700][gc          ] GC(2) Pause Remark 12M->12M(1024M) 0.950ms
[2025-02-27T06:43:12.749+0700][gc,cpu      ] GC(2) User=0.01s Sys=0.00s Real=0.00s
[2025-02-27T06:43:12.749+0700][gc,marking  ] GC(2) Concurrent Mark 1.923ms
[2025-02-27T06:43:12.749+0700][gc,marking  ] GC(2) Concurrent Rebuild Remembered Sets and Scrub Regions
[2025-02-27T06:43:12.750+0700][gc,marking  ] GC(2) Concurrent Rebuild Remembered Sets and Scrub Regions 1.128ms
[2025-02-27T06:43:12.750+0700][gc,start    ] GC(2) Pause Cleanup
[2025-02-27T06:43:12.750+0700][gc          ] GC(2) Pause Cleanup 12M->12M(1024M) 0.063ms
[2025-02-27T06:43:12.750+0700][gc,cpu      ] GC(2) User=0.00s Sys=0.00s Real=0.00s
[2025-02-27T06:43:12.750+0700][gc,marking  ] GC(2) Concurrent Clear Claimed Marks
[2025-02-27T06:43:12.750+0700][gc,marking  ] GC(2) Concurrent Clear Claimed Marks 0.008ms
[2025-02-27T06:43:12.750+0700][gc,marking  ] GC(2) Concurrent Cleanup for Next Mark
[2025-02-27T06:43:12.751+0700][gc,marking  ] GC(2) Concurrent Cleanup for Next Mark 1.044ms
[2025-02-27T06:43:12.751+0700][gc          ] GC(2) Concurrent Mark Cycle 5.424ms
[2025-02-27T06:43:13.071+0700][gc,start    ] GC(3) Pause Young (Prepare Mixed) (G1 Evacuation Pause)
[2025-02-27T06:43:13.071+0700][gc,task     ] GC(3) Using 8 workers of 8 for evacuation
[2025-02-27T06:43:13.073+0700][gc,phases   ] GC(3)   Pre Evacuate Collection Set: 0.2ms
[2025-02-27T06:43:13.073+0700][gc,phases   ] GC(3)   Merge Heap Roots: 0.0ms
[2025-02-27T06:43:13.073+0700][gc,phases   ] GC(3)   Evacuate Collection Set: 2.2ms
[2025-02-27T06:43:13.073+0700][gc,phases   ] GC(3)   Post Evacuate Collection Set: 0.3ms
[2025-02-27T06:43:13.073+0700][gc,phases   ] GC(3)   Other: 0.0ms
[2025-02-27T06:43:13.073+0700][gc,heap     ] GC(3) Eden regions: 49->0(46)
[2025-02-27T06:43:13.073+0700][gc,heap     ] GC(3) Survivor regions: 2->5(7)
[2025-02-27T06:43:13.073+0700][gc,heap     ] GC(3) Old regions: 11->11
[2025-02-27T06:43:13.073+0700][gc,heap     ] GC(3) Humongous regions: 1->1
[2025-02-27T06:43:13.073+0700][gc,metaspace] GC(3) Metaspace: 33067K(33408K)->33067K(33408K) NonClass: 29478K(29632K)->29478K(29632K) Class: 3588K(3776K)->3588K(3776K)
[2025-02-27T06:43:13.073+0700][gc          ] GC(3) Pause Young (Prepare Mixed) (G1 Evacuation Pause) 61M->15M(1024M) 2.806ms
[2025-02-27T06:43:13.073+0700][gc,cpu      ] GC(3) User=0.02s Sys=0.00s Real=0.00s
[2025-02-27T06:43:13.144+0700][gc,start    ] GC(4) Pause Young (Mixed) (Metadata GC Threshold)
[2025-02-27T06:43:13.144+0700][gc,task     ] GC(4) Using 8 workers of 8 for evacuation
[2025-02-27T06:43:13.145+0700][gc,phases   ] GC(4)   Pre Evacuate Collection Set: 0.2ms
[2025-02-27T06:43:13.145+0700][gc,phases   ] GC(4)   Merge Heap Roots: 0.0ms
[2025-02-27T06:43:13.145+0700][gc,phases   ] GC(4)   Evacuate Collection Set: 1.5ms
[2025-02-27T06:43:13.145+0700][gc,phases   ] GC(4)   Post Evacuate Collection Set: 0.2ms
[2025-02-27T06:43:13.145+0700][gc,phases   ] GC(4)   Other: 0.0ms
[2025-02-27T06:43:13.145+0700][gc,heap     ] GC(4) Eden regions: 11->0(47)
[2025-02-27T06:43:13.146+0700][gc,heap     ] GC(4) Survivor regions: 5->4(7)
[2025-02-27T06:43:13.146+0700][gc,heap     ] GC(4) Old regions: 11->11
[2025-02-27T06:43:13.146+0700][gc,heap     ] GC(4) Humongous regions: 11->11
[2025-02-27T06:43:13.146+0700][gc,metaspace] GC(4) Metaspace: 35783K(36096K)->35783K(36096K) NonClass: 31866K(32000K)->31866K(32000K) Class: 3916K(4096K)->3916K(4096K)
[2025-02-27T06:43:13.146+0700][gc          ] GC(4) Pause Young (Mixed) (Metadata GC Threshold) 35M->25M(1024M) 1.965ms
[2025-02-27T06:43:13.146+0700][gc,cpu      ] GC(4) User=0.02s Sys=0.00s Real=0.00s
[2025-02-27T06:43:13.151+0700][gc,start    ] GC(5) Pause Young (Concurrent Start) (Metadata GC Threshold)
[2025-02-27T06:43:13.151+0700][gc,task     ] GC(5) Using 8 workers of 8 for evacuation
[2025-02-27T06:43:13.153+0700][gc,phases   ] GC(5)   Pre Evacuate Collection Set: 0.1ms
[2025-02-27T06:43:13.153+0700][gc,phases   ] GC(5)   Merge Heap Roots: 0.0ms
[2025-02-27T06:43:13.153+0700][gc,phases   ] GC(5)   Evacuate Collection Set: 1.6ms
[2025-02-27T06:43:13.153+0700][gc,phases   ] GC(5)   Post Evacuate Collection Set: 0.2ms
[2025-02-27T06:43:13.153+0700][gc,phases   ] GC(5)   Other: 0.0ms
[2025-02-27T06:43:13.153+0700][gc,heap     ] GC(5) Eden regions: 2->0(50)
[2025-02-27T06:43:13.153+0700][gc,heap     ] GC(5) Survivor regions: 4->1(7)
[2025-02-27T06:43:13.153+0700][gc,heap     ] GC(5) Old regions: 11->15
[2025-02-27T06:43:13.153+0700][gc,heap     ] GC(5) Humongous regions: 12->12
[2025-02-27T06:43:13.153+0700][gc,metaspace] GC(5) Metaspace: 36086K(36416K)->36086K(36416K) NonClass: 32140K(32320K)->32140K(32320K) Class: 3945K(4096K)->3945K(4096K)
[2025-02-27T06:43:13.153+0700][gc          ] GC(5) Pause Young (Concurrent Start) (Metadata GC Threshold) 28M->26M(1024M) 2.054ms
[2025-02-27T06:43:13.153+0700][gc          ] GC(6) Concurrent Mark Cycle
[2025-02-27T06:43:13.153+0700][gc,cpu      ] GC(5) User=0.02s Sys=0.00s Real=0.00s
[2025-02-27T06:43:13.153+0700][gc,marking  ] GC(6) Concurrent Scan Root Regions
[2025-02-27T06:43:13.154+0700][gc,marking  ] GC(6) Concurrent Scan Root Regions 1.023ms
[2025-02-27T06:43:13.154+0700][gc,marking  ] GC(6) Concurrent Mark
[2025-02-27T06:43:13.154+0700][gc,marking  ] GC(6) Concurrent Mark From Roots
[2025-02-27T06:43:13.154+0700][gc,task     ] GC(6) Using 2 workers of 2 for marking
[2025-02-27T06:43:13.157+0700][gc,marking  ] GC(6) Concurrent Mark From Roots 3.252ms
[2025-02-27T06:43:13.157+0700][gc,marking  ] GC(6) Concurrent Preclean
[2025-02-27T06:43:13.157+0700][gc,marking  ] GC(6) Concurrent Preclean 0.021ms
[2025-02-27T06:43:13.157+0700][gc,start    ] GC(6) Pause Remark
[2025-02-27T06:43:13.158+0700][gc          ] GC(6) Pause Remark 28M->28M(1024M) 1.109ms
[2025-02-27T06:43:13.158+0700][gc,cpu      ] GC(6) User=0.00s Sys=0.01s Real=0.00s
[2025-02-27T06:43:13.158+0700][gc,marking  ] GC(6) Concurrent Mark 4.623ms
[2025-02-27T06:43:13.158+0700][gc,marking  ] GC(6) Concurrent Rebuild Remembered Sets and Scrub Regions
[2025-02-27T06:43:13.162+0700][gc,marking  ] GC(6) Concurrent Rebuild Remembered Sets and Scrub Regions 3.448ms
[2025-02-27T06:43:13.162+0700][gc,start    ] GC(6) Pause Cleanup
[2025-02-27T06:43:13.162+0700][gc          ] GC(6) Pause Cleanup 29M->29M(1024M) 0.071ms
[2025-02-27T06:43:13.162+0700][gc,cpu      ] GC(6) User=0.00s Sys=0.00s Real=0.00s
[2025-02-27T06:43:13.162+0700][gc,marking  ] GC(6) Concurrent Clear Claimed Marks
[2025-02-27T06:43:13.162+0700][gc,marking  ] GC(6) Concurrent Clear Claimed Marks 0.016ms
[2025-02-27T06:43:13.162+0700][gc,marking  ] GC(6) Concurrent Cleanup for Next Mark
[2025-02-27T06:43:13.163+0700][gc,marking  ] GC(6) Concurrent Cleanup for Next Mark 1.289ms
[2025-02-27T06:43:13.163+0700][gc          ] GC(6) Concurrent Mark Cycle 10.764ms
[2025-02-27T06:43:13.318+0700][gc,start    ] GC(7) Pause Young (Prepare Mixed) (G1 Evacuation Pause)
[2025-02-27T06:43:13.318+0700][gc,task     ] GC(7) Using 8 workers of 8 for evacuation
[2025-02-27T06:43:13.320+0700][gc,phases   ] GC(7)   Pre Evacuate Collection Set: 0.1ms
[2025-02-27T06:43:13.320+0700][gc,phases   ] GC(7)   Merge Heap Roots: 0.0ms
[2025-02-27T06:43:13.320+0700][gc,phases   ] GC(7)   Evacuate Collection Set: 1.6ms
[2025-02-27T06:43:13.320+0700][gc,phases   ] GC(7)   Post Evacuate Collection Set: 0.2ms
[2025-02-27T06:43:13.320+0700][gc,phases   ] GC(7)   Other: 0.0ms
[2025-02-27T06:43:13.320+0700][gc,heap     ] GC(7) Eden regions: 50->0(46)
[2025-02-27T06:43:13.320+0700][gc,heap     ] GC(7) Survivor regions: 1->5(7)
[2025-02-27T06:43:13.320+0700][gc,heap     ] GC(7) Old regions: 15->15
[2025-02-27T06:43:13.320+0700][gc,heap     ] GC(7) Humongous regions: 12->10
[2025-02-27T06:43:13.320+0700][gc,metaspace] GC(7) Metaspace: 42850K(43200K)->42850K(43200K) NonClass: 38232K(38464K)->38232K(38464K) Class: 4617K(4736K)->4617K(4736K)
[2025-02-27T06:43:13.320+0700][gc          ] GC(7) Pause Young (Prepare Mixed) (G1 Evacuation Pause) 76M->28M(1024M) 2.121ms
[2025-02-27T06:43:13.320+0700][gc,cpu      ] GC(7) User=0.01s Sys=0.00s Real=0.01s
[2025-02-27T06:43:19.170+0700][gc,heap,exit] Heap
[2025-02-27T06:43:19.170+0700][gc,heap,exit]  garbage-first heap   total 1048576K, used 220654K [0x00000007c0000000, 0x0000000800000000)
[2025-02-27T06:43:19.170+0700][gc,heap,exit]   region size 1024K, 45 young (46080K), 5 survivors (5120K)
[2025-02-27T06:43:19.170+0700][gc,heap,exit]  Metaspace       used 46550K, committed 47104K, reserved 1114112K
[2025-02-27T06:43:19.170+0700][gc,heap,exit]   class space    used 5259K, committed 5504K, reserved 1048576K
