[2025-02-27T07:00:07.154+0700][gc,init] CardTable entry size: 512
[2025-02-27T07:00:07.154+0700][gc     ] Using G1
[2025-02-27T07:00:07.155+0700][gc,init] Version: 21.0.6+7-LTS (release)
[2025-02-27T07:00:07.155+0700][gc,init] CPUs: 8 total, 8 available
[2025-02-27T07:00:07.155+0700][gc,init] Memory: 8192M
[2025-02-27T07:00:07.155+0700][gc,init] Large Page Support: Disabled
[2025-02-27T07:00:07.155+0700][gc,init] NUMA Support: Disabled
[2025-02-27T07:00:07.155+0700][gc,init] Compressed Oops: Enabled (Zero based)
[2025-02-27T07:00:07.155+0700][gc,init] Heap Region Size: 1M
[2025-02-27T07:00:07.155+0700][gc,init] Heap Min Capacity: 1G
[2025-02-27T07:00:07.155+0700][gc,init] Heap Initial Capacity: 1G
[2025-02-27T07:00:07.155+0700][gc,init] Heap Max Capacity: 1G
[2025-02-27T07:00:07.155+0700][gc,init] Pre-touch: Disabled
[2025-02-27T07:00:07.155+0700][gc,init] Parallel Workers: 8
[2025-02-27T07:00:07.155+0700][gc,init] Concurrent Workers: 2
[2025-02-27T07:00:07.155+0700][gc,init] Concurrent Refinement Workers: 8
[2025-02-27T07:00:07.155+0700][gc,init] Periodic GC: Disabled
[2025-02-27T07:00:07.159+0700][gc,metaspace] CDS archive(s) mapped at: [0x0000008000000000-0x0000008000cf0000-0x0000008000cf0000), size 13565952, SharedBaseAddress: 0x0000008000000000, ArchiveRelocationMode: 1.
[2025-02-27T07:00:07.159+0700][gc,metaspace] Compressed class space mapped at: 0x0000008001000000-0x0000008041000000, reserved size: 1073741824
[2025-02-27T07:00:07.159+0700][gc,metaspace] Narrow klass base: 0x0000008000000000, Narrow klass shift: 0, Narrow klass range: 0x100000000
[2025-02-27T07:00:07.617+0700][gc,start    ] GC(0) Pause Young (Normal) (G1 Evacuation Pause)
[2025-02-27T07:00:07.617+0700][gc,task     ] GC(0) Using 8 workers of 8 for evacuation
[2025-02-27T07:00:07.620+0700][gc,phases   ] GC(0)   Pre Evacuate Collection Set: 0.2ms
[2025-02-27T07:00:07.620+0700][gc,phases   ] GC(0)   Merge Heap Roots: 0.0ms
[2025-02-27T07:00:07.620+0700][gc,phases   ] GC(0)   Evacuate Collection Set: 2.3ms
[2025-02-27T07:00:07.620+0700][gc,phases   ] GC(0)   Post Evacuate Collection Set: 0.2ms
[2025-02-27T07:00:07.620+0700][gc,phases   ] GC(0)   Other: 0.2ms
[2025-02-27T07:00:07.620+0700][gc,heap     ] GC(0) Eden regions: 51->0(44)
[2025-02-27T07:00:07.620+0700][gc,heap     ] GC(0) Survivor regions: 0->7(7)
[2025-02-27T07:00:07.620+0700][gc,heap     ] GC(0) Old regions: 2->4
[2025-02-27T07:00:07.620+0700][gc,heap     ] GC(0) Humongous regions: 0->0
[2025-02-27T07:00:07.620+0700][gc,metaspace] GC(0) Metaspace: 17012K(17280K)->17012K(17280K) NonClass: 15050K(15168K)->15050K(15168K) Class: 1962K(2112K)->1962K(2112K)
[2025-02-27T07:00:07.620+0700][gc          ] GC(0) Pause Young (Normal) (G1 Evacuation Pause) 52M->9M(1024M) 2.988ms
[2025-02-27T07:00:07.620+0700][gc,cpu      ] GC(0) User=0.02s Sys=0.01s Real=0.01s
[2025-02-27T07:00:07.717+0700][gc,start    ] GC(1) Pause Young (Concurrent Start) (Metadata GC Threshold)
[2025-02-27T07:00:07.717+0700][gc,task     ] GC(1) Using 8 workers of 8 for evacuation
[2025-02-27T07:00:07.719+0700][gc,phases   ] GC(1)   Pre Evacuate Collection Set: 0.2ms
[2025-02-27T07:00:07.719+0700][gc,phases   ] GC(1)   Merge Heap Roots: 0.0ms
[2025-02-27T07:00:07.719+0700][gc,phases   ] GC(1)   Evacuate Collection Set: 1.8ms
[2025-02-27T07:00:07.719+0700][gc,phases   ] GC(1)   Post Evacuate Collection Set: 0.2ms
[2025-02-27T07:00:07.719+0700][gc,phases   ] GC(1)   Other: 0.0ms
[2025-02-27T07:00:07.719+0700][gc,heap     ] GC(1) Eden regions: 14->0(49)
[2025-02-27T07:00:07.719+0700][gc,heap     ] GC(1) Survivor regions: 7->2(7)
[2025-02-27T07:00:07.719+0700][gc,heap     ] GC(1) Old regions: 4->11
[2025-02-27T07:00:07.719+0700][gc,heap     ] GC(1) Humongous regions: 0->0
[2025-02-27T07:00:07.719+0700][gc,metaspace] GC(1) Metaspace: 21328K(21504K)->21328K(21504K) NonClass: 18915K(19008K)->18915K(19008K) Class: 2412K(2496K)->2412K(2496K)
[2025-02-27T07:00:07.719+0700][gc          ] GC(1) Pause Young (Concurrent Start) (Metadata GC Threshold) 23M->11M(1024M) 2.308ms
[2025-02-27T07:00:07.719+0700][gc          ] GC(2) Concurrent Mark Cycle
[2025-02-27T07:00:07.719+0700][gc,cpu      ] GC(1) User=0.01s Sys=0.01s Real=0.00s
[2025-02-27T07:00:07.719+0700][gc,marking  ] GC(2) Concurrent Scan Root Regions
[2025-02-27T07:00:07.720+0700][gc,marking  ] GC(2) Concurrent Scan Root Regions 1.217ms
[2025-02-27T07:00:07.720+0700][gc,marking  ] GC(2) Concurrent Mark
[2025-02-27T07:00:07.720+0700][gc,marking  ] GC(2) Concurrent Mark From Roots
[2025-02-27T07:00:07.720+0700][gc,task     ] GC(2) Using 2 workers of 2 for marking
[2025-02-27T07:00:07.721+0700][gc,marking  ] GC(2) Concurrent Mark From Roots 1.055ms
[2025-02-27T07:00:07.721+0700][gc,marking  ] GC(2) Concurrent Preclean
[2025-02-27T07:00:07.721+0700][gc,marking  ] GC(2) Concurrent Preclean 0.005ms
[2025-02-27T07:00:07.721+0700][gc,start    ] GC(2) Pause Remark
[2025-02-27T07:00:07.722+0700][gc          ] GC(2) Pause Remark 12M->12M(1024M) 0.973ms
[2025-02-27T07:00:07.722+0700][gc,cpu      ] GC(2) User=0.01s Sys=0.00s Real=0.00s
[2025-02-27T07:00:07.722+0700][gc,marking  ] GC(2) Concurrent Mark 2.107ms
[2025-02-27T07:00:07.722+0700][gc,marking  ] GC(2) Concurrent Rebuild Remembered Sets and Scrub Regions
[2025-02-27T07:00:07.724+0700][gc,marking  ] GC(2) Concurrent Rebuild Remembered Sets and Scrub Regions 1.213ms
[2025-02-27T07:00:07.724+0700][gc,start    ] GC(2) Pause Cleanup
[2025-02-27T07:00:07.724+0700][gc          ] GC(2) Pause Cleanup 12M->12M(1024M) 0.047ms
[2025-02-27T07:00:07.724+0700][gc,cpu      ] GC(2) User=0.00s Sys=0.00s Real=0.00s
[2025-02-27T07:00:07.724+0700][gc,marking  ] GC(2) Concurrent Clear Claimed Marks
[2025-02-27T07:00:07.724+0700][gc,marking  ] GC(2) Concurrent Clear Claimed Marks 0.011ms
[2025-02-27T07:00:07.724+0700][gc,marking  ] GC(2) Concurrent Cleanup for Next Mark
[2025-02-27T07:00:07.725+0700][gc,marking  ] GC(2) Concurrent Cleanup for Next Mark 1.063ms
[2025-02-27T07:00:07.725+0700][gc          ] GC(2) Concurrent Mark Cycle 5.817ms
[2025-02-27T07:00:08.029+0700][gc,start    ] GC(3) Pause Young (Prepare Mixed) (G1 Evacuation Pause)
[2025-02-27T07:00:08.029+0700][gc,task     ] GC(3) Using 8 workers of 8 for evacuation
[2025-02-27T07:00:08.030+0700][gc,phases   ] GC(3)   Pre Evacuate Collection Set: 0.1ms
[2025-02-27T07:00:08.030+0700][gc,phases   ] GC(3)   Merge Heap Roots: 0.0ms
[2025-02-27T07:00:08.030+0700][gc,phases   ] GC(3)   Evacuate Collection Set: 1.4ms
[2025-02-27T07:00:08.030+0700][gc,phases   ] GC(3)   Post Evacuate Collection Set: 0.2ms
[2025-02-27T07:00:08.030+0700][gc,phases   ] GC(3)   Other: 0.0ms
[2025-02-27T07:00:08.030+0700][gc,heap     ] GC(3) Eden regions: 49->0(46)
[2025-02-27T07:00:08.030+0700][gc,heap     ] GC(3) Survivor regions: 2->5(7)
[2025-02-27T07:00:08.030+0700][gc,heap     ] GC(3) Old regions: 11->11
[2025-02-27T07:00:08.030+0700][gc,heap     ] GC(3) Humongous regions: 1->1
[2025-02-27T07:00:08.030+0700][gc,metaspace] GC(3) Metaspace: 32753K(33088K)->32753K(33088K) NonClass: 29202K(29376K)->29202K(29376K) Class: 3551K(3712K)->3551K(3712K)
[2025-02-27T07:00:08.030+0700][gc          ] GC(3) Pause Young (Prepare Mixed) (G1 Evacuation Pause) 61M->14M(1024M) 1.868ms
[2025-02-27T07:00:08.030+0700][gc,cpu      ] GC(3) User=0.02s Sys=0.00s Real=0.01s
[2025-02-27T07:00:08.105+0700][gc,start    ] GC(4) Pause Young (Mixed) (Metadata GC Threshold)
[2025-02-27T07:00:08.105+0700][gc,task     ] GC(4) Using 8 workers of 8 for evacuation
[2025-02-27T07:00:08.107+0700][gc,phases   ] GC(4)   Pre Evacuate Collection Set: 0.2ms
[2025-02-27T07:00:08.107+0700][gc,phases   ] GC(4)   Merge Heap Roots: 0.0ms
[2025-02-27T07:00:08.107+0700][gc,phases   ] GC(4)   Evacuate Collection Set: 1.6ms
[2025-02-27T07:00:08.107+0700][gc,phases   ] GC(4)   Post Evacuate Collection Set: 0.1ms
[2025-02-27T07:00:08.107+0700][gc,phases   ] GC(4)   Other: 0.0ms
[2025-02-27T07:00:08.107+0700][gc,heap     ] GC(4) Eden regions: 12->0(46)
[2025-02-27T07:00:08.107+0700][gc,heap     ] GC(4) Survivor regions: 5->5(7)
[2025-02-27T07:00:08.107+0700][gc,heap     ] GC(4) Old regions: 11->11
[2025-02-27T07:00:08.107+0700][gc,heap     ] GC(4) Humongous regions: 11->11
[2025-02-27T07:00:08.107+0700][gc,metaspace] GC(4) Metaspace: 35829K(36160K)->35829K(36160K) NonClass: 31907K(32064K)->31907K(32064K) Class: 3921K(4096K)->3921K(4096K)
[2025-02-27T07:00:08.107+0700][gc          ] GC(4) Pause Young (Mixed) (Metadata GC Threshold) 36M->25M(1024M) 2.122ms
[2025-02-27T07:00:08.107+0700][gc,cpu      ] GC(4) User=0.02s Sys=0.00s Real=0.00s
[2025-02-27T07:00:08.114+0700][gc,start    ] GC(5) Pause Young (Concurrent Start) (Metadata GC Threshold)
[2025-02-27T07:00:08.114+0700][gc,task     ] GC(5) Using 8 workers of 8 for evacuation
[2025-02-27T07:00:08.116+0700][gc,phases   ] GC(5)   Pre Evacuate Collection Set: 0.1ms
[2025-02-27T07:00:08.116+0700][gc,phases   ] GC(5)   Merge Heap Roots: 0.0ms
[2025-02-27T07:00:08.116+0700][gc,phases   ] GC(5)   Evacuate Collection Set: 1.5ms
[2025-02-27T07:00:08.116+0700][gc,phases   ] GC(5)   Post Evacuate Collection Set: 0.2ms
[2025-02-27T07:00:08.116+0700][gc,phases   ] GC(5)   Other: 0.0ms
[2025-02-27T07:00:08.116+0700][gc,heap     ] GC(5) Eden regions: 3->0(50)
[2025-02-27T07:00:08.116+0700][gc,heap     ] GC(5) Survivor regions: 5->1(7)
[2025-02-27T07:00:08.116+0700][gc,heap     ] GC(5) Old regions: 11->14
[2025-02-27T07:00:08.116+0700][gc,heap     ] GC(5) Humongous regions: 12->12
[2025-02-27T07:00:08.116+0700][gc,metaspace] GC(5) Metaspace: 36158K(36480K)->36158K(36480K) NonClass: 32200K(32384K)->32200K(32384K) Class: 3957K(4096K)->3957K(4096K)
[2025-02-27T07:00:08.116+0700][gc          ] GC(5) Pause Young (Concurrent Start) (Metadata GC Threshold) 29M->26M(1024M) 1.879ms
[2025-02-27T07:00:08.116+0700][gc          ] GC(6) Concurrent Mark Cycle
[2025-02-27T07:00:08.116+0700][gc,cpu      ] GC(5) User=0.01s Sys=0.00s Real=0.00s
[2025-02-27T07:00:08.116+0700][gc,marking  ] GC(6) Concurrent Scan Root Regions
[2025-02-27T07:00:08.118+0700][gc,marking  ] GC(6) Concurrent Scan Root Regions 2.066ms
[2025-02-27T07:00:08.118+0700][gc,marking  ] GC(6) Concurrent Mark
[2025-02-27T07:00:08.118+0700][gc,marking  ] GC(6) Concurrent Mark From Roots
[2025-02-27T07:00:08.118+0700][gc,task     ] GC(6) Using 2 workers of 2 for marking
[2025-02-27T07:00:08.122+0700][gc,marking  ] GC(6) Concurrent Mark From Roots 4.290ms
[2025-02-27T07:00:08.122+0700][gc,marking  ] GC(6) Concurrent Preclean
[2025-02-27T07:00:08.122+0700][gc,marking  ] GC(6) Concurrent Preclean 0.034ms
[2025-02-27T07:00:08.123+0700][gc,start    ] GC(6) Pause Remark
[2025-02-27T07:00:08.124+0700][gc          ] GC(6) Pause Remark 29M->29M(1024M) 1.088ms
[2025-02-27T07:00:08.124+0700][gc,cpu      ] GC(6) User=0.00s Sys=0.00s Real=0.00s
[2025-02-27T07:00:08.126+0700][gc,marking  ] GC(6) Concurrent Mark 7.603ms
[2025-02-27T07:00:08.126+0700][gc,marking  ] GC(6) Concurrent Rebuild Remembered Sets and Scrub Regions
[2025-02-27T07:00:08.129+0700][gc,marking  ] GC(6) Concurrent Rebuild Remembered Sets and Scrub Regions 3.683ms
[2025-02-27T07:00:08.129+0700][gc,start    ] GC(6) Pause Cleanup
[2025-02-27T07:00:08.129+0700][gc          ] GC(6) Pause Cleanup 30M->30M(1024M) 0.073ms
[2025-02-27T07:00:08.129+0700][gc,cpu      ] GC(6) User=0.00s Sys=0.00s Real=0.00s
[2025-02-27T07:00:08.129+0700][gc,marking  ] GC(6) Concurrent Clear Claimed Marks
[2025-02-27T07:00:08.130+0700][gc,marking  ] GC(6) Concurrent Clear Claimed Marks 0.019ms
[2025-02-27T07:00:08.130+0700][gc,marking  ] GC(6) Concurrent Cleanup for Next Mark
[2025-02-27T07:00:08.131+0700][gc,marking  ] GC(6) Concurrent Cleanup for Next Mark 1.285ms
[2025-02-27T07:00:08.131+0700][gc          ] GC(6) Concurrent Mark Cycle 15.023ms
[2025-02-27T07:00:08.269+0700][gc,start    ] GC(7) Pause Young (Prepare Mixed) (G1 Evacuation Pause)
[2025-02-27T07:00:08.269+0700][gc,task     ] GC(7) Using 8 workers of 8 for evacuation
[2025-02-27T07:00:08.271+0700][gc,phases   ] GC(7)   Pre Evacuate Collection Set: 0.1ms
[2025-02-27T07:00:08.271+0700][gc,phases   ] GC(7)   Merge Heap Roots: 0.0ms
[2025-02-27T07:00:08.271+0700][gc,phases   ] GC(7)   Evacuate Collection Set: 1.6ms
[2025-02-27T07:00:08.271+0700][gc,phases   ] GC(7)   Post Evacuate Collection Set: 0.2ms
[2025-02-27T07:00:08.271+0700][gc,phases   ] GC(7)   Other: 0.0ms
[2025-02-27T07:00:08.271+0700][gc,heap     ] GC(7) Eden regions: 50->0(46)
[2025-02-27T07:00:08.271+0700][gc,heap     ] GC(7) Survivor regions: 1->5(7)
[2025-02-27T07:00:08.271+0700][gc,heap     ] GC(7) Old regions: 14->14
[2025-02-27T07:00:08.271+0700][gc,heap     ] GC(7) Humongous regions: 12->10
[2025-02-27T07:00:08.271+0700][gc,metaspace] GC(7) Metaspace: 42789K(43200K)->42789K(43200K) NonClass: 38182K(38400K)->38182K(38400K) Class: 4607K(4800K)->4607K(4800K)
[2025-02-27T07:00:08.271+0700][gc          ] GC(7) Pause Young (Prepare Mixed) (G1 Evacuation Pause) 76M->28M(1024M) 2.064ms
[2025-02-27T07:00:08.271+0700][gc,cpu      ] GC(7) User=0.01s Sys=0.01s Real=0.01s
[2025-02-27T07:00:29.421+0700][gc,heap,exit] Heap
[2025-02-27T07:00:29.421+0700][gc,heap,exit]  garbage-first heap   total 1048576K, used 221904K [0x00000007c0000000, 0x0000000800000000)
[2025-02-27T07:00:29.421+0700][gc,heap,exit]   region size 1024K, 47 young (48128K), 5 survivors (5120K)
[2025-02-27T07:00:29.421+0700][gc,heap,exit]  Metaspace       used 46687K, committed 47168K, reserved 1114112K
[2025-02-27T07:00:29.421+0700][gc,heap,exit]   class space    used 5265K, committed 5504K, reserved 1048576K
