[2025-02-27T06:19:16.403+0700][gc,init] CardTable entry size: 512
[2025-02-27T06:19:16.403+0700][gc     ] Using G1
[2025-02-27T06:19:16.404+0700][gc,init] Version: 21.0.6+7-LTS (release)
[2025-02-27T06:19:16.404+0700][gc,init] CPUs: 8 total, 8 available
[2025-02-27T06:19:16.404+0700][gc,init] Memory: 8192M
[2025-02-27T06:19:16.404+0700][gc,init] Large Page Support: Disabled
[2025-02-27T06:19:16.404+0700][gc,init] NUMA Support: Disabled
[2025-02-27T06:19:16.404+0700][gc,init] Compressed Oops: Enabled (Zero based)
[2025-02-27T06:19:16.404+0700][gc,init] Heap Region Size: 1M
[2025-02-27T06:19:16.404+0700][gc,init] Heap Min Capacity: 1G
[2025-02-27T06:19:16.404+0700][gc,init] Heap Initial Capacity: 1G
[2025-02-27T06:19:16.404+0700][gc,init] Heap Max Capacity: 1G
[2025-02-27T06:19:16.404+0700][gc,init] Pre-touch: Disabled
[2025-02-27T06:19:16.404+0700][gc,init] Parallel Workers: 8
[2025-02-27T06:19:16.404+0700][gc,init] Concurrent Workers: 2
[2025-02-27T06:19:16.404+0700][gc,init] Concurrent Refinement Workers: 8
[2025-02-27T06:19:16.404+0700][gc,init] Periodic GC: Disabled
[2025-02-27T06:19:16.408+0700][gc,metaspace] CDS archive(s) mapped at: [0x0000000600000000-0x0000000600cf0000-0x0000000600cf0000), size 13565952, SharedBaseAddress: 0x0000000600000000, ArchiveRelocationMode: 1.
[2025-02-27T06:19:16.408+0700][gc,metaspace] Compressed class space mapped at: 0x0000000601000000-0x0000000641000000, reserved size: 1073741824
[2025-02-27T06:19:16.408+0700][gc,metaspace] Narrow klass base: 0x0000000600000000, Narrow klass shift: 0, Narrow klass range: 0x100000000
[2025-02-27T06:19:16.834+0700][gc,start    ] GC(0) Pause Young (Normal) (G1 Evacuation Pause)
[2025-02-27T06:19:16.834+0700][gc,task     ] GC(0) Using 8 workers of 8 for evacuation
[2025-02-27T06:19:16.837+0700][gc,phases   ] GC(0)   Pre Evacuate Collection Set: 0.1ms
[2025-02-27T06:19:16.837+0700][gc,phases   ] GC(0)   Merge Heap Roots: 0.1ms
[2025-02-27T06:19:16.837+0700][gc,phases   ] GC(0)   Evacuate Collection Set: 2.0ms
[2025-02-27T06:19:16.837+0700][gc,phases   ] GC(0)   Post Evacuate Collection Set: 0.3ms
[2025-02-27T06:19:16.837+0700][gc,phases   ] GC(0)   Other: 0.2ms
[2025-02-27T06:19:16.837+0700][gc,heap     ] GC(0) Eden regions: 51->0(44)
[2025-02-27T06:19:16.837+0700][gc,heap     ] GC(0) Survivor regions: 0->7(7)
[2025-02-27T06:19:16.837+0700][gc,heap     ] GC(0) Old regions: 2->4
[2025-02-27T06:19:16.837+0700][gc,heap     ] GC(0) Humongous regions: 0->0
[2025-02-27T06:19:16.837+0700][gc,metaspace] GC(0) Metaspace: 17286K(17472K)->17286K(17472K) NonClass: 15285K(15360K)->15285K(15360K) Class: 2001K(2112K)->2001K(2112K)
[2025-02-27T06:19:16.837+0700][gc          ] GC(0) Pause Young (Normal) (G1 Evacuation Pause) 52M->9M(1024M) 2.799ms
[2025-02-27T06:19:16.837+0700][gc,cpu      ] GC(0) User=0.02s Sys=0.01s Real=0.00s
[2025-02-27T06:19:16.891+0700][gc,start    ] GC(1) Pause Young (Concurrent Start) (Metadata GC Threshold)
[2025-02-27T06:19:16.891+0700][gc,task     ] GC(1) Using 8 workers of 8 for evacuation
[2025-02-27T06:19:16.893+0700][gc,phases   ] GC(1)   Pre Evacuate Collection Set: 0.1ms
[2025-02-27T06:19:16.893+0700][gc,phases   ] GC(1)   Merge Heap Roots: 0.0ms
[2025-02-27T06:19:16.893+0700][gc,phases   ] GC(1)   Evacuate Collection Set: 1.7ms
[2025-02-27T06:19:16.893+0700][gc,phases   ] GC(1)   Post Evacuate Collection Set: 0.2ms
[2025-02-27T06:19:16.893+0700][gc,phases   ] GC(1)   Other: 0.0ms
[2025-02-27T06:19:16.893+0700][gc,heap     ] GC(1) Eden regions: 13->0(49)
[2025-02-27T06:19:16.893+0700][gc,heap     ] GC(1) Survivor regions: 7->2(7)
[2025-02-27T06:19:16.893+0700][gc,heap     ] GC(1) Old regions: 4->11
[2025-02-27T06:19:16.893+0700][gc,heap     ] GC(1) Humongous regions: 0->0
[2025-02-27T06:19:16.893+0700][gc,metaspace] GC(1) Metaspace: 21311K(21504K)->21311K(21504K) NonClass: 19073K(19200K)->19073K(19200K) Class: 2238K(2304K)->2238K(2304K)
[2025-02-27T06:19:16.893+0700][gc          ] GC(1) Pause Young (Concurrent Start) (Metadata GC Threshold) 22M->10M(1024M) 2.184ms
[2025-02-27T06:19:16.893+0700][gc,cpu      ] GC(1) User=0.01s Sys=0.00s Real=0.00s
[2025-02-27T06:19:16.893+0700][gc          ] GC(2) Concurrent Mark Cycle
[2025-02-27T06:19:16.893+0700][gc,marking  ] GC(2) Concurrent Scan Root Regions
[2025-02-27T06:19:16.895+0700][gc,marking  ] GC(2) Concurrent Scan Root Regions 1.219ms
[2025-02-27T06:19:16.895+0700][gc,marking  ] GC(2) Concurrent Mark
[2025-02-27T06:19:16.895+0700][gc,marking  ] GC(2) Concurrent Mark From Roots
[2025-02-27T06:19:16.895+0700][gc,task     ] GC(2) Using 2 workers of 2 for marking
[2025-02-27T06:19:16.896+0700][gc,marking  ] GC(2) Concurrent Mark From Roots 0.896ms
[2025-02-27T06:19:16.896+0700][gc,marking  ] GC(2) Concurrent Preclean
[2025-02-27T06:19:16.896+0700][gc,marking  ] GC(2) Concurrent Preclean 0.006ms
[2025-02-27T06:19:16.896+0700][gc,start    ] GC(2) Pause Remark
[2025-02-27T06:19:16.897+0700][gc          ] GC(2) Pause Remark 11M->11M(1024M) 0.914ms
[2025-02-27T06:19:16.897+0700][gc,cpu      ] GC(2) User=0.00s Sys=0.00s Real=0.00s
[2025-02-27T06:19:16.897+0700][gc,marking  ] GC(2) Concurrent Mark 1.914ms
[2025-02-27T06:19:16.897+0700][gc,marking  ] GC(2) Concurrent Rebuild Remembered Sets and Scrub Regions
[2025-02-27T06:19:16.898+0700][gc,marking  ] GC(2) Concurrent Rebuild Remembered Sets and Scrub Regions 1.235ms
[2025-02-27T06:19:16.898+0700][gc,start    ] GC(2) Pause Cleanup
[2025-02-27T06:19:16.898+0700][gc          ] GC(2) Pause Cleanup 11M->11M(1024M) 0.063ms
[2025-02-27T06:19:16.898+0700][gc,cpu      ] GC(2) User=0.00s Sys=0.00s Real=0.00s
[2025-02-27T06:19:16.898+0700][gc,marking  ] GC(2) Concurrent Clear Claimed Marks
[2025-02-27T06:19:16.898+0700][gc,marking  ] GC(2) Concurrent Clear Claimed Marks 0.011ms
[2025-02-27T06:19:16.898+0700][gc,marking  ] GC(2) Concurrent Cleanup for Next Mark
[2025-02-27T06:19:16.899+0700][gc,marking  ] GC(2) Concurrent Cleanup for Next Mark 1.104ms
[2025-02-27T06:19:16.899+0700][gc          ] GC(2) Concurrent Mark Cycle 5.703ms
[2025-02-27T06:19:17.233+0700][gc,start    ] GC(3) Pause Young (Prepare Mixed) (G1 Evacuation Pause)
[2025-02-27T06:19:17.233+0700][gc,task     ] GC(3) Using 8 workers of 8 for evacuation
[2025-02-27T06:19:17.235+0700][gc,phases   ] GC(3)   Pre Evacuate Collection Set: 0.1ms
[2025-02-27T06:19:17.235+0700][gc,phases   ] GC(3)   Merge Heap Roots: 0.0ms
[2025-02-27T06:19:17.235+0700][gc,phases   ] GC(3)   Evacuate Collection Set: 1.5ms
[2025-02-27T06:19:17.235+0700][gc,phases   ] GC(3)   Post Evacuate Collection Set: 0.2ms
[2025-02-27T06:19:17.235+0700][gc,phases   ] GC(3)   Other: 0.0ms
[2025-02-27T06:19:17.235+0700][gc,heap     ] GC(3) Eden regions: 49->0(46)
[2025-02-27T06:19:17.235+0700][gc,heap     ] GC(3) Survivor regions: 2->5(7)
[2025-02-27T06:19:17.235+0700][gc,heap     ] GC(3) Old regions: 11->11
[2025-02-27T06:19:17.235+0700][gc,heap     ] GC(3) Humongous regions: 9->9
[2025-02-27T06:19:17.235+0700][gc,metaspace] GC(3) Metaspace: 32744K(33024K)->32744K(33024K) NonClass: 29205K(29376K)->29205K(29376K) Class: 3538K(3648K)->3538K(3648K)
[2025-02-27T06:19:17.235+0700][gc          ] GC(3) Pause Young (Prepare Mixed) (G1 Evacuation Pause) 68M->22M(1024M) 2.021ms
[2025-02-27T06:19:17.235+0700][gc,cpu      ] GC(3) User=0.02s Sys=0.00s Real=0.00s
[2025-02-27T06:19:17.312+0700][gc,start    ] GC(4) Pause Young (Mixed) (Metadata GC Threshold)
[2025-02-27T06:19:17.312+0700][gc,task     ] GC(4) Using 8 workers of 8 for evacuation
[2025-02-27T06:19:17.314+0700][gc,phases   ] GC(4)   Pre Evacuate Collection Set: 0.2ms
[2025-02-27T06:19:17.314+0700][gc,phases   ] GC(4)   Merge Heap Roots: 0.0ms
[2025-02-27T06:19:17.314+0700][gc,phases   ] GC(4)   Evacuate Collection Set: 1.5ms
[2025-02-27T06:19:17.314+0700][gc,phases   ] GC(4)   Post Evacuate Collection Set: 0.2ms
[2025-02-27T06:19:17.314+0700][gc,phases   ] GC(4)   Other: 0.0ms
[2025-02-27T06:19:17.314+0700][gc,heap     ] GC(4) Eden regions: 27->0(46)
[2025-02-27T06:19:17.314+0700][gc,heap     ] GC(4) Survivor regions: 5->5(7)
[2025-02-27T06:19:17.314+0700][gc,heap     ] GC(4) Old regions: 11->11
[2025-02-27T06:19:17.314+0700][gc,heap     ] GC(4) Humongous regions: 9->9
[2025-02-27T06:19:17.314+0700][gc,metaspace] GC(4) Metaspace: 35946K(36288K)->35946K(36288K) NonClass: 32074K(32256K)->32074K(32256K) Class: 3872K(4032K)->3872K(4032K)
[2025-02-27T06:19:17.314+0700][gc          ] GC(4) Pause Young (Mixed) (Metadata GC Threshold) 49M->24M(1024M) 2.143ms
[2025-02-27T06:19:17.314+0700][gc,cpu      ] GC(4) User=0.01s Sys=0.00s Real=0.00s
[2025-02-27T06:19:17.321+0700][gc,start    ] GC(5) Pause Young (Concurrent Start) (GCLocker Initiated GC)
[2025-02-27T06:19:17.321+0700][gc,task     ] GC(5) Using 8 workers of 8 for evacuation
[2025-02-27T06:19:17.323+0700][gc,phases   ] GC(5)   Pre Evacuate Collection Set: 0.1ms
[2025-02-27T06:19:17.323+0700][gc,phases   ] GC(5)   Merge Heap Roots: 0.0ms
[2025-02-27T06:19:17.323+0700][gc,phases   ] GC(5)   Evacuate Collection Set: 2.1ms
[2025-02-27T06:19:17.323+0700][gc,phases   ] GC(5)   Post Evacuate Collection Set: 0.2ms
[2025-02-27T06:19:17.323+0700][gc,phases   ] GC(5)   Other: 0.0ms
[2025-02-27T06:19:17.323+0700][gc,heap     ] GC(5) Eden regions: 2->0(49)
[2025-02-27T06:19:17.323+0700][gc,heap     ] GC(5) Survivor regions: 5->2(7)
[2025-02-27T06:19:17.323+0700][gc,heap     ] GC(5) Old regions: 11->14
[2025-02-27T06:19:17.323+0700][gc,heap     ] GC(5) Humongous regions: 9->9
[2025-02-27T06:19:17.323+0700][gc,metaspace] GC(5) Metaspace: 36267K(36672K)->36267K(36672K) NonClass: 32353K(32576K)->32353K(32576K) Class: 3914K(4096K)->3914K(4096K)
[2025-02-27T06:19:17.323+0700][gc          ] GC(5) Pause Young (Concurrent Start) (GCLocker Initiated GC) 25M->24M(1024M) 2.612ms
[2025-02-27T06:19:17.323+0700][gc,cpu      ] GC(5) User=0.01s Sys=0.00s Real=0.00s
[2025-02-27T06:19:17.323+0700][gc          ] GC(6) Concurrent Mark Cycle
[2025-02-27T06:19:17.323+0700][gc,marking  ] GC(6) Concurrent Scan Root Regions
[2025-02-27T06:19:17.327+0700][gc,marking  ] GC(6) Concurrent Scan Root Regions 3.370ms
[2025-02-27T06:19:17.327+0700][gc,marking  ] GC(6) Concurrent Mark
[2025-02-27T06:19:17.327+0700][gc,marking  ] GC(6) Concurrent Mark From Roots
[2025-02-27T06:19:17.327+0700][gc,task     ] GC(6) Using 2 workers of 2 for marking
[2025-02-27T06:19:17.331+0700][gc,marking  ] GC(6) Concurrent Mark From Roots 3.610ms
[2025-02-27T06:19:17.331+0700][gc,marking  ] GC(6) Concurrent Preclean
[2025-02-27T06:19:17.331+0700][gc,marking  ] GC(6) Concurrent Preclean 0.066ms
[2025-02-27T06:19:17.331+0700][gc,start    ] GC(6) Pause Remark
[2025-02-27T06:19:17.332+0700][gc          ] GC(6) Pause Remark 26M->26M(1024M) 1.481ms
[2025-02-27T06:19:17.332+0700][gc,cpu      ] GC(6) User=0.01s Sys=0.00s Real=0.00s
[2025-02-27T06:19:17.332+0700][gc,marking  ] GC(6) Concurrent Mark 5.399ms
[2025-02-27T06:19:17.332+0700][gc,marking  ] GC(6) Concurrent Rebuild Remembered Sets and Scrub Regions
[2025-02-27T06:19:17.335+0700][gc,marking  ] GC(6) Concurrent Rebuild Remembered Sets and Scrub Regions 2.961ms
[2025-02-27T06:19:17.335+0700][gc,start    ] GC(6) Pause Cleanup
[2025-02-27T06:19:17.336+0700][gc          ] GC(6) Pause Cleanup 26M->26M(1024M) 0.098ms
[2025-02-27T06:19:17.336+0700][gc,cpu      ] GC(6) User=0.00s Sys=0.00s Real=0.00s
[2025-02-27T06:19:17.336+0700][gc,marking  ] GC(6) Concurrent Clear Claimed Marks
[2025-02-27T06:19:17.336+0700][gc,marking  ] GC(6) Concurrent Clear Claimed Marks 0.022ms
[2025-02-27T06:19:17.336+0700][gc,marking  ] GC(6) Concurrent Cleanup for Next Mark
[2025-02-27T06:19:17.337+0700][gc,marking  ] GC(6) Concurrent Cleanup for Next Mark 1.037ms
[2025-02-27T06:19:17.337+0700][gc          ] GC(6) Concurrent Mark Cycle 13.216ms
[2025-02-27T06:19:18.071+0700][gc,start    ] GC(7) Pause Young (Prepare Mixed) (G1 Evacuation Pause)
[2025-02-27T06:19:18.071+0700][gc,task     ] GC(7) Using 8 workers of 8 for evacuation
[2025-02-27T06:19:18.075+0700][gc,phases   ] GC(7)   Pre Evacuate Collection Set: 0.2ms
[2025-02-27T06:19:18.075+0700][gc,phases   ] GC(7)   Merge Heap Roots: 0.1ms
[2025-02-27T06:19:18.075+0700][gc,phases   ] GC(7)   Evacuate Collection Set: 2.8ms
[2025-02-27T06:19:18.075+0700][gc,phases   ] GC(7)   Post Evacuate Collection Set: 0.3ms
[2025-02-27T06:19:18.075+0700][gc,phases   ] GC(7)   Other: 0.1ms
[2025-02-27T06:19:18.075+0700][gc,heap     ] GC(7) Eden regions: 49->0(44)
[2025-02-27T06:19:18.075+0700][gc,heap     ] GC(7) Survivor regions: 2->7(7)
[2025-02-27T06:19:18.075+0700][gc,heap     ] GC(7) Old regions: 14->14
[2025-02-27T06:19:18.075+0700][gc,heap     ] GC(7) Humongous regions: 144->144
[2025-02-27T06:19:18.075+0700][gc,metaspace] GC(7) Metaspace: 43118K(43584K)->43118K(43584K) NonClass: 38373K(38656K)->38373K(38656K) Class: 4745K(4928K)->4745K(4928K)
[2025-02-27T06:19:18.075+0700][gc          ] GC(7) Pause Young (Prepare Mixed) (G1 Evacuation Pause) 208M->164M(1024M) 3.681ms
[2025-02-27T06:19:18.075+0700][gc,cpu      ] GC(7) User=0.02s Sys=0.00s Real=0.00s
[2025-02-27T06:19:20.802+0700][gc,heap,exit] Heap
[2025-02-27T06:19:20.802+0700][gc,heap,exit]  garbage-first heap   total 1048576K, used 197845K [0x00000007c0000000, 0x0000000800000000)
[2025-02-27T06:19:20.803+0700][gc,heap,exit]   region size 1024K, 24 young (24576K), 7 survivors (7168K)
[2025-02-27T06:19:20.803+0700][gc,heap,exit]  Metaspace       used 44288K, committed 44736K, reserved 1114112K
[2025-02-27T06:19:20.803+0700][gc,heap,exit]   class space    used 4983K, committed 5184K, reserved 1048576K
