[2025-02-27T06:17:47.701+0700][gc,init] CardTable entry size: 512
[2025-02-27T06:17:47.701+0700][gc     ] Using G1
[2025-02-27T06:17:47.702+0700][gc,init] Version: 21.0.6+7-LTS (release)
[2025-02-27T06:17:47.702+0700][gc,init] CPUs: 8 total, 8 available
[2025-02-27T06:17:47.702+0700][gc,init] Memory: 8192M
[2025-02-27T06:17:47.702+0700][gc,init] Large Page Support: Disabled
[2025-02-27T06:17:47.702+0700][gc,init] NUMA Support: Disabled
[2025-02-27T06:17:47.702+0700][gc,init] Compressed Oops: Enabled (Zero based)
[2025-02-27T06:17:47.702+0700][gc,init] Heap Region Size: 1M
[2025-02-27T06:17:47.702+0700][gc,init] Heap Min Capacity: 1G
[2025-02-27T06:17:47.702+0700][gc,init] Heap Initial Capacity: 1G
[2025-02-27T06:17:47.702+0700][gc,init] Heap Max Capacity: 1G
[2025-02-27T06:17:47.702+0700][gc,init] Pre-touch: Disabled
[2025-02-27T06:17:47.702+0700][gc,init] Parallel Workers: 8
[2025-02-27T06:17:47.702+0700][gc,init] Concurrent Workers: 2
[2025-02-27T06:17:47.702+0700][gc,init] Concurrent Refinement Workers: 8
[2025-02-27T06:17:47.702+0700][gc,init] Periodic GC: Disabled
[2025-02-27T06:17:47.705+0700][gc,metaspace] CDS archive(s) mapped at: [0x0000007000000000-0x0000007000cf0000-0x0000007000cf0000), size 13565952, SharedBaseAddress: 0x0000007000000000, ArchiveRelocationMode: 1.
[2025-02-27T06:17:47.705+0700][gc,metaspace] Compressed class space mapped at: 0x0000007001000000-0x0000007041000000, reserved size: 1073741824
[2025-02-27T06:17:47.705+0700][gc,metaspace] Narrow klass base: 0x0000007000000000, Narrow klass shift: 0, Narrow klass range: 0x100000000
[2025-02-27T06:17:48.269+0700][gc,start    ] GC(0) Pause Young (Normal) (G1 Evacuation Pause)
[2025-02-27T06:17:48.269+0700][gc,task     ] GC(0) Using 8 workers of 8 for evacuation
[2025-02-27T06:17:48.272+0700][gc,phases   ] GC(0)   Pre Evacuate Collection Set: 0.1ms
[2025-02-27T06:17:48.272+0700][gc,phases   ] GC(0)   Merge Heap Roots: 0.0ms
[2025-02-27T06:17:48.272+0700][gc,phases   ] GC(0)   Evacuate Collection Set: 2.5ms
[2025-02-27T06:17:48.272+0700][gc,phases   ] GC(0)   Post Evacuate Collection Set: 0.2ms
[2025-02-27T06:17:48.272+0700][gc,phases   ] GC(0)   Other: 0.2ms
[2025-02-27T06:17:48.272+0700][gc,heap     ] GC(0) Eden regions: 51->0(44)
[2025-02-27T06:17:48.272+0700][gc,heap     ] GC(0) Survivor regions: 0->7(7)
[2025-02-27T06:17:48.272+0700][gc,heap     ] GC(0) Old regions: 2->4
[2025-02-27T06:17:48.272+0700][gc,heap     ] GC(0) Humongous regions: 0->0
[2025-02-27T06:17:48.272+0700][gc,metaspace] GC(0) Metaspace: 17321K(17600K)->17321K(17600K) NonClass: 15319K(15488K)->15319K(15488K) Class: 2002K(2112K)->2002K(2112K)
[2025-02-27T06:17:48.273+0700][gc          ] GC(0) Pause Young (Normal) (G1 Evacuation Pause) 52M->9M(1024M) 3.453ms
[2025-02-27T06:17:48.273+0700][gc,cpu      ] GC(0) User=0.01s Sys=0.00s Real=0.01s
[2025-02-27T06:17:48.341+0700][gc,start    ] GC(1) Pause Young (Concurrent Start) (Metadata GC Threshold)
[2025-02-27T06:17:48.341+0700][gc,task     ] GC(1) Using 8 workers of 8 for evacuation
[2025-02-27T06:17:48.343+0700][gc,phases   ] GC(1)   Pre Evacuate Collection Set: 0.1ms
[2025-02-27T06:17:48.343+0700][gc,phases   ] GC(1)   Merge Heap Roots: 0.0ms
[2025-02-27T06:17:48.343+0700][gc,phases   ] GC(1)   Evacuate Collection Set: 1.7ms
[2025-02-27T06:17:48.343+0700][gc,phases   ] GC(1)   Post Evacuate Collection Set: 0.1ms
[2025-02-27T06:17:48.343+0700][gc,phases   ] GC(1)   Other: 0.0ms
[2025-02-27T06:17:48.343+0700][gc,heap     ] GC(1) Eden regions: 13->0(49)
[2025-02-27T06:17:48.343+0700][gc,heap     ] GC(1) Survivor regions: 7->2(7)
[2025-02-27T06:17:48.343+0700][gc,heap     ] GC(1) Old regions: 4->11
[2025-02-27T06:17:48.343+0700][gc,heap     ] GC(1) Humongous regions: 0->0
[2025-02-27T06:17:48.343+0700][gc,metaspace] GC(1) Metaspace: 21333K(21504K)->21333K(21504K) NonClass: 19095K(19200K)->19095K(19200K) Class: 2238K(2304K)->2238K(2304K)
[2025-02-27T06:17:48.343+0700][gc          ] GC(1) Pause Young (Concurrent Start) (Metadata GC Threshold) 22M->11M(1024M) 2.217ms
[2025-02-27T06:17:48.343+0700][gc          ] GC(2) Concurrent Mark Cycle
[2025-02-27T06:17:48.343+0700][gc,cpu      ] GC(1) User=0.01s Sys=0.01s Real=0.00s
[2025-02-27T06:17:48.343+0700][gc,marking  ] GC(2) Concurrent Scan Root Regions
[2025-02-27T06:17:48.344+0700][gc,marking  ] GC(2) Concurrent Scan Root Regions 1.162ms
[2025-02-27T06:17:48.344+0700][gc,marking  ] GC(2) Concurrent Mark
[2025-02-27T06:17:48.344+0700][gc,marking  ] GC(2) Concurrent Mark From Roots
[2025-02-27T06:17:48.344+0700][gc,task     ] GC(2) Using 2 workers of 2 for marking
[2025-02-27T06:17:48.345+0700][gc,marking  ] GC(2) Concurrent Mark From Roots 1.090ms
[2025-02-27T06:17:48.345+0700][gc,marking  ] GC(2) Concurrent Preclean
[2025-02-27T06:17:48.345+0700][gc,marking  ] GC(2) Concurrent Preclean 0.006ms
[2025-02-27T06:17:48.345+0700][gc,start    ] GC(2) Pause Remark
[2025-02-27T06:17:48.346+0700][gc          ] GC(2) Pause Remark 11M->11M(1024M) 0.875ms
[2025-02-27T06:17:48.346+0700][gc,cpu      ] GC(2) User=0.00s Sys=0.00s Real=0.00s
[2025-02-27T06:17:48.346+0700][gc,marking  ] GC(2) Concurrent Mark 2.078ms
[2025-02-27T06:17:48.346+0700][gc,marking  ] GC(2) Concurrent Rebuild Remembered Sets and Scrub Regions
[2025-02-27T06:17:48.347+0700][gc,marking  ] GC(2) Concurrent Rebuild Remembered Sets and Scrub Regions 1.212ms
[2025-02-27T06:17:48.347+0700][gc,start    ] GC(2) Pause Cleanup
[2025-02-27T06:17:48.348+0700][gc          ] GC(2) Pause Cleanup 12M->12M(1024M) 0.066ms
[2025-02-27T06:17:48.348+0700][gc,cpu      ] GC(2) User=0.00s Sys=0.00s Real=0.00s
[2025-02-27T06:17:48.348+0700][gc,marking  ] GC(2) Concurrent Clear Claimed Marks
[2025-02-27T06:17:48.348+0700][gc,marking  ] GC(2) Concurrent Clear Claimed Marks 0.008ms
[2025-02-27T06:17:48.348+0700][gc,marking  ] GC(2) Concurrent Cleanup for Next Mark
[2025-02-27T06:17:48.349+0700][gc,marking  ] GC(2) Concurrent Cleanup for Next Mark 1.048ms
[2025-02-27T06:17:48.349+0700][gc          ] GC(2) Concurrent Mark Cycle 5.702ms
[2025-02-27T06:17:48.712+0700][gc,start    ] GC(3) Pause Young (Prepare Mixed) (G1 Evacuation Pause)
[2025-02-27T06:17:48.712+0700][gc,task     ] GC(3) Using 8 workers of 8 for evacuation
[2025-02-27T06:17:48.714+0700][gc,phases   ] GC(3)   Pre Evacuate Collection Set: 0.1ms
[2025-02-27T06:17:48.714+0700][gc,phases   ] GC(3)   Merge Heap Roots: 0.0ms
[2025-02-27T06:17:48.714+0700][gc,phases   ] GC(3)   Evacuate Collection Set: 1.7ms
[2025-02-27T06:17:48.714+0700][gc,phases   ] GC(3)   Post Evacuate Collection Set: 0.2ms
[2025-02-27T06:17:48.714+0700][gc,phases   ] GC(3)   Other: 0.0ms
[2025-02-27T06:17:48.714+0700][gc,heap     ] GC(3) Eden regions: 49->0(46)
[2025-02-27T06:17:48.714+0700][gc,heap     ] GC(3) Survivor regions: 2->5(7)
[2025-02-27T06:17:48.714+0700][gc,heap     ] GC(3) Old regions: 11->11
[2025-02-27T06:17:48.714+0700][gc,heap     ] GC(3) Humongous regions: 9->9
[2025-02-27T06:17:48.714+0700][gc,metaspace] GC(3) Metaspace: 32660K(32960K)->32660K(32960K) NonClass: 29138K(29312K)->29138K(29312K) Class: 3522K(3648K)->3522K(3648K)
[2025-02-27T06:17:48.714+0700][gc          ] GC(3) Pause Young (Prepare Mixed) (G1 Evacuation Pause) 69M->23M(1024M) 2.171ms
[2025-02-27T06:17:48.714+0700][gc,cpu      ] GC(3) User=0.01s Sys=0.00s Real=0.00s
[2025-02-27T06:17:48.802+0700][gc,start    ] GC(4) Pause Young (Mixed) (Metadata GC Threshold)
[2025-02-27T06:17:48.802+0700][gc,task     ] GC(4) Using 8 workers of 8 for evacuation
[2025-02-27T06:17:48.804+0700][gc,phases   ] GC(4)   Pre Evacuate Collection Set: 0.1ms
[2025-02-27T06:17:48.804+0700][gc,phases   ] GC(4)   Merge Heap Roots: 0.0ms
[2025-02-27T06:17:48.804+0700][gc,phases   ] GC(4)   Evacuate Collection Set: 1.8ms
[2025-02-27T06:17:48.804+0700][gc,phases   ] GC(4)   Post Evacuate Collection Set: 0.2ms
[2025-02-27T06:17:48.804+0700][gc,phases   ] GC(4)   Other: 0.0ms
[2025-02-27T06:17:48.804+0700][gc,heap     ] GC(4) Eden regions: 26->0(46)
[2025-02-27T06:17:48.804+0700][gc,heap     ] GC(4) Survivor regions: 5->5(7)
[2025-02-27T06:17:48.804+0700][gc,heap     ] GC(4) Old regions: 11->11
[2025-02-27T06:17:48.804+0700][gc,heap     ] GC(4) Humongous regions: 9->9
[2025-02-27T06:17:48.804+0700][gc,metaspace] GC(4) Metaspace: 35852K(36160K)->35852K(36160K) NonClass: 31993K(32128K)->31993K(32128K) Class: 3859K(4032K)->3859K(4032K)
[2025-02-27T06:17:48.804+0700][gc          ] GC(4) Pause Young (Mixed) (Metadata GC Threshold) 49M->24M(1024M) 2.286ms
[2025-02-27T06:17:48.804+0700][gc,cpu      ] GC(4) User=0.02s Sys=0.00s Real=0.00s
[2025-02-27T06:17:48.810+0700][gc,start    ] GC(5) Pause Young (Concurrent Start) (Metadata GC Threshold)
[2025-02-27T06:17:48.810+0700][gc,task     ] GC(5) Using 8 workers of 8 for evacuation
[2025-02-27T06:17:48.812+0700][gc,phases   ] GC(5)   Pre Evacuate Collection Set: 0.1ms
[2025-02-27T06:17:48.812+0700][gc,phases   ] GC(5)   Merge Heap Roots: 0.0ms
[2025-02-27T06:17:48.812+0700][gc,phases   ] GC(5)   Evacuate Collection Set: 1.6ms
[2025-02-27T06:17:48.812+0700][gc,phases   ] GC(5)   Post Evacuate Collection Set: 0.1ms
[2025-02-27T06:17:48.812+0700][gc,phases   ] GC(5)   Other: 0.0ms
[2025-02-27T06:17:48.812+0700][gc,heap     ] GC(5) Eden regions: 2->0(49)
[2025-02-27T06:17:48.812+0700][gc,heap     ] GC(5) Survivor regions: 5->2(7)
[2025-02-27T06:17:48.812+0700][gc,heap     ] GC(5) Old regions: 11->15
[2025-02-27T06:17:48.812+0700][gc,heap     ] GC(5) Humongous regions: 9->9
[2025-02-27T06:17:48.812+0700][gc,metaspace] GC(5) Metaspace: 36131K(36480K)->36131K(36480K) NonClass: 32231K(32448K)->32231K(32448K) Class: 3899K(4032K)->3899K(4032K)
[2025-02-27T06:17:48.812+0700][gc          ] GC(5) Pause Young (Concurrent Start) (Metadata GC Threshold) 26M->24M(1024M) 2.069ms
[2025-02-27T06:17:48.812+0700][gc          ] GC(6) Concurrent Mark Cycle
[2025-02-27T06:17:48.812+0700][gc,cpu      ] GC(5) User=0.01s Sys=0.00s Real=0.00s
[2025-02-27T06:17:48.812+0700][gc,marking  ] GC(6) Concurrent Scan Root Regions
[2025-02-27T06:17:48.813+0700][gc,marking  ] GC(6) Concurrent Scan Root Regions 1.032ms
[2025-02-27T06:17:48.813+0700][gc,marking  ] GC(6) Concurrent Mark
[2025-02-27T06:17:48.813+0700][gc,marking  ] GC(6) Concurrent Mark From Roots
[2025-02-27T06:17:48.813+0700][gc,task     ] GC(6) Using 2 workers of 2 for marking
[2025-02-27T06:17:48.817+0700][gc,marking  ] GC(6) Concurrent Mark From Roots 3.598ms
[2025-02-27T06:17:48.817+0700][gc,marking  ] GC(6) Concurrent Preclean
[2025-02-27T06:17:48.817+0700][gc,marking  ] GC(6) Concurrent Preclean 0.084ms
[2025-02-27T06:17:48.817+0700][gc,start    ] GC(6) Pause Remark
[2025-02-27T06:17:48.818+0700][gc          ] GC(6) Pause Remark 25M->25M(1024M) 1.105ms
[2025-02-27T06:17:48.818+0700][gc,cpu      ] GC(6) User=0.01s Sys=0.00s Real=0.00s
[2025-02-27T06:17:48.818+0700][gc,marking  ] GC(6) Concurrent Mark 5.028ms
[2025-02-27T06:17:48.818+0700][gc,marking  ] GC(6) Concurrent Rebuild Remembered Sets and Scrub Regions
[2025-02-27T06:17:48.822+0700][gc,marking  ] GC(6) Concurrent Rebuild Remembered Sets and Scrub Regions 3.888ms
[2025-02-27T06:17:48.822+0700][gc,start    ] GC(6) Pause Cleanup
[2025-02-27T06:17:48.822+0700][gc          ] GC(6) Pause Cleanup 26M->26M(1024M) 0.103ms
[2025-02-27T06:17:48.822+0700][gc,cpu      ] GC(6) User=0.00s Sys=0.00s Real=0.00s
[2025-02-27T06:17:48.823+0700][gc,marking  ] GC(6) Concurrent Clear Claimed Marks
[2025-02-27T06:17:48.823+0700][gc,marking  ] GC(6) Concurrent Clear Claimed Marks 0.062ms
[2025-02-27T06:17:48.823+0700][gc,marking  ] GC(6) Concurrent Cleanup for Next Mark
[2025-02-27T06:17:48.824+0700][gc,marking  ] GC(6) Concurrent Cleanup for Next Mark 0.987ms
[2025-02-27T06:17:48.824+0700][gc          ] GC(6) Concurrent Mark Cycle 11.401ms
[2025-02-27T06:17:49.544+0700][gc,start    ] GC(7) Pause Young (Prepare Mixed) (G1 Evacuation Pause)
[2025-02-27T06:17:49.545+0700][gc,task     ] GC(7) Using 8 workers of 8 for evacuation
[2025-02-27T06:17:49.549+0700][gc,phases   ] GC(7)   Pre Evacuate Collection Set: 0.3ms
[2025-02-27T06:17:49.549+0700][gc,phases   ] GC(7)   Merge Heap Roots: 0.1ms
[2025-02-27T06:17:49.549+0700][gc,phases   ] GC(7)   Evacuate Collection Set: 3.5ms
[2025-02-27T06:17:49.549+0700][gc,phases   ] GC(7)   Post Evacuate Collection Set: 0.4ms
[2025-02-27T06:17:49.549+0700][gc,phases   ] GC(7)   Other: 0.1ms
[2025-02-27T06:17:49.549+0700][gc,heap     ] GC(7) Eden regions: 49->0(44)
[2025-02-27T06:17:49.549+0700][gc,heap     ] GC(7) Survivor regions: 2->7(7)
[2025-02-27T06:17:49.549+0700][gc,heap     ] GC(7) Old regions: 15->15
[2025-02-27T06:17:49.549+0700][gc,heap     ] GC(7) Humongous regions: 144->144
[2025-02-27T06:17:49.549+0700][gc,metaspace] GC(7) Metaspace: 42967K(43456K)->42967K(43456K) NonClass: 38243K(38528K)->38243K(38528K) Class: 4724K(4928K)->4724K(4928K)
[2025-02-27T06:17:49.549+0700][gc          ] GC(7) Pause Young (Prepare Mixed) (G1 Evacuation Pause) 208M->165M(1024M) 4.588ms
[2025-02-27T06:17:49.549+0700][gc,cpu      ] GC(7) User=0.02s Sys=0.01s Real=0.00s
[2025-02-27T06:18:02.485+0700][gc,heap,exit] Heap
[2025-02-27T06:18:02.485+0700][gc,heap,exit]  garbage-first heap   total 1048576K, used 199696K [0x00000007c0000000, 0x0000000800000000)
[2025-02-27T06:18:02.485+0700][gc,heap,exit]   region size 1024K, 25 young (25600K), 7 survivors (7168K)
[2025-02-27T06:18:02.485+0700][gc,heap,exit]  Metaspace       used 44423K, committed 44928K, reserved 1114112K
[2025-02-27T06:18:02.485+0700][gc,heap,exit]   class space    used 4990K, committed 5184K, reserved 1048576K
